******************************************************************************
                  TI ARM Linker Unix v18.1.1                   
******************************************************************************
>> Linked Fri Apr  6 22:26:25 2018

OUTPUT FILE NAME:   <FreeRTOS_tiva_demo.out>
ENTRY POINT SYMBOL: "_c_int00_noargs"  address: 00004b4d


MEMORY CONFIGURATION

         name            origin    length      used     unused   attr    fill
----------------------  --------  ---------  --------  --------  ----  --------
  FLASH                 00000000   00100000  00004f1a  000fb0e6  R  X
  SRAM                  20000000   00040000  0000c964  0003369c  RW X


SEGMENT ALLOCATION MAP

run origin  load origin   length   init length attrs members
----------  ----------- ---------- ----------- ----- -------
00000000    00000000    00004f20   00004f20    r-x
  00000000    00000000    00000208   00000208    r-- .intvecs
  00000208    00000208    000049aa   000049aa    r-x .text
  00004bb4    00004bb4    00000320   00000320    r-- .const
  00004ed8    00004ed8    00000048   00000048    r-- .cinit
20000000    20000000    0000c968   00000000    rw-
  20000000    20000000    0000026c   00000000    rw- .vtable
  2000026c    2000026c    0000c4a0   00000000    rw- .bss
  2000c710    2000c710    00000200   00000000    rw- .stack
  2000c910    2000c910    00000058   00000000    rw- .data


SECTION ALLOCATION MAP

 output                                  attributes/
section   page    origin      length       input sections
--------  ----  ----------  ----------   ----------------
.intvecs   0    00000000    00000208     
                  00000000    00000208     tm4c1294ncpdt_startup_ccs.obj (.intvecs)

.text      0    00000208    000049aa     
                  00000208    000017b0     tasks.obj (.text)
                  000019b8    0000114c     gpio.obj (.text)
                  00002b04    00000ad0     queue.obj (.text)
                  000035d4    00000578     timers.obj (.text)
                  00003b4c    00000490     interrupt.obj (.text)
                  00003fdc    00000324     pinout.obj (.text)
                  00004300    000001b8     heap_2.obj (.text)
                  000044b8    00000168     main.obj (.text)
                  00004620    0000012c     port.obj (.text)
                  0000474c    0000012a     list.obj (.text)
                  00004876    00000002     --HOLE-- [fill = 0]
                  00004878    000000d2     portasm.obj (.text)
                  0000494a    0000009c     rtsv7M4_T_le_v4SPD16_eabi.lib : memcpy_t2.asm.obj (.text)
                  000049e6    0000007a                                   : memset_t2.asm.obj (.text)
                  00004a60    00000068                                   : copy_decompress_lzss.c.obj (.text:decompress:lzss:__TI_decompress_lzss)
                  00004ac8    00000044                                   : autoinit.c.obj (.text:__TI_auto_init_nobinit_nopinit:__TI_auto_init_nobinit_nopinit)
                  00004b0c    0000003e     cpu.obj (.text)
                  00004b4a    00000002     --HOLE-- [fill = 0]
                  00004b4c    00000038     rtsv7M4_T_le_v4SPD16_eabi.lib : boot_cortex_m.c.obj (.text:_c_int00_noargs:_c_int00_noargs)
                  00004b84    0000000e                                   : copy_decompress_none.c.obj (.text:decompress:none:__TI_decompress_none)
                  00004b92    0000000c                                   : copy_zero_init.c.obj (.text:decompress:ZI:__TI_zero_init)
                  00004b9e    0000000c     tm4c1294ncpdt_startup_ccs.obj (.text)
                  00004baa    00000004     rtsv7M4_T_le_v4SPD16_eabi.lib : pre_init.c.obj (.text:_system_pre_init)
                  00004bae    00000004                                   : exit.c.obj (.text:abort:abort)

.const     0    00004bb4    00000320     
                  00004bb4    000000c0     gpio.obj (.const:g_ppui32GPIOIntMapBlizzard)
                  00004c74    000000c0     gpio.obj (.const:g_ppui32GPIOIntMapSnowflake)
                  00004d34    0000009c     interrupt.obj (.const:g_pui32Regs)
                  00004dd0    00000090     gpio.obj (.const:g_pui32GPIOBaseAddrs)
                  00004e60    00000020     interrupt.obj (.const:g_pui32Priority)
                  00004e80    00000014     interrupt.obj (.const:g_pui32Dii16Regs)
                  00004e94    00000014     interrupt.obj (.const:g_pui32EnRegs)
                  00004ea8    00000014     interrupt.obj (.const:g_pui32PendRegs)
                  00004ebc    00000014     interrupt.obj (.const:g_pui32UnpendRegs)
                  00004ed0    00000004     port.obj (.const)

.cinit     0    00004ed8    00000048     
                  00004ed8    0000000f     (.cinit..data.load) [load image, compression = lzss]
                  00004ee7    00000001     --HOLE-- [fill = 0]
                  00004ee8    0000000c     (__TI_handler_table)
                  00004ef4    00000004     --HOLE-- [fill = 0]
                  00004ef8    00000008     (.cinit..bss.load) [load image, compression = zero_init]
                  00004f00    00000008     (.cinit..vtable.load) [load image, compression = zero_init]
                  00004f08    00000018     (__TI_cinit_table)

.init_array 
*          0    00000000    00000000     UNINITIALIZED

.vtable    0    20000000    0000026c     UNINITIALIZED
                  20000000    0000026c     interrupt.obj (.vtable)

.bss       0    2000026c    0000c4a0     UNINITIALIZED
                  2000026c    0000c350     heap_2.obj (.bss:ucHeap)
                  2000c5bc    00000064     tasks.obj (.bss:pxReadyTasksLists)
                  2000c620    00000040     (.common:xQueueRegistry)
                  2000c660    00000014     timers.obj (.bss:xActiveTimerList1)
                  2000c674    00000014     timers.obj (.bss:xActiveTimerList2)
                  2000c688    00000014     tasks.obj (.bss:xDelayedTaskList1)
                  2000c69c    00000014     tasks.obj (.bss:xDelayedTaskList2)
                  2000c6b0    00000014     tasks.obj (.bss:xPendingReadyList)
                  2000c6c4    00000014     tasks.obj (.bss:xSuspendedTaskList)
                  2000c6d8    00000014     tasks.obj (.bss:xTasksWaitingTermination)
                  2000c6ec    00000008     tasks.obj (.bss)
                  2000c6f4    00000008     timers.obj (.bss)
                  2000c6fc    00000008     heap_2.obj (.bss:xEnd)
                  2000c704    00000008     heap_2.obj (.bss:xStart)

.data      0    2000c910    00000058     UNINITIALIZED
                  2000c910    00000034     tasks.obj (.data)
                  2000c944    0000000c     main.obj (.data)
                  2000c950    0000000c     timers.obj (.data)
                  2000c95c    00000008     heap_2.obj (.data)
                  2000c964    00000004     port.obj (.data)

.stack     0    2000c710    00000200     UNINITIALIZED
                  2000c710    00000004     rtsv7M4_T_le_v4SPD16_eabi.lib : boot_cortex_m.c.obj (.stack)
                  2000c714    000001fc     --HOLE--

MODULE SUMMARY

       Module                          code    ro data   rw data
       ------                          ----    -------   -------
    ./
       tm4c1294ncpdt_startup_ccs.obj   12      520       0      
       main.obj                        360     0         12     
    +--+-------------------------------+-------+---------+---------+
       Total:                          372     520       12     
                                                                
    ./FreeRTOS/
       tasks.obj                       6064    0         260    
       queue.obj                       2768    0         64     
       timers.obj                      1400    0         60     
       list.obj                        298     0         0      
    +--+-------------------------------+-------+---------+---------+
       Total:                          10530   0         384    
                                                                
    ./FreeRTOS/portable/CCS/ARM_CM4F/
       port.obj                        300     4         4      
       portasm.obj                     210     0         0      
    +--+-------------------------------+-------+---------+---------+
       Total:                          510     4         4      
                                                                
    ./FreeRTOS/portable/MemMang/
       heap_2.obj                      440     0         50024  
    +--+-------------------------------+-------+---------+---------+
       Total:                          440     0         50024  
                                                                
    ./driverlib/
       gpio.obj                        4428    528       0      
       interrupt.obj                   1168    268       620    
       cpu.obj                         62      0         0      
    +--+-------------------------------+-------+---------+---------+
       Total:                          5658    796       620    
                                                                
    ./drivers/
       pinout.obj                      804     0         0      
    +--+-------------------------------+-------+---------+---------+
       Total:                          804     0         0      
                                                                
    /Users/yuch0605/Documents/Appications/ti/ccsv8/tools/compiler/ti-cgt-arm_18.1.1.LTS/lib/rtsv7M4_T_le_v4SPD16_eabi.lib
       memcpy_t2.asm.obj               156     0         0      
       memset_t2.asm.obj               122     0         0      
       copy_decompress_lzss.c.obj      104     0         0      
       autoinit.c.obj                  68      0         0      
       boot_cortex_m.c.obj             56      0         0      
       copy_decompress_none.c.obj      14      0         0      
       copy_zero_init.c.obj            12      0         0      
       exit.c.obj                      4       0         0      
       pre_init.c.obj                  4       0         0      
    +--+-------------------------------+-------+---------+---------+
       Total:                          540     0         0      
                                                                
       Stack:                          0       0         512    
       Linker Generated:               0       67        0      
    +--+-------------------------------+-------+---------+---------+
       Grand Total:                    18854   1387      51556  


LINKER GENERATED COPY TABLES

__TI_cinit_table @ 00004f08 records: 3, size/record: 8, table size: 24
	.data: load addr=00004ed8, load size=0000000f bytes, run addr=2000c910, run size=00000058 bytes, compression=lzss
	.bss: load addr=00004ef8, load size=00000008 bytes, run addr=2000026c, run size=0000c4a0 bytes, compression=zero_init
	.vtable: load addr=00004f00, load size=00000008 bytes, run addr=20000000, run size=0000026c bytes, compression=zero_init


LINKER GENERATED HANDLER TABLE

__TI_handler_table @ 00004ee8 records: 3, size/record: 4, table size: 12
	index: 0, handler: __TI_zero_init
	index: 1, handler: __TI_decompress_lzss
	index: 2, handler: __TI_decompress_none


GLOBAL SYMBOLS: SORTED ALPHABETICALLY BY Name 

address   name                             
-------   ----                             
00004baf  C$$EXIT                          
00004b41  CPUbasepriGet                    
00004b33  CPUbasepriSet                    
00004b0d  CPUcpsid                         
00004b23  CPUcpsie                         
00004b19  CPUprimask                       
00004b2f  CPUwfi                           
00002acd  GPIOADCTriggerDisable            
00002aa1  GPIOADCTriggerEnable             
00002a75  GPIODMATriggerDisable            
00002a49  GPIODMATriggerEnable             
00001b95  GPIODirModeGet                   
00001b11  GPIODirModeSet                   
000022cd  GPIOIntClear                     
00002275  GPIOIntDisable                   
0000224d  GPIOIntEnable                    
000022ef  GPIOIntRegister                  
0000229d  GPIOIntStatus                    
00001d5d  GPIOIntTypeGet                   
00001c61  GPIOIntTypeSet                   
0000232d  GPIOIntUnregister                
000020d5  GPIOPadConfigGet                 
00001e1b  GPIOPadConfigSet                 
000029c3  GPIOPinConfigure                 
00002367  GPIOPinRead                      
000023bf  GPIOPinTypeADC                   
000023f5  GPIOPinTypeCAN                   
0000297d  GPIOPinTypeCIR                   
0000242b  GPIOPinTypeComparator            
00002461  GPIOPinTypeEPI                   
00002497  GPIOPinTypeEthernetLED           
000024cd  GPIOPinTypeEthernetMII           
00002503  GPIOPinTypeGPIOInput             
00002539  GPIOPinTypeGPIOOutput            
0000256f  GPIOPinTypeGPIOOutputOD          
000025a5  GPIOPinTypeI2C                   
000025db  GPIOPinTypeI2CSCL                
0000290d  GPIOPinTypeKBColumn              
000028d7  GPIOPinTypeKBRow                 
00002611  GPIOPinTypeLCD                   
00002943  GPIOPinTypeLEDSeq                
00002647  GPIOPinTypeLPC                   
00002681  GPIOPinTypePECIRx                
000026b7  GPIOPinTypePECITx                
000026ed  GPIOPinTypePWM                   
00002723  GPIOPinTypeQEI                   
00002759  GPIOPinTypeSSI                   
0000278f  GPIOPinTypeTimer                 
000027c5  GPIOPinTypeUART                  
000027fb  GPIOPinTypeUSBAnalog             
00002831  GPIOPinTypeUSBDigital            
00002867  GPIOPinTypeWakeHigh              
0000289f  GPIOPinTypeWakeLow               
000029b3  GPIOPinWakeStatus                
00002391  GPIOPinWrite                     
00003d79  IntDisable                       
00003cfb  IntEnable                        
00003e01  IntIsEnabled                     
00003b5f  IntMasterDisable                 
00003b4f  IntMasterEnable                  
00003f25  IntPendClear                     
00003eb5  IntPendSet                       
00003cc5  IntPriorityGet                   
00003c2b  IntPriorityGroupingGet           
00003c05  IntPriorityGroupingSet           
00003f8b  IntPriorityMaskGet               
00003f7f  IntPriorityMaskSet               
00003c63  IntPrioritySet                   
00003b6f  IntRegister                      
00003f93  IntTrigger                       
00003be5  IntUnregister                    
2000c948  LED1_status                      
2000c94c  LED4_status                      
0000423f  LEDRead                          
000041af  LEDWrite                         
00003fdd  PinoutSet                        
00004b9f  ResetISR                         
2000c910  __STACK_END                      
00000200  __STACK_SIZE                     
2000c910  __STACK_TOP                      
00004f08  __TI_CINIT_Base                  
00004f20  __TI_CINIT_Limit                 
00004ee8  __TI_Handler_Table_Base          
00004ef4  __TI_Handler_Table_Limit         
00004ac9  __TI_auto_init_nobinit_nopinit   
00004a61  __TI_decompress_lzss             
00004b85  __TI_decompress_none             
ffffffff  __TI_pprof_out_hndl              
ffffffff  __TI_prof_data_size              
ffffffff  __TI_prof_data_start             
00000000  __TI_static_base__               
00004b93  __TI_zero_init                   
000049e7  __aeabi_memclr                   
000049e7  __aeabi_memclr4                  
000049e7  __aeabi_memclr8                  
0000494b  __aeabi_memcpy                   
0000494b  __aeabi_memcpy4                  
0000494b  __aeabi_memcpy8                  
000049e9  __aeabi_memset                   
000049e9  __aeabi_memset4                  
000049e9  __aeabi_memset8                  
ffffffff  __binit__                        
ffffffff  __c_args__                       
000045cd  __error__                        
UNDEFED   __mpu_init                       
2000c710  __stack                          
00004b4d  _c_int00_noargs                  
UNDEFED   _system_post_cinit               
00004bab  _system_pre_init                 
00004baf  abort                            
ffffffff  binit                            
2000c944  count                            
0000057d  eTaskGetState                    
20000000  g_pfnRAMVectors                  
00000000  g_pfnVectors                     
0000452b  main                             
0000494b  memcpy                           
000049ef  memset                           
000034ed  pcQueueGetName                   
00000b3f  pcTaskGetName                    
0000370f  pcTimerGetName                   
00004301  pvPortMalloc                     
000014c7  pvTaskIncrementMutexHeldCount    
00003afd  pvTimerGetTimerID                
2000c910  pxCurrentTCB                     
00004621  pxPortInitialiseStack            
000044b9  timerCallback                    
00004501  timerInitialize                  
0000326d  ucQueueGetQueueType              
00004ed0  ulMaxSyscallInterruptPriority    
00004889  ulPortGetIPSR                    
000014df  ulTaskNotifyTake                 
0000482f  uxListRemove                     
0000324d  uxQueueGetQueueNumber            
000031ef  uxQueueMessagesWaiting           
00003225  uxQueueMessagesWaitingFromISR    
00003205  uxQueueSpacesAvailable           
00000b39  uxTaskGetNumberOfTasks           
00000b65  uxTaskGetSystemState             
00001009  uxTaskGetTaskNumber              
00000611  uxTaskPriorityGet                
00000641  uxTaskPriorityGetFromISR         
000014a5  uxTaskResetEventItemValue        
0000474d  vListInitialise                  
0000477d  vListInitialiseItem              
000047c9  vListInsert                      
0000478d  vListInsertEnd                   
0000493d  vPortEnableVFP                   
000046c1  vPortEndScheduler                
000046c3  vPortEnterCritical               
000046e3  vPortExitCritical                
000043f9  vPortFree                        
0000445d  vPortInitialiseBlocks            
00004901  vPortSVCHandler                  
0000471f  vPortSetupTimerInterrupt         
00004921  vPortStartFirstTask              
000034ab  vQueueAddToRegistry              
00003237  vQueueDelete                     
0000325b  vQueueSetQueueNumber             
0000352d  vQueueUnregisterQueue            
00003571  vQueueWaitForMessageRestricted   
00000541  vTaskDelay                       
000004b1  vTaskDelayUntil                  
00000403  vTaskDelete                      
000009ff  vTaskEndScheduler                
0000111d  vTaskGetInfo                     
00000ff7  vTaskMissedYield                 
0000180b  vTaskNotifyGiveFromISR           
00000de5  vTaskPlaceOnEventList            
00000e2b  vTaskPlaceOnEventListRestricted  
00000e01  vTaskPlaceOnUnorderedEventList   
00001345  vTaskPriorityInherit             
0000068d  vTaskPrioritySet                 
000008a1  vTaskResume                      
00001029  vTaskSetTaskNumber               
00000f59  vTaskSetTimeOutState             
000009a9  vTaskStartScheduler              
000007a1  vTaskSuspend                     
00000a1b  vTaskSuspendAll                  
00000d7d  vTaskSwitchContext               
00004589  vTask_1                          
000045ab  vTask_2                          
00003b17  vTimerSetTimerID                 
00004457  xPortGetFreeHeapSize             
000048a1  xPortPendSVHandler               
0000468b  xPortStartScheduler              
000046f9  xPortSysTickHandler              
00002d0d  xQueueCreateCountingSemaphore    
00002c5d  xQueueCreateMutex                
00002ba3  xQueueGenericCreate              
00002f85  xQueueGenericReceive             
00002b05  xQueueGenericReset               
00002d2d  xQueueGenericSend                
00002e59  xQueueGenericSendFromISR         
00002ef3  xQueueGiveFromISR                
00002c89  xQueueGiveMutexRecursive         
00003447  xQueueIsQueueEmptyFromISR        
00003489  xQueueIsQueueFullFromISR         
0000319d  xQueuePeekFromISR                
00003105  xQueueReceiveFromISR             
2000c620  xQueueRegistry                   
00002cc5  xQueueTakeMutexRecursive         
00000f7d  xTaskCheckForTimeOut             
00000209  xTaskCreate                      
00001615  xTaskGenericNotify               
00001701  xTaskGenericNotifyFromISR        
000012e5  xTaskGetCurrentTaskHandle        
000012f9  xTaskGetSchedulerState           
00000b15  xTaskGetTickCount                
00000b25  xTaskGetTickCountFromISR         
00000c59  xTaskIncrementTick               
000018b9  xTaskNotifyStateClear            
00001565  xTaskNotifyWait                  
00001407  xTaskPriorityDisinherit          
00000e65  xTaskRemoveFromEventList         
00000ee5  xTaskRemoveFromUnorderedEventList
00000a31  xTaskResumeAll                   
0000091b  xTaskResumeFromISR               
00003601  xTimerCreate                     
000035d5  xTimerCreateTimerTask            
00003675  xTimerGenericCommand             
000036f9  xTimerGetExpiryTime              
000036e7  xTimerGetPeriod                  
000036e1  xTimerGetTimerDaemonTaskHandle   
00003ad1  xTimerIsTimerActive              


GLOBAL SYMBOLS: SORTED BY Symbol Address 

address   name                             
-------   ----                             
00000000  __TI_static_base__               
00000000  g_pfnVectors                     
00000200  __STACK_SIZE                     
00000209  xTaskCreate                      
00000403  vTaskDelete                      
000004b1  vTaskDelayUntil                  
00000541  vTaskDelay                       
0000057d  eTaskGetState                    
00000611  uxTaskPriorityGet                
00000641  uxTaskPriorityGetFromISR         
0000068d  vTaskPrioritySet                 
000007a1  vTaskSuspend                     
000008a1  vTaskResume                      
0000091b  xTaskResumeFromISR               
000009a9  vTaskStartScheduler              
000009ff  vTaskEndScheduler                
00000a1b  vTaskSuspendAll                  
00000a31  xTaskResumeAll                   
00000b15  xTaskGetTickCount                
00000b25  xTaskGetTickCountFromISR         
00000b39  uxTaskGetNumberOfTasks           
00000b3f  pcTaskGetName                    
00000b65  uxTaskGetSystemState             
00000c59  xTaskIncrementTick               
00000d7d  vTaskSwitchContext               
00000de5  vTaskPlaceOnEventList            
00000e01  vTaskPlaceOnUnorderedEventList   
00000e2b  vTaskPlaceOnEventListRestricted  
00000e65  xTaskRemoveFromEventList         
00000ee5  xTaskRemoveFromUnorderedEventList
00000f59  vTaskSetTimeOutState             
00000f7d  xTaskCheckForTimeOut             
00000ff7  vTaskMissedYield                 
00001009  uxTaskGetTaskNumber              
00001029  vTaskSetTaskNumber               
0000111d  vTaskGetInfo                     
000012e5  xTaskGetCurrentTaskHandle        
000012f9  xTaskGetSchedulerState           
00001345  vTaskPriorityInherit             
00001407  xTaskPriorityDisinherit          
000014a5  uxTaskResetEventItemValue        
000014c7  pvTaskIncrementMutexHeldCount    
000014df  ulTaskNotifyTake                 
00001565  xTaskNotifyWait                  
00001615  xTaskGenericNotify               
00001701  xTaskGenericNotifyFromISR        
0000180b  vTaskNotifyGiveFromISR           
000018b9  xTaskNotifyStateClear            
00001b11  GPIODirModeSet                   
00001b95  GPIODirModeGet                   
00001c61  GPIOIntTypeSet                   
00001d5d  GPIOIntTypeGet                   
00001e1b  GPIOPadConfigSet                 
000020d5  GPIOPadConfigGet                 
0000224d  GPIOIntEnable                    
00002275  GPIOIntDisable                   
0000229d  GPIOIntStatus                    
000022cd  GPIOIntClear                     
000022ef  GPIOIntRegister                  
0000232d  GPIOIntUnregister                
00002367  GPIOPinRead                      
00002391  GPIOPinWrite                     
000023bf  GPIOPinTypeADC                   
000023f5  GPIOPinTypeCAN                   
0000242b  GPIOPinTypeComparator            
00002461  GPIOPinTypeEPI                   
00002497  GPIOPinTypeEthernetLED           
000024cd  GPIOPinTypeEthernetMII           
00002503  GPIOPinTypeGPIOInput             
00002539  GPIOPinTypeGPIOOutput            
0000256f  GPIOPinTypeGPIOOutputOD          
000025a5  GPIOPinTypeI2C                   
000025db  GPIOPinTypeI2CSCL                
00002611  GPIOPinTypeLCD                   
00002647  GPIOPinTypeLPC                   
00002681  GPIOPinTypePECIRx                
000026b7  GPIOPinTypePECITx                
000026ed  GPIOPinTypePWM                   
00002723  GPIOPinTypeQEI                   
00002759  GPIOPinTypeSSI                   
0000278f  GPIOPinTypeTimer                 
000027c5  GPIOPinTypeUART                  
000027fb  GPIOPinTypeUSBAnalog             
00002831  GPIOPinTypeUSBDigital            
00002867  GPIOPinTypeWakeHigh              
0000289f  GPIOPinTypeWakeLow               
000028d7  GPIOPinTypeKBRow                 
0000290d  GPIOPinTypeKBColumn              
00002943  GPIOPinTypeLEDSeq                
0000297d  GPIOPinTypeCIR                   
000029b3  GPIOPinWakeStatus                
000029c3  GPIOPinConfigure                 
00002a49  GPIODMATriggerEnable             
00002a75  GPIODMATriggerDisable            
00002aa1  GPIOADCTriggerEnable             
00002acd  GPIOADCTriggerDisable            
00002b05  xQueueGenericReset               
00002ba3  xQueueGenericCreate              
00002c5d  xQueueCreateMutex                
00002c89  xQueueGiveMutexRecursive         
00002cc5  xQueueTakeMutexRecursive         
00002d0d  xQueueCreateCountingSemaphore    
00002d2d  xQueueGenericSend                
00002e59  xQueueGenericSendFromISR         
00002ef3  xQueueGiveFromISR                
00002f85  xQueueGenericReceive             
00003105  xQueueReceiveFromISR             
0000319d  xQueuePeekFromISR                
000031ef  uxQueueMessagesWaiting           
00003205  uxQueueSpacesAvailable           
00003225  uxQueueMessagesWaitingFromISR    
00003237  vQueueDelete                     
0000324d  uxQueueGetQueueNumber            
0000325b  vQueueSetQueueNumber             
0000326d  ucQueueGetQueueType              
00003447  xQueueIsQueueEmptyFromISR        
00003489  xQueueIsQueueFullFromISR         
000034ab  vQueueAddToRegistry              
000034ed  pcQueueGetName                   
0000352d  vQueueUnregisterQueue            
00003571  vQueueWaitForMessageRestricted   
000035d5  xTimerCreateTimerTask            
00003601  xTimerCreate                     
00003675  xTimerGenericCommand             
000036e1  xTimerGetTimerDaemonTaskHandle   
000036e7  xTimerGetPeriod                  
000036f9  xTimerGetExpiryTime              
0000370f  pcTimerGetName                   
00003ad1  xTimerIsTimerActive              
00003afd  pvTimerGetTimerID                
00003b17  vTimerSetTimerID                 
00003b4f  IntMasterEnable                  
00003b5f  IntMasterDisable                 
00003b6f  IntRegister                      
00003be5  IntUnregister                    
00003c05  IntPriorityGroupingSet           
00003c2b  IntPriorityGroupingGet           
00003c63  IntPrioritySet                   
00003cc5  IntPriorityGet                   
00003cfb  IntEnable                        
00003d79  IntDisable                       
00003e01  IntIsEnabled                     
00003eb5  IntPendSet                       
00003f25  IntPendClear                     
00003f7f  IntPriorityMaskSet               
00003f8b  IntPriorityMaskGet               
00003f93  IntTrigger                       
00003fdd  PinoutSet                        
000041af  LEDWrite                         
0000423f  LEDRead                          
00004301  pvPortMalloc                     
000043f9  vPortFree                        
00004457  xPortGetFreeHeapSize             
0000445d  vPortInitialiseBlocks            
000044b9  timerCallback                    
00004501  timerInitialize                  
0000452b  main                             
00004589  vTask_1                          
000045ab  vTask_2                          
000045cd  __error__                        
00004621  pxPortInitialiseStack            
0000468b  xPortStartScheduler              
000046c1  vPortEndScheduler                
000046c3  vPortEnterCritical               
000046e3  vPortExitCritical                
000046f9  xPortSysTickHandler              
0000471f  vPortSetupTimerInterrupt         
0000474d  vListInitialise                  
0000477d  vListInitialiseItem              
0000478d  vListInsertEnd                   
000047c9  vListInsert                      
0000482f  uxListRemove                     
00004889  ulPortGetIPSR                    
000048a1  xPortPendSVHandler               
00004901  vPortSVCHandler                  
00004921  vPortStartFirstTask              
0000493d  vPortEnableVFP                   
0000494b  __aeabi_memcpy                   
0000494b  __aeabi_memcpy4                  
0000494b  __aeabi_memcpy8                  
0000494b  memcpy                           
000049e7  __aeabi_memclr                   
000049e7  __aeabi_memclr4                  
000049e7  __aeabi_memclr8                  
000049e9  __aeabi_memset                   
000049e9  __aeabi_memset4                  
000049e9  __aeabi_memset8                  
000049ef  memset                           
00004a61  __TI_decompress_lzss             
00004ac9  __TI_auto_init_nobinit_nopinit   
00004b0d  CPUcpsid                         
00004b19  CPUprimask                       
00004b23  CPUcpsie                         
00004b2f  CPUwfi                           
00004b33  CPUbasepriSet                    
00004b41  CPUbasepriGet                    
00004b4d  _c_int00_noargs                  
00004b85  __TI_decompress_none             
00004b93  __TI_zero_init                   
00004b9f  ResetISR                         
00004bab  _system_pre_init                 
00004baf  C$$EXIT                          
00004baf  abort                            
00004ed0  ulMaxSyscallInterruptPriority    
00004ee8  __TI_Handler_Table_Base          
00004ef4  __TI_Handler_Table_Limit         
00004f08  __TI_CINIT_Base                  
00004f20  __TI_CINIT_Limit                 
20000000  g_pfnRAMVectors                  
2000c620  xQueueRegistry                   
2000c710  __stack                          
2000c910  __STACK_END                      
2000c910  __STACK_TOP                      
2000c910  pxCurrentTCB                     
2000c944  count                            
2000c948  LED1_status                      
2000c94c  LED4_status                      
ffffffff  __TI_pprof_out_hndl              
ffffffff  __TI_prof_data_size              
ffffffff  __TI_prof_data_start             
ffffffff  __binit__                        
ffffffff  __c_args__                       
ffffffff  binit                            
UNDEFED   __mpu_init                       
UNDEFED   _system_post_cinit               

[225 symbols]
