<?xml version="1.0" encoding="ISO-8859-1" ?>
<link_info>
   <banner>TI ARM Linker Unix v18.1.1.LTS</banner>
   <copyright>Copyright (c) 1996-2017 Texas Instruments Incorporated</copyright>
   <link_time>0x5ac84871</link_time>
   <link_errors>0x0</link_errors>
   <output_file>FreeRTOS_tiva_demo.out</output_file>
   <entry_point>
      <name>_c_int00_noargs</name>
      <address>0x4b4d</address>
   </entry_point>
   <input_file_list>
      <input_file id="fl-2">
         <path>./</path>
         <kind>object</kind>
         <file>main.obj</file>
         <name>main.obj</name>
      </input_file>
      <input_file id="fl-3">
         <path>./</path>
         <kind>object</kind>
         <file>tm4c1294ncpdt_startup_ccs.obj</file>
         <name>tm4c1294ncpdt_startup_ccs.obj</name>
      </input_file>
      <input_file id="fl-4">
         <path>./FreeRTOS/</path>
         <kind>object</kind>
         <file>croutine.obj</file>
         <name>croutine.obj</name>
      </input_file>
      <input_file id="fl-5">
         <path>./FreeRTOS/</path>
         <kind>object</kind>
         <file>event_groups.obj</file>
         <name>event_groups.obj</name>
      </input_file>
      <input_file id="fl-6">
         <path>./FreeRTOS/</path>
         <kind>object</kind>
         <file>list.obj</file>
         <name>list.obj</name>
      </input_file>
      <input_file id="fl-7">
         <path>./FreeRTOS/</path>
         <kind>object</kind>
         <file>queue.obj</file>
         <name>queue.obj</name>
      </input_file>
      <input_file id="fl-8">
         <path>./FreeRTOS/</path>
         <kind>object</kind>
         <file>tasks.obj</file>
         <name>tasks.obj</name>
      </input_file>
      <input_file id="fl-9">
         <path>./FreeRTOS/</path>
         <kind>object</kind>
         <file>timers.obj</file>
         <name>timers.obj</name>
      </input_file>
      <input_file id="fl-a">
         <path>./FreeRTOS/portable/CCS/ARM_CM4F/</path>
         <kind>object</kind>
         <file>port.obj</file>
         <name>port.obj</name>
      </input_file>
      <input_file id="fl-b">
         <path>./FreeRTOS/portable/CCS/ARM_CM4F/</path>
         <kind>object</kind>
         <file>portasm.obj</file>
         <name>portasm.obj</name>
      </input_file>
      <input_file id="fl-c">
         <path>./FreeRTOS/portable/MemMang/</path>
         <kind>object</kind>
         <file>heap_2.obj</file>
         <name>heap_2.obj</name>
      </input_file>
      <input_file id="fl-d">
         <path>./driverlib/</path>
         <kind>object</kind>
         <file>adc.obj</file>
         <name>adc.obj</name>
      </input_file>
      <input_file id="fl-e">
         <path>./driverlib/</path>
         <kind>object</kind>
         <file>aes.obj</file>
         <name>aes.obj</name>
      </input_file>
      <input_file id="fl-f">
         <path>./driverlib/</path>
         <kind>object</kind>
         <file>can.obj</file>
         <name>can.obj</name>
      </input_file>
      <input_file id="fl-10">
         <path>./driverlib/</path>
         <kind>object</kind>
         <file>comp.obj</file>
         <name>comp.obj</name>
      </input_file>
      <input_file id="fl-11">
         <path>./driverlib/</path>
         <kind>object</kind>
         <file>cpu.obj</file>
         <name>cpu.obj</name>
      </input_file>
      <input_file id="fl-12">
         <path>./driverlib/</path>
         <kind>object</kind>
         <file>crc.obj</file>
         <name>crc.obj</name>
      </input_file>
      <input_file id="fl-13">
         <path>./driverlib/</path>
         <kind>object</kind>
         <file>des.obj</file>
         <name>des.obj</name>
      </input_file>
      <input_file id="fl-14">
         <path>./driverlib/</path>
         <kind>object</kind>
         <file>eeprom.obj</file>
         <name>eeprom.obj</name>
      </input_file>
      <input_file id="fl-15">
         <path>./driverlib/</path>
         <kind>object</kind>
         <file>emac.obj</file>
         <name>emac.obj</name>
      </input_file>
      <input_file id="fl-16">
         <path>./driverlib/</path>
         <kind>object</kind>
         <file>epi.obj</file>
         <name>epi.obj</name>
      </input_file>
      <input_file id="fl-17">
         <path>./driverlib/</path>
         <kind>object</kind>
         <file>epi_workaround_ccs.obj</file>
         <name>epi_workaround_ccs.obj</name>
      </input_file>
      <input_file id="fl-18">
         <path>./driverlib/</path>
         <kind>object</kind>
         <file>flash.obj</file>
         <name>flash.obj</name>
      </input_file>
      <input_file id="fl-19">
         <path>./driverlib/</path>
         <kind>object</kind>
         <file>fpu.obj</file>
         <name>fpu.obj</name>
      </input_file>
      <input_file id="fl-1a">
         <path>./driverlib/</path>
         <kind>object</kind>
         <file>gpio.obj</file>
         <name>gpio.obj</name>
      </input_file>
      <input_file id="fl-1b">
         <path>./driverlib/</path>
         <kind>object</kind>
         <file>hibernate.obj</file>
         <name>hibernate.obj</name>
      </input_file>
      <input_file id="fl-1c">
         <path>./driverlib/</path>
         <kind>object</kind>
         <file>i2c.obj</file>
         <name>i2c.obj</name>
      </input_file>
      <input_file id="fl-1d">
         <path>./driverlib/</path>
         <kind>object</kind>
         <file>interrupt.obj</file>
         <name>interrupt.obj</name>
      </input_file>
      <input_file id="fl-1e">
         <path>./driverlib/</path>
         <kind>object</kind>
         <file>lcd.obj</file>
         <name>lcd.obj</name>
      </input_file>
      <input_file id="fl-1f">
         <path>./driverlib/</path>
         <kind>object</kind>
         <file>mpu.obj</file>
         <name>mpu.obj</name>
      </input_file>
      <input_file id="fl-20">
         <path>./driverlib/</path>
         <kind>object</kind>
         <file>pwm.obj</file>
         <name>pwm.obj</name>
      </input_file>
      <input_file id="fl-21">
         <path>./driverlib/</path>
         <kind>object</kind>
         <file>qei.obj</file>
         <name>qei.obj</name>
      </input_file>
      <input_file id="fl-22">
         <path>./driverlib/</path>
         <kind>object</kind>
         <file>shamd5.obj</file>
         <name>shamd5.obj</name>
      </input_file>
      <input_file id="fl-23">
         <path>./driverlib/</path>
         <kind>object</kind>
         <file>ssi.obj</file>
         <name>ssi.obj</name>
      </input_file>
      <input_file id="fl-24">
         <path>./driverlib/</path>
         <kind>object</kind>
         <file>sw_crc.obj</file>
         <name>sw_crc.obj</name>
      </input_file>
      <input_file id="fl-25">
         <path>./driverlib/</path>
         <kind>object</kind>
         <file>sysctl.obj</file>
         <name>sysctl.obj</name>
      </input_file>
      <input_file id="fl-26">
         <path>./driverlib/</path>
         <kind>object</kind>
         <file>sysexc.obj</file>
         <name>sysexc.obj</name>
      </input_file>
      <input_file id="fl-27">
         <path>./driverlib/</path>
         <kind>object</kind>
         <file>systick.obj</file>
         <name>systick.obj</name>
      </input_file>
      <input_file id="fl-28">
         <path>./driverlib/</path>
         <kind>object</kind>
         <file>timer.obj</file>
         <name>timer.obj</name>
      </input_file>
      <input_file id="fl-29">
         <path>./driverlib/</path>
         <kind>object</kind>
         <file>uart.obj</file>
         <name>uart.obj</name>
      </input_file>
      <input_file id="fl-2a">
         <path>./driverlib/</path>
         <kind>object</kind>
         <file>udma.obj</file>
         <name>udma.obj</name>
      </input_file>
      <input_file id="fl-2b">
         <path>./driverlib/</path>
         <kind>object</kind>
         <file>usb.obj</file>
         <name>usb.obj</name>
      </input_file>
      <input_file id="fl-2c">
         <path>./driverlib/</path>
         <kind>object</kind>
         <file>watchdog.obj</file>
         <name>watchdog.obj</name>
      </input_file>
      <input_file id="fl-2d">
         <path>./drivers/</path>
         <kind>object</kind>
         <file>pinout.obj</file>
         <name>pinout.obj</name>
      </input_file>
      <input_file id="fl-2e">
         <path>./utils/</path>
         <kind>object</kind>
         <file>uartstdio.obj</file>
         <name>uartstdio.obj</name>
      </input_file>
      <input_file id="fl-32">
         <kind>object</kind>
         <file>&lt;internal&gt;</file>
         <name>&lt;internal&gt;</name>
      </input_file>
      <input_file id="fl-e8">
         <path>/Users/yuch0605/Documents/Appications/ti/ccsv8/tools/compiler/ti-cgt-arm_18.1.1.LTS/lib/</path>
         <kind>archive</kind>
         <file>rtsv7M4_T_le_v4SPD16_eabi.lib</file>
         <name>u_divt2.asm.obj</name>
      </input_file>
      <input_file id="fl-e9">
         <path>/Users/yuch0605/Documents/Appications/ti/ccsv8/tools/compiler/ti-cgt-arm_18.1.1.LTS/lib/</path>
         <kind>archive</kind>
         <file>rtsv7M4_T_le_v4SPD16_eabi.lib</file>
         <name>memcpy_t2.asm.obj</name>
      </input_file>
      <input_file id="fl-ea">
         <path>/Users/yuch0605/Documents/Appications/ti/ccsv8/tools/compiler/ti-cgt-arm_18.1.1.LTS/lib/</path>
         <kind>archive</kind>
         <file>rtsv7M4_T_le_v4SPD16_eabi.lib</file>
         <name>memset_t2.asm.obj</name>
      </input_file>
      <input_file id="fl-eb">
         <path>/Users/yuch0605/Documents/Appications/ti/ccsv8/tools/compiler/ti-cgt-arm_18.1.1.LTS/lib/</path>
         <kind>archive</kind>
         <file>rtsv7M4_T_le_v4SPD16_eabi.lib</file>
         <name>copy_zero_init.c.obj</name>
      </input_file>
      <input_file id="fl-ec">
         <path>/Users/yuch0605/Documents/Appications/ti/ccsv8/tools/compiler/ti-cgt-arm_18.1.1.LTS/lib/</path>
         <kind>archive</kind>
         <file>rtsv7M4_T_le_v4SPD16_eabi.lib</file>
         <name>copy_decompress_none.c.obj</name>
      </input_file>
      <input_file id="fl-ed">
         <path>/Users/yuch0605/Documents/Appications/ti/ccsv8/tools/compiler/ti-cgt-arm_18.1.1.LTS/lib/</path>
         <kind>archive</kind>
         <file>rtsv7M4_T_le_v4SPD16_eabi.lib</file>
         <name>copy_decompress_lzss.c.obj</name>
      </input_file>
      <input_file id="fl-ee">
         <path>/Users/yuch0605/Documents/Appications/ti/ccsv8/tools/compiler/ti-cgt-arm_18.1.1.LTS/lib/</path>
         <kind>archive</kind>
         <file>rtsv7M4_T_le_v4SPD16_eabi.lib</file>
         <name>boot_cortex_m.c.obj</name>
      </input_file>
      <input_file id="fl-ef">
         <path>/Users/yuch0605/Documents/Appications/ti/ccsv8/tools/compiler/ti-cgt-arm_18.1.1.LTS/lib/</path>
         <kind>archive</kind>
         <file>rtsv7M4_T_le_v4SPD16_eabi.lib</file>
         <name>exit.c.obj</name>
      </input_file>
      <input_file id="fl-f0">
         <path>/Users/yuch0605/Documents/Appications/ti/ccsv8/tools/compiler/ti-cgt-arm_18.1.1.LTS/lib/</path>
         <kind>archive</kind>
         <file>rtsv7M4_T_le_v4SPD16_eabi.lib</file>
         <name>_lock.c.obj</name>
      </input_file>
      <input_file id="fl-f1">
         <path>/Users/yuch0605/Documents/Appications/ti/ccsv8/tools/compiler/ti-cgt-arm_18.1.1.LTS/lib/</path>
         <kind>archive</kind>
         <file>rtsv7M4_T_le_v4SPD16_eabi.lib</file>
         <name>args_main.c.obj</name>
      </input_file>
      <input_file id="fl-f2">
         <path>/Users/yuch0605/Documents/Appications/ti/ccsv8/tools/compiler/ti-cgt-arm_18.1.1.LTS/lib/</path>
         <kind>archive</kind>
         <file>rtsv7M4_T_le_v4SPD16_eabi.lib</file>
         <name>div0.asm.obj</name>
      </input_file>
      <input_file id="fl-f3">
         <path>/Users/yuch0605/Documents/Appications/ti/ccsv8/tools/compiler/ti-cgt-arm_18.1.1.LTS/lib/</path>
         <kind>archive</kind>
         <file>rtsv7M4_T_le_v4SPD16_eabi.lib</file>
         <name>autoinit.c.obj</name>
      </input_file>
      <input_file id="fl-f4">
         <path>/Users/yuch0605/Documents/Appications/ti/ccsv8/tools/compiler/ti-cgt-arm_18.1.1.LTS/lib/</path>
         <kind>archive</kind>
         <file>rtsv7M4_T_le_v4SPD16_eabi.lib</file>
         <name>pre_init.c.obj</name>
      </input_file>
      <input_file id="fl-f5">
         <path>/Users/yuch0605/Documents/Appications/ti/ccsv8/tools/compiler/ti-cgt-arm_18.1.1.LTS/lib/</path>
         <kind>archive</kind>
         <file>rtsv7M4_T_le_v4SPD16_eabi.lib</file>
         <name>cpy_tbl.c.obj</name>
      </input_file>
   </input_file_list>
   <object_component_list>
      <object_component id="oc-f">
         <name>.intvecs</name>
         <load_address>0x0</load_address>
         <run_address>0x0</run_address>
         <size>0x208</size>
         <input_file_ref idref="fl-3"/>
      </object_component>
      <object_component id="oc-7c">
         <name>.text</name>
         <load_address>0x208</load_address>
         <run_address>0x208</run_address>
         <size>0x17b0</size>
         <input_file_ref idref="fl-8"/>
      </object_component>
      <object_component id="oc-132">
         <name>.text</name>
         <load_address>0x19b8</load_address>
         <run_address>0x19b8</run_address>
         <size>0x114c</size>
         <input_file_ref idref="fl-1a"/>
      </object_component>
      <object_component id="oc-1a3">
         <name>.text</name>
         <load_address>0x2b04</load_address>
         <run_address>0x2b04</run_address>
         <size>0xad0</size>
         <input_file_ref idref="fl-7"/>
      </object_component>
      <object_component id="oc-f8">
         <name>.text</name>
         <load_address>0x35d4</load_address>
         <run_address>0x35d4</run_address>
         <size>0x578</size>
         <input_file_ref idref="fl-9"/>
      </object_component>
      <object_component id="oc-1cc">
         <name>.text</name>
         <load_address>0x3b4c</load_address>
         <run_address>0x3b4c</run_address>
         <size>0x490</size>
         <input_file_ref idref="fl-1d"/>
      </object_component>
      <object_component id="oc-12c">
         <name>.text</name>
         <load_address>0x3fdc</load_address>
         <run_address>0x3fdc</run_address>
         <size>0x324</size>
         <input_file_ref idref="fl-2d"/>
      </object_component>
      <object_component id="oc-e0">
         <name>.text</name>
         <load_address>0x4300</load_address>
         <run_address>0x4300</run_address>
         <size>0x1b8</size>
         <input_file_ref idref="fl-c"/>
      </object_component>
      <object_component id="oc-c4">
         <name>.text</name>
         <load_address>0x44b8</load_address>
         <run_address>0x44b8</run_address>
         <size>0x168</size>
         <input_file_ref idref="fl-2"/>
      </object_component>
      <object_component id="oc-2f">
         <name>.text</name>
         <load_address>0x4620</load_address>
         <run_address>0x4620</run_address>
         <size>0x12c</size>
         <input_file_ref idref="fl-a"/>
      </object_component>
      <object_component id="oc-e6">
         <name>.text</name>
         <load_address>0x474c</load_address>
         <run_address>0x474c</run_address>
         <size>0x12a</size>
         <input_file_ref idref="fl-6"/>
      </object_component>
      <object_component id="oc-2a">
         <name>.text</name>
         <load_address>0x4878</load_address>
         <run_address>0x4878</run_address>
         <size>0xd2</size>
         <input_file_ref idref="fl-b"/>
      </object_component>
      <object_component id="oc-43">
         <name>.text</name>
         <load_address>0x494a</load_address>
         <run_address>0x494a</run_address>
         <size>0x9c</size>
         <input_file_ref idref="fl-e9"/>
      </object_component>
      <object_component id="oc-b8">
         <name>.text</name>
         <load_address>0x49e6</load_address>
         <run_address>0x49e6</run_address>
         <size>0x7a</size>
         <input_file_ref idref="fl-ea"/>
      </object_component>
      <object_component id="oc-12">
         <name>.text:decompress:lzss:__TI_decompress_lzss</name>
         <load_address>0x4a60</load_address>
         <run_address>0x4a60</run_address>
         <size>0x68</size>
         <input_file_ref idref="fl-ed"/>
      </object_component>
      <object_component id="oc-14d">
         <name>.text:__TI_auto_init_nobinit_nopinit:__TI_auto_init_nobinit_nopinit</name>
         <load_address>0x4ac8</load_address>
         <run_address>0x4ac8</run_address>
         <size>0x44</size>
         <input_file_ref idref="fl-f3"/>
      </object_component>
      <object_component id="oc-229">
         <name>.text</name>
         <load_address>0x4b0c</load_address>
         <run_address>0x4b0c</run_address>
         <size>0x3e</size>
         <input_file_ref idref="fl-11"/>
      </object_component>
      <object_component id="oc-61">
         <name>.text:_c_int00_noargs:_c_int00_noargs</name>
         <load_address>0x4b4c</load_address>
         <run_address>0x4b4c</run_address>
         <size>0x38</size>
         <input_file_ref idref="fl-ee"/>
      </object_component>
      <object_component id="oc-18">
         <name>.text:decompress:none:__TI_decompress_none</name>
         <load_address>0x4b84</load_address>
         <run_address>0x4b84</run_address>
         <size>0xe</size>
         <input_file_ref idref="fl-ec"/>
      </object_component>
      <object_component id="oc-55">
         <name>.text:decompress:ZI:__TI_zero_init</name>
         <load_address>0x4b92</load_address>
         <run_address>0x4b92</run_address>
         <size>0xc</size>
         <input_file_ref idref="fl-eb"/>
      </object_component>
      <object_component id="oc-24">
         <name>.text</name>
         <load_address>0x4b9e</load_address>
         <run_address>0x4b9e</run_address>
         <size>0xc</size>
         <input_file_ref idref="fl-3"/>
      </object_component>
      <object_component id="oc-be">
         <name>.text:_system_pre_init</name>
         <load_address>0x4baa</load_address>
         <run_address>0x4baa</run_address>
         <size>0x4</size>
         <input_file_ref idref="fl-f4"/>
      </object_component>
      <object_component id="oc-141">
         <name>.text:abort:abort</name>
         <load_address>0x4bae</load_address>
         <run_address>0x4bae</run_address>
         <size>0x4</size>
         <input_file_ref idref="fl-ef"/>
      </object_component>
      <object_component id="oc-1c6">
         <name>.const:g_ppui32GPIOIntMapBlizzard</name>
         <load_address>0x4bb4</load_address>
         <run_address>0x4bb4</run_address>
         <size>0xc0</size>
         <input_file_ref idref="fl-1a"/>
      </object_component>
      <object_component id="oc-1c9">
         <name>.const:g_ppui32GPIOIntMapSnowflake</name>
         <load_address>0x4c74</load_address>
         <run_address>0x4c74</run_address>
         <size>0xc0</size>
         <input_file_ref idref="fl-1a"/>
      </object_component>
      <object_component id="oc-235">
         <name>.const:g_pui32Regs</name>
         <load_address>0x4d34</load_address>
         <run_address>0x4d34</run_address>
         <size>0x9c</size>
         <input_file_ref idref="fl-1d"/>
      </object_component>
      <object_component id="oc-1d2">
         <name>.const:g_pui32GPIOBaseAddrs</name>
         <load_address>0x4dd0</load_address>
         <run_address>0x4dd0</run_address>
         <size>0x90</size>
         <input_file_ref idref="fl-1a"/>
      </object_component>
      <object_component id="oc-232">
         <name>.const:g_pui32Priority</name>
         <load_address>0x4e60</load_address>
         <run_address>0x4e60</run_address>
         <size>0x20</size>
         <input_file_ref idref="fl-1d"/>
      </object_component>
      <object_component id="oc-23b">
         <name>.const:g_pui32Dii16Regs</name>
         <load_address>0x4e80</load_address>
         <run_address>0x4e80</run_address>
         <size>0x14</size>
         <input_file_ref idref="fl-1d"/>
      </object_component>
      <object_component id="oc-238">
         <name>.const:g_pui32EnRegs</name>
         <load_address>0x4e94</load_address>
         <run_address>0x4e94</run_address>
         <size>0x14</size>
         <input_file_ref idref="fl-1d"/>
      </object_component>
      <object_component id="oc-23e">
         <name>.const:g_pui32PendRegs</name>
         <load_address>0x4ea8</load_address>
         <run_address>0x4ea8</run_address>
         <size>0x14</size>
         <input_file_ref idref="fl-1d"/>
      </object_component>
      <object_component id="oc-241">
         <name>.const:g_pui32UnpendRegs</name>
         <load_address>0x4ebc</load_address>
         <run_address>0x4ebc</run_address>
         <size>0x14</size>
         <input_file_ref idref="fl-1d"/>
      </object_component>
      <object_component id="oc-79">
         <name>.const</name>
         <load_address>0x4ed0</load_address>
         <run_address>0x4ed0</run_address>
         <size>0x4</size>
         <input_file_ref idref="fl-a"/>
      </object_component>
      <object_component id="oc-2c8">
         <name>.cinit..data.load</name>
         <load_address>0x4ed8</load_address>
         <run_address>0x4ed8</run_address>
         <size>0xf</size>
      </object_component>
      <object_component id="oc-2c5">
         <name>__TI_handler_table</name>
         <load_address>0x4ee8</load_address>
         <run_address>0x4ee8</run_address>
         <size>0xc</size>
      </object_component>
      <object_component id="oc-2c9">
         <name>.cinit..bss.load</name>
         <load_address>0x4ef8</load_address>
         <run_address>0x4ef8</run_address>
         <size>0x8</size>
      </object_component>
      <object_component id="oc-2c7">
         <name>.cinit..vtable.load</name>
         <load_address>0x4f00</load_address>
         <run_address>0x4f00</run_address>
         <size>0x8</size>
      </object_component>
      <object_component id="oc-2c6">
         <name>__TI_cinit_table</name>
         <load_address>0x4f08</load_address>
         <run_address>0x4f08</run_address>
         <size>0x18</size>
      </object_component>
      <object_component id="oc-22f">
         <name>.vtable</name>
         <uninitialized>true</uninitialized>
         <run_address>0x20000000</run_address>
         <size>0x26c</size>
         <input_file_ref idref="fl-1d"/>
      </object_component>
      <object_component id="oc-138">
         <name>.data</name>
         <load_address>0x2000c944</load_address>
         <run_address>0x2000c944</run_address>
         <size>0xc</size>
         <input_file_ref idref="fl-2"/>
      </object_component>
      <object_component id="oc-76">
         <name>.data</name>
         <load_address>0x2000c910</load_address>
         <run_address>0x2000c910</run_address>
         <size>0x34</size>
         <input_file_ref idref="fl-8"/>
      </object_component>
      <object_component id="oc-1a9">
         <name>.data</name>
         <load_address>0x2000c950</load_address>
         <run_address>0x2000c950</run_address>
         <size>0xc</size>
         <input_file_ref idref="fl-9"/>
      </object_component>
      <object_component id="oc-83">
         <name>.data</name>
         <load_address>0x2000c964</load_address>
         <run_address>0x2000c964</run_address>
         <size>0x4</size>
         <input_file_ref idref="fl-a"/>
      </object_component>
      <object_component id="oc-18b">
         <name>.data</name>
         <load_address>0x2000c95c</load_address>
         <run_address>0x2000c95c</run_address>
         <size>0x8</size>
         <input_file_ref idref="fl-c"/>
      </object_component>
      <object_component id="oc-ec">
         <name>.bss:pxReadyTasksLists</name>
         <uninitialized>true</uninitialized>
         <run_address>0x2000c5bc</run_address>
         <size>0x64</size>
         <input_file_ref idref="fl-8"/>
      </object_component>
      <object_component id="oc-101">
         <name>.bss:xDelayedTaskList1</name>
         <uninitialized>true</uninitialized>
         <run_address>0x2000c688</run_address>
         <size>0x14</size>
         <input_file_ref idref="fl-8"/>
      </object_component>
      <object_component id="oc-104">
         <name>.bss:xDelayedTaskList2</name>
         <uninitialized>true</uninitialized>
         <run_address>0x2000c69c</run_address>
         <size>0x14</size>
         <input_file_ref idref="fl-8"/>
      </object_component>
      <object_component id="oc-f2">
         <name>.bss</name>
         <uninitialized>true</uninitialized>
         <run_address>0x2000c6ec</run_address>
         <size>0x8</size>
         <input_file_ref idref="fl-8"/>
      </object_component>
      <object_component id="oc-fe">
         <name>.bss:xPendingReadyList</name>
         <uninitialized>true</uninitialized>
         <run_address>0x2000c6b0</run_address>
         <size>0x14</size>
         <input_file_ref idref="fl-8"/>
      </object_component>
      <object_component id="oc-ef">
         <name>.bss:xTasksWaitingTermination</name>
         <uninitialized>true</uninitialized>
         <run_address>0x2000c6d8</run_address>
         <size>0x14</size>
         <input_file_ref idref="fl-8"/>
      </object_component>
      <object_component id="oc-f5">
         <name>.bss:xSuspendedTaskList</name>
         <uninitialized>true</uninitialized>
         <run_address>0x2000c6c4</run_address>
         <size>0x14</size>
         <input_file_ref idref="fl-8"/>
      </object_component>
      <object_component id="oc-1af">
         <name>.bss:xActiveTimerList1</name>
         <uninitialized>true</uninitialized>
         <run_address>0x2000c660</run_address>
         <size>0x14</size>
         <input_file_ref idref="fl-9"/>
      </object_component>
      <object_component id="oc-1b2">
         <name>.bss:xActiveTimerList2</name>
         <uninitialized>true</uninitialized>
         <run_address>0x2000c674</run_address>
         <size>0x14</size>
         <input_file_ref idref="fl-9"/>
      </object_component>
      <object_component id="oc-1ac">
         <name>.bss</name>
         <uninitialized>true</uninitialized>
         <run_address>0x2000c6f4</run_address>
         <size>0x8</size>
         <input_file_ref idref="fl-9"/>
      </object_component>
      <object_component id="oc-194">
         <name>.bss:ucHeap</name>
         <uninitialized>true</uninitialized>
         <run_address>0x2000026c</run_address>
         <size>0xc350</size>
         <input_file_ref idref="fl-c"/>
      </object_component>
      <object_component id="oc-18e">
         <name>.bss:xStart</name>
         <uninitialized>true</uninitialized>
         <run_address>0x2000c704</run_address>
         <size>0x8</size>
         <input_file_ref idref="fl-c"/>
      </object_component>
      <object_component id="oc-191">
         <name>.bss:xEnd</name>
         <uninitialized>true</uninitialized>
         <run_address>0x2000c6fc</run_address>
         <size>0x8</size>
         <input_file_ref idref="fl-c"/>
      </object_component>
      <object_component id="oc-210">
         <name>.common:xQueueRegistry</name>
         <uninitialized>true</uninitialized>
         <run_address>0x2000c620</run_address>
         <size>0x40</size>
      </object_component>
      <object_component id="oc-21">
         <name>.stack</name>
         <uninitialized>true</uninitialized>
         <run_address>0x2000c710</run_address>
         <size>0x4</size>
         <input_file_ref idref="fl-ee"/>
      </object_component>
      <object_component id="oc-2ca">
         <name>.stack</name>
         <uninitialized>true</uninitialized>
         <run_address>0x2000c710</run_address>
         <size>0x0</size>
      </object_component>
      <object_component id="oc-111">
         <name>.debug_info</name>
         <load_address>0x0</load_address>
         <run_address>0x0</run_address>
         <size>0x530</size>
         <input_file_ref idref="fl-2"/>
      </object_component>
      <object_component id="oc-139">
         <name>.debug_info</name>
         <load_address>0x530</load_address>
         <run_address>0x530</run_address>
         <size>0x11c</size>
         <input_file_ref idref="fl-2"/>
      </object_component>
      <object_component id="oc-c5">
         <name>.debug_info</name>
         <load_address>0x64c</load_address>
         <run_address>0x64c</run_address>
         <size>0x4c1</size>
         <input_file_ref idref="fl-2"/>
      </object_component>
      <object_component id="oc-d9">
         <name>.debug_info</name>
         <load_address>0xb0d</load_address>
         <run_address>0xb0d</run_address>
         <size>0x30c</size>
         <input_file_ref idref="fl-2"/>
      </object_component>
      <object_component id="oc-99">
         <name>.debug_info</name>
         <load_address>0xe19</load_address>
         <run_address>0xe19</run_address>
         <size>0x26b</size>
         <input_file_ref idref="fl-2"/>
      </object_component>
      <object_component id="oc-9e">
         <name>.debug_info</name>
         <load_address>0x1084</load_address>
         <run_address>0x1084</run_address>
         <size>0x3cd</size>
         <input_file_ref idref="fl-2"/>
      </object_component>
      <object_component id="oc-112">
         <name>.debug_info</name>
         <load_address>0x1451</load_address>
         <run_address>0x1451</run_address>
         <size>0x8b</size>
         <input_file_ref idref="fl-2"/>
      </object_component>
      <object_component id="oc-214">
         <name>.debug_info</name>
         <load_address>0x14dc</load_address>
         <run_address>0x14dc</run_address>
         <size>0x46</size>
         <input_file_ref idref="fl-2"/>
      </object_component>
      <object_component id="oc-13c">
         <name>.debug_info</name>
         <load_address>0x1522</load_address>
         <run_address>0x1522</run_address>
         <size>0x46</size>
         <input_file_ref idref="fl-2"/>
      </object_component>
      <object_component id="oc-88">
         <name>.debug_info</name>
         <load_address>0x1568</load_address>
         <run_address>0x1568</run_address>
         <size>0x2c</size>
         <input_file_ref idref="fl-2"/>
      </object_component>
      <object_component id="oc-117">
         <name>.debug_info</name>
         <load_address>0x1594</load_address>
         <run_address>0x1594</run_address>
         <size>0x297</size>
         <input_file_ref idref="fl-2"/>
      </object_component>
      <object_component id="oc-1d6">
         <name>.debug_info</name>
         <load_address>0x182b</load_address>
         <run_address>0x182b</run_address>
         <size>0xef</size>
         <input_file_ref idref="fl-2"/>
      </object_component>
      <object_component id="oc-94">
         <name>.debug_info</name>
         <load_address>0x191a</load_address>
         <run_address>0x191a</run_address>
         <size>0xbb</size>
         <input_file_ref idref="fl-2"/>
      </object_component>
      <object_component id="oc-8d">
         <name>.debug_info</name>
         <load_address>0x19d5</load_address>
         <run_address>0x19d5</run_address>
         <size>0x53</size>
         <input_file_ref idref="fl-2"/>
      </object_component>
      <object_component id="oc-10c">
         <name>.debug_info</name>
         <load_address>0x1a28</load_address>
         <run_address>0x1a28</run_address>
         <size>0x14c</size>
         <input_file_ref idref="fl-2"/>
      </object_component>
      <object_component id="oc-37">
         <name>.debug_info</name>
         <load_address>0x1b74</load_address>
         <run_address>0x1b74</run_address>
         <size>0x3c8</size>
         <input_file_ref idref="fl-3"/>
      </object_component>
      <object_component id="oc-10">
         <name>.debug_info</name>
         <load_address>0x1f3c</load_address>
         <run_address>0x1f3c</run_address>
         <size>0xf1</size>
         <input_file_ref idref="fl-3"/>
      </object_component>
      <object_component id="oc-25">
         <name>.debug_info</name>
         <load_address>0x202d</load_address>
         <run_address>0x202d</run_address>
         <size>0x270</size>
         <input_file_ref idref="fl-3"/>
      </object_component>
      <object_component id="oc-3e">
         <name>.debug_info</name>
         <load_address>0x229d</load_address>
         <run_address>0x229d</run_address>
         <size>0x84</size>
         <input_file_ref idref="fl-3"/>
      </object_component>
      <object_component id="oc-1fe">
         <name>.debug_info</name>
         <load_address>0x2321</load_address>
         <run_address>0x2321</run_address>
         <size>0x5fd</size>
         <input_file_ref idref="fl-5"/>
      </object_component>
      <object_component id="oc-186">
         <name>.debug_info</name>
         <load_address>0x291e</load_address>
         <run_address>0x291e</run_address>
         <size>0x110</size>
         <input_file_ref idref="fl-5"/>
      </object_component>
      <object_component id="oc-26d">
         <name>.debug_info</name>
         <load_address>0x2a2e</load_address>
         <run_address>0x2a2e</run_address>
         <size>0x39</size>
         <input_file_ref idref="fl-5"/>
      </object_component>
      <object_component id="oc-272">
         <name>.debug_info</name>
         <load_address>0x2a67</load_address>
         <run_address>0x2a67</run_address>
         <size>0x76</size>
         <input_file_ref idref="fl-5"/>
      </object_component>
      <object_component id="oc-19a">
         <name>.debug_info</name>
         <load_address>0x2add</load_address>
         <run_address>0x2add</run_address>
         <size>0x34d</size>
         <input_file_ref idref="fl-6"/>
      </object_component>
      <object_component id="oc-e7">
         <name>.debug_info</name>
         <load_address>0x2e2a</load_address>
         <run_address>0x2e2a</run_address>
         <size>0x4ac</size>
         <input_file_ref idref="fl-6"/>
      </object_component>
      <object_component id="oc-211">
         <name>.debug_info</name>
         <load_address>0x32d6</load_address>
         <run_address>0x32d6</run_address>
         <size>0x7f8</size>
         <input_file_ref idref="fl-7"/>
      </object_component>
      <object_component id="oc-1a4">
         <name>.debug_info</name>
         <load_address>0x3ace</load_address>
         <run_address>0x3ace</run_address>
         <size>0x2d45</size>
         <input_file_ref idref="fl-7"/>
      </object_component>
      <object_component id="oc-279">
         <name>.debug_info</name>
         <load_address>0x6813</load_address>
         <run_address>0x6813</run_address>
         <size>0x1cd</size>
         <input_file_ref idref="fl-7"/>
      </object_component>
      <object_component id="oc-d8">
         <name>.debug_info</name>
         <load_address>0x69e0</load_address>
         <run_address>0x69e0</run_address>
         <size>0x759</size>
         <input_file_ref idref="fl-8"/>
      </object_component>
      <object_component id="oc-77">
         <name>.debug_info</name>
         <load_address>0x7139</load_address>
         <run_address>0x7139</run_address>
         <size>0x349</size>
         <input_file_ref idref="fl-8"/>
      </object_component>
      <object_component id="oc-ed">
         <name>.debug_info</name>
         <load_address>0x7482</load_address>
         <run_address>0x7482</run_address>
         <size>0xf0</size>
         <input_file_ref idref="fl-8"/>
      </object_component>
      <object_component id="oc-102">
         <name>.debug_info</name>
         <load_address>0x7572</load_address>
         <run_address>0x7572</run_address>
         <size>0xf0</size>
         <input_file_ref idref="fl-8"/>
      </object_component>
      <object_component id="oc-105">
         <name>.debug_info</name>
         <load_address>0x7662</load_address>
         <run_address>0x7662</run_address>
         <size>0xf0</size>
         <input_file_ref idref="fl-8"/>
      </object_component>
      <object_component id="oc-f3">
         <name>.debug_info</name>
         <load_address>0x7752</load_address>
         <run_address>0x7752</run_address>
         <size>0x133</size>
         <input_file_ref idref="fl-8"/>
      </object_component>
      <object_component id="oc-ff">
         <name>.debug_info</name>
         <load_address>0x7885</load_address>
         <run_address>0x7885</run_address>
         <size>0xf0</size>
         <input_file_ref idref="fl-8"/>
      </object_component>
      <object_component id="oc-f0">
         <name>.debug_info</name>
         <load_address>0x7975</load_address>
         <run_address>0x7975</run_address>
         <size>0xfe</size>
         <input_file_ref idref="fl-8"/>
      </object_component>
      <object_component id="oc-f6">
         <name>.debug_info</name>
         <load_address>0x7a73</load_address>
         <run_address>0x7a73</run_address>
         <size>0xf2</size>
         <input_file_ref idref="fl-8"/>
      </object_component>
      <object_component id="oc-7d">
         <name>.debug_info</name>
         <load_address>0x7b65</load_address>
         <run_address>0x7b65</run_address>
         <size>0x467b</size>
         <input_file_ref idref="fl-8"/>
      </object_component>
      <object_component id="oc-181">
         <name>.debug_info</name>
         <load_address>0xc1e0</load_address>
         <run_address>0xc1e0</run_address>
         <size>0x146</size>
         <input_file_ref idref="fl-8"/>
      </object_component>
      <object_component id="oc-1b6">
         <name>.debug_info</name>
         <load_address>0xc326</load_address>
         <run_address>0xc326</run_address>
         <size>0x82d</size>
         <input_file_ref idref="fl-9"/>
      </object_component>
      <object_component id="oc-1b0">
         <name>.debug_info</name>
         <load_address>0xcb53</load_address>
         <run_address>0xcb53</run_address>
         <size>0xf0</size>
         <input_file_ref idref="fl-9"/>
      </object_component>
      <object_component id="oc-1b3">
         <name>.debug_info</name>
         <load_address>0xcc43</load_address>
         <run_address>0xcc43</run_address>
         <size>0xf0</size>
         <input_file_ref idref="fl-9"/>
      </object_component>
      <object_component id="oc-1ad">
         <name>.debug_info</name>
         <load_address>0xcd33</load_address>
         <run_address>0xcd33</run_address>
         <size>0x128</size>
         <input_file_ref idref="fl-9"/>
      </object_component>
      <object_component id="oc-1aa">
         <name>.debug_info</name>
         <load_address>0xce5b</load_address>
         <run_address>0xce5b</run_address>
         <size>0x114</size>
         <input_file_ref idref="fl-9"/>
      </object_component>
      <object_component id="oc-f9">
         <name>.debug_info</name>
         <load_address>0xcf6f</load_address>
         <run_address>0xcf6f</run_address>
         <size>0x1aef</size>
         <input_file_ref idref="fl-9"/>
      </object_component>
      <object_component id="oc-1b7">
         <name>.debug_info</name>
         <load_address>0xea5e</load_address>
         <run_address>0xea5e</run_address>
         <size>0x1ce</size>
         <input_file_ref idref="fl-9"/>
      </object_component>
      <object_component id="oc-87">
         <name>.debug_info</name>
         <load_address>0xec2c</load_address>
         <run_address>0xec2c</run_address>
         <size>0x3e2</size>
         <input_file_ref idref="fl-a"/>
      </object_component>
      <object_component id="oc-7a">
         <name>.debug_info</name>
         <load_address>0xf00e</load_address>
         <run_address>0xf00e</run_address>
         <size>0x11d</size>
         <input_file_ref idref="fl-a"/>
      </object_component>
      <object_component id="oc-84">
         <name>.debug_info</name>
         <load_address>0xf12b</load_address>
         <run_address>0xf12b</run_address>
         <size>0x104</size>
         <input_file_ref idref="fl-a"/>
      </object_component>
      <object_component id="oc-30">
         <name>.debug_info</name>
         <load_address>0xf22f</load_address>
         <run_address>0xf22f</run_address>
         <size>0x6b7</size>
         <input_file_ref idref="fl-a"/>
      </object_component>
      <object_component id="oc-2b">
         <name>.debug_info</name>
         <load_address>0xf8e6</load_address>
         <run_address>0xf8e6</run_address>
         <size>0x255</size>
         <input_file_ref idref="fl-b"/>
      </object_component>
      <object_component id="oc-198">
         <name>.debug_info</name>
         <load_address>0xfb3b</load_address>
         <run_address>0xfb3b</run_address>
         <size>0x3f1</size>
         <input_file_ref idref="fl-c"/>
      </object_component>
      <object_component id="oc-195">
         <name>.debug_info</name>
         <load_address>0xff2c</load_address>
         <run_address>0xff2c</run_address>
         <size>0xeb</size>
         <input_file_ref idref="fl-c"/>
      </object_component>
      <object_component id="oc-18f">
         <name>.debug_info</name>
         <load_address>0x10017</load_address>
         <run_address>0x10017</run_address>
         <size>0xeb</size>
         <input_file_ref idref="fl-c"/>
      </object_component>
      <object_component id="oc-192">
         <name>.debug_info</name>
         <load_address>0x10102</load_address>
         <run_address>0x10102</run_address>
         <size>0xe7</size>
         <input_file_ref idref="fl-c"/>
      </object_component>
      <object_component id="oc-18c">
         <name>.debug_info</name>
         <load_address>0x101e9</load_address>
         <run_address>0x101e9</run_address>
         <size>0x105</size>
         <input_file_ref idref="fl-c"/>
      </object_component>
      <object_component id="oc-e1">
         <name>.debug_info</name>
         <load_address>0x102ee</load_address>
         <run_address>0x102ee</run_address>
         <size>0x66e</size>
         <input_file_ref idref="fl-c"/>
      </object_component>
      <object_component id="oc-203">
         <name>.debug_info</name>
         <load_address>0x1095c</load_address>
         <run_address>0x1095c</run_address>
         <size>0x62</size>
         <input_file_ref idref="fl-c"/>
      </object_component>
      <object_component id="oc-22a">
         <name>.debug_info</name>
         <load_address>0x109be</load_address>
         <run_address>0x109be</run_address>
         <size>0x33d</size>
         <input_file_ref idref="fl-11"/>
      </object_component>
      <object_component id="oc-1db">
         <name>.debug_info</name>
         <load_address>0x10cfb</load_address>
         <run_address>0x10cfb</run_address>
         <size>0x380</size>
         <input_file_ref idref="fl-1a"/>
      </object_component>
      <object_component id="oc-1c7">
         <name>.debug_info</name>
         <load_address>0x1107b</load_address>
         <run_address>0x1107b</run_address>
         <size>0x101</size>
         <input_file_ref idref="fl-1a"/>
      </object_component>
      <object_component id="oc-1ca">
         <name>.debug_info</name>
         <load_address>0x1117c</load_address>
         <run_address>0x1117c</run_address>
         <size>0x103</size>
         <input_file_ref idref="fl-1a"/>
      </object_component>
      <object_component id="oc-1d3">
         <name>.debug_info</name>
         <load_address>0x1127f</load_address>
         <run_address>0x1127f</run_address>
         <size>0xf5</size>
         <input_file_ref idref="fl-1a"/>
      </object_component>
      <object_component id="oc-133">
         <name>.debug_info</name>
         <load_address>0x11374</load_address>
         <run_address>0x11374</run_address>
         <size>0x3867</size>
         <input_file_ref idref="fl-1a"/>
      </object_component>
      <object_component id="oc-245">
         <name>.debug_info</name>
         <load_address>0x14bdb</load_address>
         <run_address>0x14bdb</run_address>
         <size>0x36d</size>
         <input_file_ref idref="fl-1d"/>
      </object_component>
      <object_component id="oc-233">
         <name>.debug_info</name>
         <load_address>0x14f48</load_address>
         <run_address>0x14f48</run_address>
         <size>0xf0</size>
         <input_file_ref idref="fl-1d"/>
      </object_component>
      <object_component id="oc-236">
         <name>.debug_info</name>
         <load_address>0x15038</load_address>
         <run_address>0x15038</run_address>
         <size>0xe8</size>
         <input_file_ref idref="fl-1d"/>
      </object_component>
      <object_component id="oc-239">
         <name>.debug_info</name>
         <load_address>0x15120</load_address>
         <run_address>0x15120</run_address>
         <size>0xec</size>
         <input_file_ref idref="fl-1d"/>
      </object_component>
      <object_component id="oc-23c">
         <name>.debug_info</name>
         <load_address>0x1520c</load_address>
         <run_address>0x1520c</run_address>
         <size>0xf2</size>
         <input_file_ref idref="fl-1d"/>
      </object_component>
      <object_component id="oc-23f">
         <name>.debug_info</name>
         <load_address>0x152fe</load_address>
         <run_address>0x152fe</run_address>
         <size>0xf0</size>
         <input_file_ref idref="fl-1d"/>
      </object_component>
      <object_component id="oc-242">
         <name>.debug_info</name>
         <load_address>0x153ee</load_address>
         <run_address>0x153ee</run_address>
         <size>0xf4</size>
         <input_file_ref idref="fl-1d"/>
      </object_component>
      <object_component id="oc-230">
         <name>.debug_info</name>
         <load_address>0x154e2</load_address>
         <run_address>0x154e2</run_address>
         <size>0xf1</size>
         <input_file_ref idref="fl-1d"/>
      </object_component>
      <object_component id="oc-1cd">
         <name>.debug_info</name>
         <load_address>0x155d3</load_address>
         <run_address>0x155d3</run_address>
         <size>0xdb1</size>
         <input_file_ref idref="fl-1d"/>
      </object_component>
      <object_component id="oc-1c5">
         <name>.debug_info</name>
         <load_address>0x16384</load_address>
         <run_address>0x16384</run_address>
         <size>0x358</size>
         <input_file_ref idref="fl-2d"/>
      </object_component>
      <object_component id="oc-12d">
         <name>.debug_info</name>
         <load_address>0x166dc</load_address>
         <run_address>0x166dc</run_address>
         <size>0x504</size>
         <input_file_ref idref="fl-2d"/>
      </object_component>
      <object_component id="oc-45">
         <name>.debug_info</name>
         <load_address>0x16be0</load_address>
         <run_address>0x16be0</run_address>
         <size>0x111</size>
         <input_file_ref idref="fl-e9"/>
      </object_component>
      <object_component id="oc-ba">
         <name>.debug_info</name>
         <load_address>0x16cf1</load_address>
         <run_address>0x16cf1</run_address>
         <size>0x13f</size>
         <input_file_ref idref="fl-ea"/>
      </object_component>
      <object_component id="oc-b7">
         <name>.debug_info</name>
         <load_address>0x16e30</load_address>
         <run_address>0x16e30</run_address>
         <size>0x313</size>
         <input_file_ref idref="fl-eb"/>
      </object_component>
      <object_component id="oc-59">
         <name>.debug_info</name>
         <load_address>0x17143</load_address>
         <run_address>0x17143</run_address>
         <size>0x1aa</size>
         <input_file_ref idref="fl-eb"/>
      </object_component>
      <object_component id="oc-b2">
         <name>.debug_info</name>
         <load_address>0x172ed</load_address>
         <run_address>0x172ed</run_address>
         <size>0x46</size>
         <input_file_ref idref="fl-eb"/>
      </object_component>
      <object_component id="oc-123">
         <name>.debug_info</name>
         <load_address>0x17333</load_address>
         <run_address>0x17333</run_address>
         <size>0x2c</size>
         <input_file_ref idref="fl-eb"/>
      </object_component>
      <object_component id="oc-4e">
         <name>.debug_info</name>
         <load_address>0x1735f</load_address>
         <run_address>0x1735f</run_address>
         <size>0x29d</size>
         <input_file_ref idref="fl-ec"/>
      </object_component>
      <object_component id="oc-1b">
         <name>.debug_info</name>
         <load_address>0x175fc</load_address>
         <run_address>0x175fc</run_address>
         <size>0x1df</size>
         <input_file_ref idref="fl-ec"/>
      </object_component>
      <object_component id="oc-49">
         <name>.debug_info</name>
         <load_address>0x177db</load_address>
         <run_address>0x177db</run_address>
         <size>0x46</size>
         <input_file_ref idref="fl-ec"/>
      </object_component>
      <object_component id="oc-aa">
         <name>.debug_info</name>
         <load_address>0x17821</load_address>
         <run_address>0x17821</run_address>
         <size>0x2c</size>
         <input_file_ref idref="fl-ec"/>
      </object_component>
      <object_component id="oc-a8">
         <name>.debug_info</name>
         <load_address>0x1784d</load_address>
         <run_address>0x1784d</run_address>
         <size>0x293</size>
         <input_file_ref idref="fl-ed"/>
      </object_component>
      <object_component id="oc-13">
         <name>.debug_info</name>
         <load_address>0x17ae0</load_address>
         <run_address>0x17ae0</run_address>
         <size>0x245</size>
         <input_file_ref idref="fl-ed"/>
      </object_component>
      <object_component id="oc-39">
         <name>.debug_info</name>
         <load_address>0x17d25</load_address>
         <run_address>0x17d25</run_address>
         <size>0x60</size>
         <input_file_ref idref="fl-ed"/>
      </object_component>
      <object_component id="oc-11c">
         <name>.debug_info</name>
         <load_address>0x17d85</load_address>
         <run_address>0x17d85</run_address>
         <size>0x46</size>
         <input_file_ref idref="fl-ed"/>
      </object_component>
      <object_component id="oc-a3">
         <name>.debug_info</name>
         <load_address>0x17dcb</load_address>
         <run_address>0x17dcb</run_address>
         <size>0x39</size>
         <input_file_ref idref="fl-ed"/>
      </object_component>
      <object_component id="oc-22">
         <name>.debug_info</name>
         <load_address>0x17e04</load_address>
         <run_address>0x17e04</run_address>
         <size>0x100</size>
         <input_file_ref idref="fl-ee"/>
      </object_component>
      <object_component id="oc-62">
         <name>.debug_info</name>
         <load_address>0x17f04</load_address>
         <run_address>0x17f04</run_address>
         <size>0x1a4</size>
         <input_file_ref idref="fl-ee"/>
      </object_component>
      <object_component id="oc-142">
         <name>.debug_info</name>
         <load_address>0x180a8</load_address>
         <run_address>0x180a8</run_address>
         <size>0x117</size>
         <input_file_ref idref="fl-ef"/>
      </object_component>
      <object_component id="oc-1e9">
         <name>.debug_info</name>
         <load_address>0x181bf</load_address>
         <run_address>0x181bf</run_address>
         <size>0x547</size>
         <input_file_ref idref="fl-f3"/>
      </object_component>
      <object_component id="oc-14f">
         <name>.debug_info</name>
         <load_address>0x18706</load_address>
         <run_address>0x18706</run_address>
         <size>0x19b</size>
         <input_file_ref idref="fl-f3"/>
      </object_component>
      <object_component id="oc-25a">
         <name>.debug_info</name>
         <load_address>0x188a1</load_address>
         <run_address>0x188a1</run_address>
         <size>0x39</size>
         <input_file_ref idref="fl-f3"/>
      </object_component>
      <object_component id="oc-292">
         <name>.debug_info</name>
         <load_address>0x188da</load_address>
         <run_address>0x188da</run_address>
         <size>0x39</size>
         <input_file_ref idref="fl-f3"/>
      </object_component>
      <object_component id="oc-25f">
         <name>.debug_info</name>
         <load_address>0x18913</load_address>
         <run_address>0x18913</run_address>
         <size>0x39</size>
         <input_file_ref idref="fl-f3"/>
      </object_component>
      <object_component id="oc-264">
         <name>.debug_info</name>
         <load_address>0x1894c</load_address>
         <run_address>0x1894c</run_address>
         <size>0xcd</size>
         <input_file_ref idref="fl-f3"/>
      </object_component>
      <object_component id="oc-bf">
         <name>.debug_info</name>
         <load_address>0x18a19</load_address>
         <run_address>0x18a19</run_address>
         <size>0x148</size>
         <input_file_ref idref="fl-f4"/>
      </object_component>
      <object_component id="oc-2cb">
         <name>.debug_info</name>
         <load_address>0x18b61</load_address>
         <run_address>0x18b61</run_address>
         <size>0xa6</size>
      </object_component>
      <object_component id="oc-1c3">
         <name>.debug_line</name>
         <load_address>0x0</load_address>
         <run_address>0x0</run_address>
         <size>0xe6</size>
         <input_file_ref idref="fl-2"/>
      </object_component>
      <object_component id="oc-1dd">
         <name>.debug_line</name>
         <load_address>0xe6</load_address>
         <run_address>0xe6</run_address>
         <size>0x2d</size>
         <input_file_ref idref="fl-2"/>
      </object_component>
      <object_component id="oc-c8">
         <name>.debug_line</name>
         <load_address>0x113</load_address>
         <run_address>0x113</run_address>
         <size>0xe6</size>
         <input_file_ref idref="fl-2"/>
      </object_component>
      <object_component id="oc-dc">
         <name>.debug_line</name>
         <load_address>0x1f9</load_address>
         <run_address>0x1f9</run_address>
         <size>0x6b</size>
         <input_file_ref idref="fl-2"/>
      </object_component>
      <object_component id="oc-9c">
         <name>.debug_line</name>
         <load_address>0x264</load_address>
         <run_address>0x264</run_address>
         <size>0x8c</size>
         <input_file_ref idref="fl-2"/>
      </object_component>
      <object_component id="oc-a1">
         <name>.debug_line</name>
         <load_address>0x2f0</load_address>
         <run_address>0x2f0</run_address>
         <size>0x6f</size>
         <input_file_ref idref="fl-2"/>
      </object_component>
      <object_component id="oc-115">
         <name>.debug_line</name>
         <load_address>0x35f</load_address>
         <run_address>0x35f</run_address>
         <size>0x20</size>
         <input_file_ref idref="fl-2"/>
      </object_component>
      <object_component id="oc-217">
         <name>.debug_line</name>
         <load_address>0x37f</load_address>
         <run_address>0x37f</run_address>
         <size>0x6c</size>
         <input_file_ref idref="fl-2"/>
      </object_component>
      <object_component id="oc-13f">
         <name>.debug_line</name>
         <load_address>0x3eb</load_address>
         <run_address>0x3eb</run_address>
         <size>0x6d</size>
         <input_file_ref idref="fl-2"/>
      </object_component>
      <object_component id="oc-8b">
         <name>.debug_line</name>
         <load_address>0x458</load_address>
         <run_address>0x458</run_address>
         <size>0x6f</size>
         <input_file_ref idref="fl-2"/>
      </object_component>
      <object_component id="oc-11a">
         <name>.debug_line</name>
         <load_address>0x4c7</load_address>
         <run_address>0x4c7</run_address>
         <size>0x90</size>
         <input_file_ref idref="fl-2"/>
      </object_component>
      <object_component id="oc-1d9">
         <name>.debug_line</name>
         <load_address>0x557</load_address>
         <run_address>0x557</run_address>
         <size>0x8c</size>
         <input_file_ref idref="fl-2"/>
      </object_component>
      <object_component id="oc-97">
         <name>.debug_line</name>
         <load_address>0x5e3</load_address>
         <run_address>0x5e3</run_address>
         <size>0x8d</size>
         <input_file_ref idref="fl-2"/>
      </object_component>
      <object_component id="oc-90">
         <name>.debug_line</name>
         <load_address>0x670</load_address>
         <run_address>0x670</run_address>
         <size>0x7e</size>
         <input_file_ref idref="fl-2"/>
      </object_component>
      <object_component id="oc-10f">
         <name>.debug_line</name>
         <load_address>0x6ee</load_address>
         <run_address>0x6ee</run_address>
         <size>0x6b</size>
         <input_file_ref idref="fl-2"/>
      </object_component>
      <object_component id="oc-93">
         <name>.debug_line</name>
         <load_address>0x759</load_address>
         <run_address>0x759</run_address>
         <size>0x42</size>
         <input_file_ref idref="fl-3"/>
      </object_component>
      <object_component id="oc-36">
         <name>.debug_line</name>
         <load_address>0x79b</load_address>
         <run_address>0x79b</run_address>
         <size>0x42</size>
         <input_file_ref idref="fl-3"/>
      </object_component>
      <object_component id="oc-28">
         <name>.debug_line</name>
         <load_address>0x7dd</load_address>
         <run_address>0x7dd</run_address>
         <size>0xa2</size>
         <input_file_ref idref="fl-3"/>
      </object_component>
      <object_component id="oc-41">
         <name>.debug_line</name>
         <load_address>0x87f</load_address>
         <run_address>0x87f</run_address>
         <size>0x20</size>
         <input_file_ref idref="fl-3"/>
      </object_component>
      <object_component id="oc-26c">
         <name>.debug_line</name>
         <load_address>0x89f</load_address>
         <run_address>0x89f</run_address>
         <size>0x163</size>
         <input_file_ref idref="fl-5"/>
      </object_component>
      <object_component id="oc-189">
         <name>.debug_line</name>
         <load_address>0xa02</load_address>
         <run_address>0xa02</run_address>
         <size>0x88</size>
         <input_file_ref idref="fl-5"/>
      </object_component>
      <object_component id="oc-270">
         <name>.debug_line</name>
         <load_address>0xa8a</load_address>
         <run_address>0xa8a</run_address>
         <size>0x73</size>
         <input_file_ref idref="fl-5"/>
      </object_component>
      <object_component id="oc-275">
         <name>.debug_line</name>
         <load_address>0xafd</load_address>
         <run_address>0xafd</run_address>
         <size>0x3e</size>
         <input_file_ref idref="fl-5"/>
      </object_component>
      <object_component id="oc-20f">
         <name>.debug_line</name>
         <load_address>0xb3b</load_address>
         <run_address>0xb3b</run_address>
         <size>0x20</size>
         <input_file_ref idref="fl-6"/>
      </object_component>
      <object_component id="oc-ea">
         <name>.debug_line</name>
         <load_address>0xb5b</load_address>
         <run_address>0xb5b</run_address>
         <size>0xee</size>
         <input_file_ref idref="fl-6"/>
      </object_component>
      <object_component id="oc-278">
         <name>.debug_line</name>
         <load_address>0xc49</load_address>
         <run_address>0xc49</run_address>
         <size>0x17a</size>
         <input_file_ref idref="fl-7"/>
      </object_component>
      <object_component id="oc-1a7">
         <name>.debug_line</name>
         <load_address>0xdc3</load_address>
         <run_address>0xdc3</run_address>
         <size>0x7ce</size>
         <input_file_ref idref="fl-7"/>
      </object_component>
      <object_component id="oc-27c">
         <name>.debug_line</name>
         <load_address>0x1591</load_address>
         <run_address>0x1591</run_address>
         <size>0x37</size>
         <input_file_ref idref="fl-7"/>
      </object_component>
      <object_component id="oc-180">
         <name>.debug_line</name>
         <load_address>0x15c8</load_address>
         <run_address>0x15c8</run_address>
         <size>0x1cd</size>
         <input_file_ref idref="fl-8"/>
      </object_component>
      <object_component id="oc-d7">
         <name>.debug_line</name>
         <load_address>0x1795</load_address>
         <run_address>0x1795</run_address>
         <size>0x37</size>
         <input_file_ref idref="fl-8"/>
      </object_component>
      <object_component id="oc-19c">
         <name>.debug_line</name>
         <load_address>0x17cc</load_address>
         <run_address>0x17cc</run_address>
         <size>0x37</size>
         <input_file_ref idref="fl-8"/>
      </object_component>
      <object_component id="oc-1bf">
         <name>.debug_line</name>
         <load_address>0x1803</load_address>
         <run_address>0x1803</run_address>
         <size>0x37</size>
         <input_file_ref idref="fl-8"/>
      </object_component>
      <object_component id="oc-1c1">
         <name>.debug_line</name>
         <load_address>0x183a</load_address>
         <run_address>0x183a</run_address>
         <size>0x37</size>
         <input_file_ref idref="fl-8"/>
      </object_component>
      <object_component id="oc-1a0">
         <name>.debug_line</name>
         <load_address>0x1871</load_address>
         <run_address>0x1871</run_address>
         <size>0x37</size>
         <input_file_ref idref="fl-8"/>
      </object_component>
      <object_component id="oc-1bd">
         <name>.debug_line</name>
         <load_address>0x18a8</load_address>
         <run_address>0x18a8</run_address>
         <size>0x37</size>
         <input_file_ref idref="fl-8"/>
      </object_component>
      <object_component id="oc-19e">
         <name>.debug_line</name>
         <load_address>0x18df</load_address>
         <run_address>0x18df</run_address>
         <size>0x37</size>
         <input_file_ref idref="fl-8"/>
      </object_component>
      <object_component id="oc-1a2">
         <name>.debug_line</name>
         <load_address>0x1916</load_address>
         <run_address>0x1916</run_address>
         <size>0x37</size>
         <input_file_ref idref="fl-8"/>
      </object_component>
      <object_component id="oc-80">
         <name>.debug_line</name>
         <load_address>0x194d</load_address>
         <run_address>0x194d</run_address>
         <size>0xc79</size>
         <input_file_ref idref="fl-8"/>
      </object_component>
      <object_component id="oc-184">
         <name>.debug_line</name>
         <load_address>0x25c6</load_address>
         <run_address>0x25c6</run_address>
         <size>0x37</size>
         <input_file_ref idref="fl-8"/>
      </object_component>
      <object_component id="oc-222">
         <name>.debug_line</name>
         <load_address>0x25fd</load_address>
         <run_address>0x25fd</run_address>
         <size>0x1af</size>
         <input_file_ref idref="fl-9"/>
      </object_component>
      <object_component id="oc-21e">
         <name>.debug_line</name>
         <load_address>0x27ac</load_address>
         <run_address>0x27ac</run_address>
         <size>0x38</size>
         <input_file_ref idref="fl-9"/>
      </object_component>
      <object_component id="oc-220">
         <name>.debug_line</name>
         <load_address>0x27e4</load_address>
         <run_address>0x27e4</run_address>
         <size>0x38</size>
         <input_file_ref idref="fl-9"/>
      </object_component>
      <object_component id="oc-21c">
         <name>.debug_line</name>
         <load_address>0x281c</load_address>
         <run_address>0x281c</run_address>
         <size>0x38</size>
         <input_file_ref idref="fl-9"/>
      </object_component>
      <object_component id="oc-21a">
         <name>.debug_line</name>
         <load_address>0x2854</load_address>
         <run_address>0x2854</run_address>
         <size>0x38</size>
         <input_file_ref idref="fl-9"/>
      </object_component>
      <object_component id="oc-fc">
         <name>.debug_line</name>
         <load_address>0x288c</load_address>
         <run_address>0x288c</run_address>
         <size>0x410</size>
         <input_file_ref idref="fl-9"/>
      </object_component>
      <object_component id="oc-1ba">
         <name>.debug_line</name>
         <load_address>0x2c9c</load_address>
         <run_address>0x2c9c</run_address>
         <size>0x38</size>
         <input_file_ref idref="fl-9"/>
      </object_component>
      <object_component id="oc-10b">
         <name>.debug_line</name>
         <load_address>0x2cd4</load_address>
         <run_address>0x2cd4</run_address>
         <size>0x97</size>
         <input_file_ref idref="fl-a"/>
      </object_component>
      <object_component id="oc-df">
         <name>.debug_line</name>
         <load_address>0x2d6b</load_address>
         <run_address>0x2d6b</run_address>
         <size>0x4c</size>
         <input_file_ref idref="fl-a"/>
      </object_component>
      <object_component id="oc-109">
         <name>.debug_line</name>
         <load_address>0x2db7</load_address>
         <run_address>0x2db7</run_address>
         <size>0x4c</size>
         <input_file_ref idref="fl-a"/>
      </object_component>
      <object_component id="oc-33">
         <name>.debug_line</name>
         <load_address>0x2e03</load_address>
         <run_address>0x2e03</run_address>
         <size>0x145</size>
         <input_file_ref idref="fl-a"/>
      </object_component>
      <object_component id="oc-2e">
         <name>.debug_line</name>
         <load_address>0x2f48</load_address>
         <run_address>0x2f48</run_address>
         <size>0xe8</size>
         <input_file_ref idref="fl-b"/>
      </object_component>
      <object_component id="oc-20d">
         <name>.debug_line</name>
         <load_address>0x3030</load_address>
         <run_address>0x3030</run_address>
         <size>0x6b</size>
         <input_file_ref idref="fl-c"/>
      </object_component>
      <object_component id="oc-20b">
         <name>.debug_line</name>
         <load_address>0x309b</load_address>
         <run_address>0x309b</run_address>
         <size>0x49</size>
         <input_file_ref idref="fl-c"/>
      </object_component>
      <object_component id="oc-202">
         <name>.debug_line</name>
         <load_address>0x30e4</load_address>
         <run_address>0x30e4</run_address>
         <size>0x49</size>
         <input_file_ref idref="fl-c"/>
      </object_component>
      <object_component id="oc-209">
         <name>.debug_line</name>
         <load_address>0x312d</load_address>
         <run_address>0x312d</run_address>
         <size>0x49</size>
         <input_file_ref idref="fl-c"/>
      </object_component>
      <object_component id="oc-200">
         <name>.debug_line</name>
         <load_address>0x3176</load_address>
         <run_address>0x3176</run_address>
         <size>0x49</size>
         <input_file_ref idref="fl-c"/>
      </object_component>
      <object_component id="oc-e4">
         <name>.debug_line</name>
         <load_address>0x31bf</load_address>
         <run_address>0x31bf</run_address>
         <size>0x11c</size>
         <input_file_ref idref="fl-c"/>
      </object_component>
      <object_component id="oc-206">
         <name>.debug_line</name>
         <load_address>0x32db</load_address>
         <run_address>0x32db</run_address>
         <size>0x49</size>
         <input_file_ref idref="fl-c"/>
      </object_component>
      <object_component id="oc-22d">
         <name>.debug_line</name>
         <load_address>0x3324</load_address>
         <run_address>0x3324</run_address>
         <size>0xd9</size>
         <input_file_ref idref="fl-11"/>
      </object_component>
      <object_component id="oc-249">
         <name>.debug_line</name>
         <load_address>0x33fd</load_address>
         <run_address>0x33fd</run_address>
         <size>0xae</size>
         <input_file_ref idref="fl-1a"/>
      </object_component>
      <object_component id="oc-226">
         <name>.debug_line</name>
         <load_address>0x34ab</load_address>
         <run_address>0x34ab</run_address>
         <size>0x37</size>
         <input_file_ref idref="fl-1a"/>
      </object_component>
      <object_component id="oc-228">
         <name>.debug_line</name>
         <load_address>0x34e2</load_address>
         <run_address>0x34e2</run_address>
         <size>0x37</size>
         <input_file_ref idref="fl-1a"/>
      </object_component>
      <object_component id="oc-247">
         <name>.debug_line</name>
         <load_address>0x3519</load_address>
         <run_address>0x3519</run_address>
         <size>0x37</size>
         <input_file_ref idref="fl-1a"/>
      </object_component>
      <object_component id="oc-136">
         <name>.debug_line</name>
         <load_address>0x3550</load_address>
         <run_address>0x3550</run_address>
         <size>0x68f</size>
         <input_file_ref idref="fl-1a"/>
      </object_component>
      <object_component id="oc-28e">
         <name>.debug_line</name>
         <load_address>0x3bdf</load_address>
         <run_address>0x3bdf</run_address>
         <size>0xa8</size>
         <input_file_ref idref="fl-1d"/>
      </object_component>
      <object_component id="oc-282">
         <name>.debug_line</name>
         <load_address>0x3c87</load_address>
         <run_address>0x3c87</run_address>
         <size>0x3c</size>
         <input_file_ref idref="fl-1d"/>
      </object_component>
      <object_component id="oc-284">
         <name>.debug_line</name>
         <load_address>0x3cc3</load_address>
         <run_address>0x3cc3</run_address>
         <size>0x3c</size>
         <input_file_ref idref="fl-1d"/>
      </object_component>
      <object_component id="oc-286">
         <name>.debug_line</name>
         <load_address>0x3cff</load_address>
         <run_address>0x3cff</run_address>
         <size>0x3c</size>
         <input_file_ref idref="fl-1d"/>
      </object_component>
      <object_component id="oc-288">
         <name>.debug_line</name>
         <load_address>0x3d3b</load_address>
         <run_address>0x3d3b</run_address>
         <size>0x3c</size>
         <input_file_ref idref="fl-1d"/>
      </object_component>
      <object_component id="oc-28a">
         <name>.debug_line</name>
         <load_address>0x3d77</load_address>
         <run_address>0x3d77</run_address>
         <size>0x3c</size>
         <input_file_ref idref="fl-1d"/>
      </object_component>
      <object_component id="oc-28c">
         <name>.debug_line</name>
         <load_address>0x3db3</load_address>
         <run_address>0x3db3</run_address>
         <size>0x3c</size>
         <input_file_ref idref="fl-1d"/>
      </object_component>
      <object_component id="oc-280">
         <name>.debug_line</name>
         <load_address>0x3def</load_address>
         <run_address>0x3def</run_address>
         <size>0x3c</size>
         <input_file_ref idref="fl-1d"/>
      </object_component>
      <object_component id="oc-1d0">
         <name>.debug_line</name>
         <load_address>0x3e2b</load_address>
         <run_address>0x3e2b</run_address>
         <size>0x2fb</size>
         <input_file_ref idref="fl-1d"/>
      </object_component>
      <object_component id="oc-224">
         <name>.debug_line</name>
         <load_address>0x4126</load_address>
         <run_address>0x4126</run_address>
         <size>0x64</size>
         <input_file_ref idref="fl-2d"/>
      </object_component>
      <object_component id="oc-130">
         <name>.debug_line</name>
         <load_address>0x418a</load_address>
         <run_address>0x418a</run_address>
         <size>0x109</size>
         <input_file_ref idref="fl-2d"/>
      </object_component>
      <object_component id="oc-47">
         <name>.debug_line</name>
         <load_address>0x4293</load_address>
         <run_address>0x4293</run_address>
         <size>0x88</size>
         <input_file_ref idref="fl-e9"/>
      </object_component>
      <object_component id="oc-bc">
         <name>.debug_line</name>
         <load_address>0x431b</load_address>
         <run_address>0x431b</run_address>
         <size>0x79</size>
         <input_file_ref idref="fl-ea"/>
      </object_component>
      <object_component id="oc-129">
         <name>.debug_line</name>
         <load_address>0x4394</load_address>
         <run_address>0x4394</run_address>
         <size>0x9e</size>
         <input_file_ref idref="fl-eb"/>
      </object_component>
      <object_component id="oc-58">
         <name>.debug_line</name>
         <load_address>0x4432</load_address>
         <run_address>0x4432</run_address>
         <size>0x4f</size>
         <input_file_ref idref="fl-eb"/>
      </object_component>
      <object_component id="oc-b5">
         <name>.debug_line</name>
         <load_address>0x4481</load_address>
         <run_address>0x4481</run_address>
         <size>0x34</size>
         <input_file_ref idref="fl-eb"/>
      </object_component>
      <object_component id="oc-126">
         <name>.debug_line</name>
         <load_address>0x44b5</load_address>
         <run_address>0x44b5</run_address>
         <size>0x8a</size>
         <input_file_ref idref="fl-eb"/>
      </object_component>
      <object_component id="oc-b0">
         <name>.debug_line</name>
         <load_address>0x453f</load_address>
         <run_address>0x453f</run_address>
         <size>0x20</size>
         <input_file_ref idref="fl-ec"/>
      </object_component>
      <object_component id="oc-1d">
         <name>.debug_line</name>
         <load_address>0x455f</load_address>
         <run_address>0x455f</run_address>
         <size>0x55</size>
         <input_file_ref idref="fl-ec"/>
      </object_component>
      <object_component id="oc-4c">
         <name>.debug_line</name>
         <load_address>0x45b4</load_address>
         <run_address>0x45b4</run_address>
         <size>0x3a</size>
         <input_file_ref idref="fl-ec"/>
      </object_component>
      <object_component id="oc-ad">
         <name>.debug_line</name>
         <load_address>0x45ee</load_address>
         <run_address>0x45ee</run_address>
         <size>0x8a</size>
         <input_file_ref idref="fl-ec"/>
      </object_component>
      <object_component id="oc-122">
         <name>.debug_line</name>
         <load_address>0x4678</load_address>
         <run_address>0x4678</run_address>
         <size>0x20</size>
         <input_file_ref idref="fl-ed"/>
      </object_component>
      <object_component id="oc-16">
         <name>.debug_line</name>
         <load_address>0x4698</load_address>
         <run_address>0x4698</run_address>
         <size>0xa9</size>
         <input_file_ref idref="fl-ed"/>
      </object_component>
      <object_component id="oc-3c">
         <name>.debug_line</name>
         <load_address>0x4741</load_address>
         <run_address>0x4741</run_address>
         <size>0x3a</size>
         <input_file_ref idref="fl-ed"/>
      </object_component>
      <object_component id="oc-11f">
         <name>.debug_line</name>
         <load_address>0x477b</load_address>
         <run_address>0x477b</run_address>
         <size>0x92</size>
         <input_file_ref idref="fl-ed"/>
      </object_component>
      <object_component id="oc-a6">
         <name>.debug_line</name>
         <load_address>0x480d</load_address>
         <run_address>0x480d</run_address>
         <size>0x8e</size>
         <input_file_ref idref="fl-ed"/>
      </object_component>
      <object_component id="oc-74">
         <name>.debug_line</name>
         <load_address>0x489b</load_address>
         <run_address>0x489b</run_address>
         <size>0x33</size>
         <input_file_ref idref="fl-ee"/>
      </object_component>
      <object_component id="oc-65">
         <name>.debug_line</name>
         <load_address>0x48ce</load_address>
         <run_address>0x48ce</run_address>
         <size>0x56</size>
         <input_file_ref idref="fl-ee"/>
      </object_component>
      <object_component id="oc-145">
         <name>.debug_line</name>
         <load_address>0x4924</load_address>
         <run_address>0x4924</run_address>
         <size>0x3c</size>
         <input_file_ref idref="fl-ef"/>
      </object_component>
      <object_component id="oc-259">
         <name>.debug_line</name>
         <load_address>0x4960</load_address>
         <run_address>0x4960</run_address>
         <size>0xb7</size>
         <input_file_ref idref="fl-f3"/>
      </object_component>
      <object_component id="oc-152">
         <name>.debug_line</name>
         <load_address>0x4a17</load_address>
         <run_address>0x4a17</run_address>
         <size>0x6c</size>
         <input_file_ref idref="fl-f3"/>
      </object_component>
      <object_component id="oc-25d">
         <name>.debug_line</name>
         <load_address>0x4a83</load_address>
         <run_address>0x4a83</run_address>
         <size>0x2e</size>
         <input_file_ref idref="fl-f3"/>
      </object_component>
      <object_component id="oc-295">
         <name>.debug_line</name>
         <load_address>0x4ab1</load_address>
         <run_address>0x4ab1</run_address>
         <size>0x92</size>
         <input_file_ref idref="fl-f3"/>
      </object_component>
      <object_component id="oc-262">
         <name>.debug_line</name>
         <load_address>0x4b43</load_address>
         <run_address>0x4b43</run_address>
         <size>0x8f</size>
         <input_file_ref idref="fl-f3"/>
      </object_component>
      <object_component id="oc-267">
         <name>.debug_line</name>
         <load_address>0x4bd2</load_address>
         <run_address>0x4bd2</run_address>
         <size>0x8b</size>
         <input_file_ref idref="fl-f3"/>
      </object_component>
      <object_component id="oc-c2">
         <name>.debug_line</name>
         <load_address>0x4c5d</load_address>
         <run_address>0x4c5d</run_address>
         <size>0x40</size>
         <input_file_ref idref="fl-f4"/>
      </object_component>
      <object_component id="oc-c9">
         <name>.debug_frame</name>
         <load_address>0x0</load_address>
         <run_address>0x0</run_address>
         <size>0xd4</size>
         <input_file_ref idref="fl-2"/>
      </object_component>
      <object_component id="oc-29">
         <name>.debug_frame</name>
         <load_address>0xd4</load_address>
         <run_address>0xd4</run_address>
         <size>0x90</size>
         <input_file_ref idref="fl-3"/>
      </object_component>
      <object_component id="oc-eb">
         <name>.debug_frame</name>
         <load_address>0x164</load_address>
         <run_address>0x164</run_address>
         <size>0xb8</size>
         <input_file_ref idref="fl-6"/>
      </object_component>
      <object_component id="oc-1a8">
         <name>.debug_frame</name>
         <load_address>0x21c</load_address>
         <run_address>0x21c</run_address>
         <size>0x3b8</size>
         <input_file_ref idref="fl-7"/>
      </object_component>
      <object_component id="oc-81">
         <name>.debug_frame</name>
         <load_address>0x5d4</load_address>
         <run_address>0x5d4</run_address>
         <size>0x660</size>
         <input_file_ref idref="fl-8"/>
      </object_component>
      <object_component id="oc-fd">
         <name>.debug_frame</name>
         <load_address>0xc34</load_address>
[...]
      </symbol>
      <symbol id="sm-3af">
         <name>xTaskRemoveFromEventList</name>
         <value>0xe65</value>
         <object_component_ref idref="oc-7c"/>
      </symbol>
      <symbol id="sm-43b">
         <name>xTimerGetTimerDaemonTaskHandle</name>
         <value>0x36e1</value>
         <object_component_ref idref="oc-f8"/>
      </symbol>
      <symbol id="sm-43c">
         <name>pcTimerGetName</name>
         <value>0x370f</value>
         <object_component_ref idref="oc-f8"/>
      </symbol>
      <symbol id="sm-43d">
         <name>xTimerCreateTimerTask</name>
         <value>0x35d5</value>
         <object_component_ref idref="oc-f8"/>
      </symbol>
      <symbol id="sm-43e">
         <name>xTimerGetExpiryTime</name>
         <value>0x36f9</value>
         <object_component_ref idref="oc-f8"/>
      </symbol>
      <symbol id="sm-43f">
         <name>xTimerIsTimerActive</name>
         <value>0x3ad1</value>
         <object_component_ref idref="oc-f8"/>
      </symbol>
      <symbol id="sm-440">
         <name>xTimerGetPeriod</name>
         <value>0x36e7</value>
         <object_component_ref idref="oc-f8"/>
      </symbol>
      <symbol id="sm-441">
         <name>xTimerCreate</name>
         <value>0x3601</value>
         <object_component_ref idref="oc-f8"/>
      </symbol>
      <symbol id="sm-442">
         <name>xTimerGenericCommand</name>
         <value>0x3675</value>
         <object_component_ref idref="oc-f8"/>
      </symbol>
      <symbol id="sm-443">
         <name>pvTimerGetTimerID</name>
         <value>0x3afd</value>
         <object_component_ref idref="oc-f8"/>
      </symbol>
      <symbol id="sm-444">
         <name>vTimerSetTimerID</name>
         <value>0x3b17</value>
         <object_component_ref idref="oc-f8"/>
      </symbol>
      <symbol id="sm-473">
         <name>ulMaxSyscallInterruptPriority</name>
         <value>0x4ed0</value>
         <object_component_ref idref="oc-79"/>
      </symbol>
      <symbol id="sm-474">
         <name>vPortSetupTimerInterrupt</name>
         <value>0x471f</value>
         <object_component_ref idref="oc-2f"/>
      </symbol>
      <symbol id="sm-475">
         <name>vPortEndScheduler</name>
         <value>0x46c1</value>
         <object_component_ref idref="oc-2f"/>
      </symbol>
      <symbol id="sm-476">
         <name>xPortSysTickHandler</name>
         <value>0x46f9</value>
         <object_component_ref idref="oc-2f"/>
      </symbol>
      <symbol id="sm-477">
         <name>pxPortInitialiseStack</name>
         <value>0x4621</value>
         <object_component_ref idref="oc-2f"/>
      </symbol>
      <symbol id="sm-478">
         <name>vPortExitCritical</name>
         <value>0x46e3</value>
         <object_component_ref idref="oc-2f"/>
      </symbol>
      <symbol id="sm-479">
         <name>xPortStartScheduler</name>
         <value>0x468b</value>
         <object_component_ref idref="oc-2f"/>
      </symbol>
      <symbol id="sm-47a">
         <name>vPortEnterCritical</name>
         <value>0x46c3</value>
         <object_component_ref idref="oc-2f"/>
      </symbol>
      <symbol id="sm-489">
         <name>vPortStartFirstTask</name>
         <value>0x4921</value>
         <object_component_ref idref="oc-2a"/>
      </symbol>
      <symbol id="sm-48a">
         <name>ulPortGetIPSR</name>
         <value>0x4889</value>
         <object_component_ref idref="oc-2a"/>
      </symbol>
      <symbol id="sm-48b">
         <name>vPortEnableVFP</name>
         <value>0x493d</value>
         <object_component_ref idref="oc-2a"/>
      </symbol>
      <symbol id="sm-48c">
         <name>xPortPendSVHandler</name>
         <value>0x48a1</value>
         <object_component_ref idref="oc-2a"/>
      </symbol>
      <symbol id="sm-48d">
         <name>vPortSVCHandler</name>
         <value>0x4901</value>
         <object_component_ref idref="oc-2a"/>
      </symbol>
      <symbol id="sm-4d4">
         <name>vPortInitialiseBlocks</name>
         <value>0x445d</value>
         <object_component_ref idref="oc-e0"/>
      </symbol>
      <symbol id="sm-4d5">
         <name>xPortGetFreeHeapSize</name>
         <value>0x4457</value>
         <object_component_ref idref="oc-e0"/>
      </symbol>
      <symbol id="sm-4d6">
         <name>pvPortMalloc</name>
         <value>0x4301</value>
         <object_component_ref idref="oc-e0"/>
      </symbol>
      <symbol id="sm-4d7">
         <name>vPortFree</name>
         <value>0x43f9</value>
         <object_component_ref idref="oc-e0"/>
      </symbol>
      <symbol id="sm-4ea">
         <name>CPUbasepriGet</name>
         <value>0x4b41</value>
         <object_component_ref idref="oc-229"/>
      </symbol>
      <symbol id="sm-4eb">
         <name>CPUbasepriSet</name>
         <value>0x4b33</value>
         <object_component_ref idref="oc-229"/>
      </symbol>
      <symbol id="sm-4ec">
         <name>CPUprimask</name>
         <value>0x4b19</value>
         <object_component_ref idref="oc-229"/>
      </symbol>
      <symbol id="sm-4ed">
         <name>CPUcpsie</name>
         <value>0x4b23</value>
         <object_component_ref idref="oc-229"/>
      </symbol>
      <symbol id="sm-4ee">
         <name>CPUcpsid</name>
         <value>0x4b0d</value>
         <object_component_ref idref="oc-229"/>
      </symbol>
      <symbol id="sm-4ef">
         <name>CPUwfi</name>
         <value>0x4b2f</value>
         <object_component_ref idref="oc-229"/>
      </symbol>
      <symbol id="sm-60a">
         <name>GPIOPinTypePWM</name>
         <value>0x26ed</value>
         <object_component_ref idref="oc-132"/>
      </symbol>
      <symbol id="sm-60b">
         <name>GPIOIntRegister</name>
         <value>0x22ef</value>
         <object_component_ref idref="oc-132"/>
      </symbol>
      <symbol id="sm-60c">
         <name>GPIOPinConfigure</name>
         <value>0x29c3</value>
         <object_component_ref idref="oc-132"/>
      </symbol>
      <symbol id="sm-60d">
         <name>GPIOPinTypeGPIOOutputOD</name>
         <value>0x256f</value>
         <object_component_ref idref="oc-132"/>
      </symbol>
      <symbol id="sm-60e">
         <name>GPIOPinTypeI2CSCL</name>
         <value>0x25db</value>
         <object_component_ref idref="oc-132"/>
      </symbol>
      <symbol id="sm-60f">
         <name>GPIOPinTypeUSBAnalog</name>
         <value>0x27fb</value>
         <object_component_ref idref="oc-132"/>
      </symbol>
      <symbol id="sm-610">
         <name>GPIOIntDisable</name>
         <value>0x2275</value>
         <object_component_ref idref="oc-132"/>
      </symbol>
      <symbol id="sm-611">
         <name>GPIODirModeGet</name>
         <value>0x1b95</value>
         <object_component_ref idref="oc-132"/>
      </symbol>
      <symbol id="sm-612">
         <name>GPIOPinTypeWakeHigh</name>
         <value>0x2867</value>
         <object_component_ref idref="oc-132"/>
      </symbol>
      <symbol id="sm-613">
         <name>GPIOPinTypeWakeLow</name>
         <value>0x289f</value>
         <object_component_ref idref="oc-132"/>
      </symbol>
      <symbol id="sm-614">
         <name>GPIOIntEnable</name>
         <value>0x224d</value>
         <object_component_ref idref="oc-132"/>
      </symbol>
      <symbol id="sm-615">
         <name>GPIOPinTypeI2C</name>
         <value>0x25a5</value>
         <object_component_ref idref="oc-132"/>
      </symbol>
      <symbol id="sm-616">
         <name>GPIOPinTypeUSBDigital</name>
         <value>0x2831</value>
         <object_component_ref idref="oc-132"/>
      </symbol>
      <symbol id="sm-617">
         <name>GPIOIntTypeSet</name>
         <value>0x1c61</value>
         <object_component_ref idref="oc-132"/>
      </symbol>
      <symbol id="sm-618">
         <name>GPIOPinTypeADC</name>
         <value>0x23bf</value>
         <object_component_ref idref="oc-132"/>
      </symbol>
      <symbol id="sm-619">
         <name>GPIODMATriggerDisable</name>
         <value>0x2a75</value>
         <object_component_ref idref="oc-132"/>
      </symbol>
      <symbol id="sm-61a">
         <name>GPIOPinTypeKBColumn</name>
         <value>0x290d</value>
         <object_component_ref idref="oc-132"/>
      </symbol>
      <symbol id="sm-61b">
         <name>GPIOPinTypeGPIOInput</name>
         <value>0x2503</value>
         <object_component_ref idref="oc-132"/>
      </symbol>
      <symbol id="sm-61c">
         <name>GPIOPinTypeLEDSeq</name>
         <value>0x2943</value>
         <object_component_ref idref="oc-132"/>
      </symbol>
      <symbol id="sm-61d">
         <name>GPIOPinTypeLPC</name>
         <value>0x2647</value>
         <object_component_ref idref="oc-132"/>
      </symbol>
      <symbol id="sm-61e">
         <name>GPIOIntUnregister</name>
         <value>0x232d</value>
         <object_component_ref idref="oc-132"/>
      </symbol>
      <symbol id="sm-61f">
         <name>GPIOPinTypeComparator</name>
         <value>0x242b</value>
         <object_component_ref idref="oc-132"/>
      </symbol>
      <symbol id="sm-620">
         <name>GPIOPadConfigGet</name>
         <value>0x20d5</value>
         <object_component_ref idref="oc-132"/>
      </symbol>
      <symbol id="sm-621">
         <name>GPIOPinTypeKBRow</name>
         <value>0x28d7</value>
         <object_component_ref idref="oc-132"/>
      </symbol>
      <symbol id="sm-622">
         <name>GPIOIntClear</name>
         <value>0x22cd</value>
         <object_component_ref idref="oc-132"/>
      </symbol>
      <symbol id="sm-623">
         <name>GPIOADCTriggerEnable</name>
         <value>0x2aa1</value>
         <object_component_ref idref="oc-132"/>
      </symbol>
      <symbol id="sm-624">
         <name>GPIOADCTriggerDisable</name>
         <value>0x2acd</value>
         <object_component_ref idref="oc-132"/>
      </symbol>
      <symbol id="sm-625">
         <name>GPIOPinTypeUART</name>
         <value>0x27c5</value>
         <object_component_ref idref="oc-132"/>
      </symbol>
      <symbol id="sm-626">
         <name>GPIOIntStatus</name>
         <value>0x229d</value>
         <object_component_ref idref="oc-132"/>
      </symbol>
      <symbol id="sm-627">
         <name>GPIOPinTypeGPIOOutput</name>
         <value>0x2539</value>
         <object_component_ref idref="oc-132"/>
      </symbol>
      <symbol id="sm-628">
         <name>GPIOIntTypeGet</name>
         <value>0x1d5d</value>
         <object_component_ref idref="oc-132"/>
      </symbol>
      <symbol id="sm-629">
         <name>GPIOPinRead</name>
         <value>0x2367</value>
         <object_component_ref idref="oc-132"/>
      </symbol>
      <symbol id="sm-62a">
         <name>GPIODirModeSet</name>
         <value>0x1b11</value>
         <object_component_ref idref="oc-132"/>
      </symbol>
      <symbol id="sm-62b">
         <name>GPIOPinTypeCIR</name>
         <value>0x297d</value>
         <object_component_ref idref="oc-132"/>
      </symbol>
      <symbol id="sm-62c">
         <name>GPIOPinTypeQEI</name>
         <value>0x2723</value>
         <object_component_ref idref="oc-132"/>
      </symbol>
      <symbol id="sm-62d">
         <name>GPIODMATriggerEnable</name>
         <value>0x2a49</value>
         <object_component_ref idref="oc-132"/>
      </symbol>
      <symbol id="sm-62e">
         <name>GPIOPinTypeEthernetMII</name>
         <value>0x24cd</value>
         <object_component_ref idref="oc-132"/>
      </symbol>
      <symbol id="sm-62f">
         <name>GPIOPinWrite</name>
         <value>0x2391</value>
         <object_component_ref idref="oc-132"/>
      </symbol>
      <symbol id="sm-630">
         <name>GPIOPadConfigSet</name>
         <value>0x1e1b</value>
         <object_component_ref idref="oc-132"/>
      </symbol>
      <symbol id="sm-631">
         <name>GPIOPinTypeLCD</name>
         <value>0x2611</value>
         <object_component_ref idref="oc-132"/>
      </symbol>
      <symbol id="sm-632">
         <name>GPIOPinTypeSSI</name>
         <value>0x2759</value>
         <object_component_ref idref="oc-132"/>
      </symbol>
      <symbol id="sm-633">
         <name>GPIOPinTypeTimer</name>
         <value>0x278f</value>
         <object_component_ref idref="oc-132"/>
      </symbol>
      <symbol id="sm-634">
         <name>GPIOPinTypeCAN</name>
         <value>0x23f5</value>
         <object_component_ref idref="oc-132"/>
      </symbol>
      <symbol id="sm-635">
         <name>GPIOPinTypePECITx</name>
         <value>0x26b7</value>
         <object_component_ref idref="oc-132"/>
      </symbol>
      <symbol id="sm-636">
         <name>GPIOPinTypePECIRx</name>
         <value>0x2681</value>
         <object_component_ref idref="oc-132"/>
      </symbol>
      <symbol id="sm-637">
         <name>GPIOPinTypeEPI</name>
         <value>0x2461</value>
         <object_component_ref idref="oc-132"/>
      </symbol>
      <symbol id="sm-638">
         <name>GPIOPinTypeEthernetLED</name>
         <value>0x2497</value>
         <object_component_ref idref="oc-132"/>
      </symbol>
      <symbol id="sm-639">
         <name>GPIOPinWakeStatus</name>
         <value>0x29b3</value>
         <object_component_ref idref="oc-132"/>
      </symbol>
      <symbol id="sm-6cc">
         <name>IntPendClear</name>
         <value>0x3f25</value>
         <object_component_ref idref="oc-1cc"/>
      </symbol>
      <symbol id="sm-6cd">
         <name>IntPriorityGroupingGet</name>
         <value>0x3c2b</value>
         <object_component_ref idref="oc-1cc"/>
      </symbol>
      <symbol id="sm-6ce">
         <name>IntPrioritySet</name>
         <value>0x3c63</value>
         <object_component_ref idref="oc-1cc"/>
      </symbol>
      <symbol id="sm-6cf">
         <name>IntIsEnabled</name>
         <value>0x3e01</value>
         <object_component_ref idref="oc-1cc"/>
      </symbol>
      <symbol id="sm-6d0">
         <name>IntEnable</name>
         <value>0x3cfb</value>
         <object_component_ref idref="oc-1cc"/>
      </symbol>
      <symbol id="sm-6d1">
         <name>IntTrigger</name>
         <value>0x3f93</value>
         <object_component_ref idref="oc-1cc"/>
      </symbol>
      <symbol id="sm-6d2">
         <name>IntPriorityMaskSet</name>
         <value>0x3f7f</value>
         <object_component_ref idref="oc-1cc"/>
      </symbol>
      <symbol id="sm-6d3">
         <name>IntPriorityGroupingSet</name>
         <value>0x3c05</value>
         <object_component_ref idref="oc-1cc"/>
      </symbol>
      <symbol id="sm-6d4">
         <name>IntDisable</name>
         <value>0x3d79</value>
         <object_component_ref idref="oc-1cc"/>
      </symbol>
      <symbol id="sm-6d5">
         <name>IntRegister</name>
         <value>0x3b6f</value>
         <object_component_ref idref="oc-1cc"/>
      </symbol>
      <symbol id="sm-6d6">
         <name>IntPriorityGet</name>
         <value>0x3cc5</value>
         <object_component_ref idref="oc-1cc"/>
      </symbol>
      <symbol id="sm-6d7">
         <name>IntMasterDisable</name>
         <value>0x3b5f</value>
         <object_component_ref idref="oc-1cc"/>
      </symbol>
      <symbol id="sm-6d8">
         <name>IntUnregister</name>
         <value>0x3be5</value>
         <object_component_ref idref="oc-1cc"/>
      </symbol>
      <symbol id="sm-6d9">
         <name>IntPriorityMaskGet</name>
         <value>0x3f8b</value>
         <object_component_ref idref="oc-1cc"/>
      </symbol>
      <symbol id="sm-6da">
         <name>g_pfnRAMVectors</name>
         <value>0x20000000</value>
         <object_component_ref idref="oc-22f"/>
      </symbol>
      <symbol id="sm-6db">
         <name>IntMasterEnable</name>
         <value>0x3b4f</value>
         <object_component_ref idref="oc-1cc"/>
      </symbol>
      <symbol id="sm-6dc">
         <name>IntPendSet</name>
         <value>0x3eb5</value>
         <object_component_ref idref="oc-1cc"/>
      </symbol>
      <symbol id="sm-724">
         <name>LEDWrite</name>
         <value>0x41af</value>
         <object_component_ref idref="oc-12c"/>
      </symbol>
      <symbol id="sm-725">
         <name>LEDRead</name>
         <value>0x423f</value>
         <object_component_ref idref="oc-12c"/>
      </symbol>
      <symbol id="sm-726">
         <name>PinoutSet</name>
         <value>0x3fdd</value>
         <object_component_ref idref="oc-12c"/>
      </symbol>
      <symbol id="sm-743">
         <name>memcpy</name>
         <value>0x494b</value>
         <object_component_ref idref="oc-43"/>
      </symbol>
      <symbol id="sm-744">
         <name>__aeabi_memcpy</name>
         <value>0x494b</value>
         <object_component_ref idref="oc-43"/>
      </symbol>
      <symbol id="sm-745">
         <name>__aeabi_memcpy8</name>
         <value>0x494b</value>
         <object_component_ref idref="oc-43"/>
      </symbol>
      <symbol id="sm-746">
         <name>__aeabi_memcpy4</name>
         <value>0x494b</value>
         <object_component_ref idref="oc-43"/>
      </symbol>
      <symbol id="sm-755">
         <name>__aeabi_memset</name>
         <value>0x49e9</value>
         <object_component_ref idref="oc-b8"/>
      </symbol>
      <symbol id="sm-756">
         <name>memset</name>
         <value>0x49ef</value>
         <object_component_ref idref="oc-b8"/>
      </symbol>
      <symbol id="sm-757">
         <name>__aeabi_memset8</name>
         <value>0x49e9</value>
         <object_component_ref idref="oc-b8"/>
      </symbol>
      <symbol id="sm-758">
         <name>__aeabi_memset4</name>
         <value>0x49e9</value>
         <object_component_ref idref="oc-b8"/>
      </symbol>
      <symbol id="sm-759">
         <name>__aeabi_memclr8</name>
         <value>0x49e7</value>
         <object_component_ref idref="oc-b8"/>
      </symbol>
      <symbol id="sm-75a">
         <name>__aeabi_memclr4</name>
         <value>0x49e7</value>
         <object_component_ref idref="oc-b8"/>
      </symbol>
      <symbol id="sm-75b">
         <name>__aeabi_memclr</name>
         <value>0x49e7</value>
         <object_component_ref idref="oc-b8"/>
      </symbol>
      <symbol id="sm-772">
         <name>__TI_zero_init</name>
         <value>0x4b93</value>
         <object_component_ref idref="oc-55"/>
      </symbol>
      <symbol id="sm-789">
         <name>__TI_decompress_none</name>
         <value>0x4b85</value>
         <object_component_ref idref="oc-18"/>
      </symbol>
      <symbol id="sm-7ac">
         <name>__TI_decompress_lzss</name>
         <value>0x4a61</value>
         <object_component_ref idref="oc-12"/>
      </symbol>
      <symbol id="sm-7bf">
         <name>__stack</name>
         <value>0x2000c710</value>
         <object_component_ref idref="oc-21"/>
      </symbol>
      <symbol id="sm-7c0">
         <name>_c_int00_noargs</name>
         <value>0x4b4d</value>
         <object_component_ref idref="oc-61"/>
      </symbol>
      <symbol id="sm-7cb">
         <name>C$$EXIT</name>
         <value>0x4baf</value>
         <object_component_ref idref="oc-141"/>
      </symbol>
      <symbol id="sm-7cc">
         <name>abort</name>
         <value>0x4baf</value>
         <object_component_ref idref="oc-141"/>
      </symbol>
      <symbol id="sm-7f7">
         <name>__TI_auto_init_nobinit_nopinit</name>
         <value>0x4ac9</value>
         <object_component_ref idref="oc-14d"/>
      </symbol>
      <symbol id="sm-801">
         <name>_system_pre_init</name>
         <value>0x4bab</value>
         <object_component_ref idref="oc-be"/>
      </symbol>
      <symbol id="sm-803">
         <name>__TI_static_base__</name>
         <value>0x0</value>
      </symbol>
      <symbol id="sm-806">
         <name>__mpu_init</name>
         <value>0x0</value>
      </symbol>
      <symbol id="sm-807">
         <name>_system_post_cinit</name>
         <value>0x0</value>
      </symbol>
   </symbol_table>
   <title>Link successful</title>
</link_info>
