******************************************************************************
                  TI ARM Linker Unix v18.1.1                   
******************************************************************************
>> Linked Fri Apr  6 16:53:59 2018

OUTPUT FILE NAME:   <FreeRTOS_tiva_demo.out>
ENTRY POINT SYMBOL: "_c_int00_noargs"  address: 0000511d


MEMORY CONFIGURATION

         name            origin    length      used     unused   attr    fill
----------------------  --------  ---------  --------  --------  ----  --------
  FLASH                 00000000   00100000  0000551a  000faae6  R  X
  SRAM                  20000000   00040000  0000c968  00033698  RW X


SEGMENT ALLOCATION MAP

run origin  load origin   length   init length attrs members
----------  ----------- ---------- ----------- ----- -------
00000000    00000000    00005520   00005520    r-x
  00000000    00000000    00000208   00000208    r-- .intvecs
  00000208    00000208    00004f7a   00004f7a    r-x .text
  00005184    00005184    00000350   00000350    r-- .const
  000054d8    000054d8    00000048   00000048    r-- .cinit
20000000    20000000    0000c96c   00000000    rw-
  20000000    20000000    0000026c   00000000    rw- .vtable
  2000026c    2000026c    0000c4a8   00000000    rw- .bss
  2000c718    2000c718    00000200   00000000    rw- .stack
  2000c918    2000c918    00000054   00000000    rw- .data


SECTION ALLOCATION MAP

 output                                  attributes/
section   page    origin      length       input sections
--------  ----  ----------  ----------   ----------------
.intvecs   0    00000000    00000208     
                  00000000    00000208     tm4c1294ncpdt_startup_ccs.obj (.intvecs)

.text      0    00000208    00004f7a     
                  00000208    000017b0     tasks.obj (.text)
                  000019b8    0000114c     gpio.obj (.text)
                  00002b04    00000ad0     queue.obj (.text)
                  000035d4    00000578     timers.obj (.text)
                  00003b4c    0000056c     uartstdio.obj (.text)
                  000040b8    00000490     interrupt.obj (.text)
                  00004548    00000324     pinout.obj (.text)
                  0000486c    000001b8     heap_2.obj (.text)
                  00004a24    0000018c     main.obj (.text)
                  00004bb0    0000012c     port.obj (.text)
                  00004cdc    0000012a     list.obj (.text)
                  00004e06    00000002     rtsv7M4_T_le_v4SPD16_eabi.lib : div0.asm.obj (.text)
                  00004e08    000000d2     portasm.obj (.text)
                  00004eda    0000009c     rtsv7M4_T_le_v4SPD16_eabi.lib : memcpy_t2.asm.obj (.text)
                  00004f76    0000007a                                   : memset_t2.asm.obj (.text)
                  00004ff0    00000068                                   : copy_decompress_lzss.c.obj (.text:decompress:lzss:__TI_decompress_lzss)
                  00005058    00000044                                   : autoinit.c.obj (.text:__TI_auto_init_nobinit_nopinit:__TI_auto_init_nobinit_nopinit)
                  0000509c    00000040                                   : u_divt2.asm.obj (.text)
                  000050dc    0000003e     cpu.obj (.text)
                  0000511a    00000002     --HOLE-- [fill = 0]
                  0000511c    00000038     rtsv7M4_T_le_v4SPD16_eabi.lib : boot_cortex_m.c.obj (.text:_c_int00_noargs:_c_int00_noargs)
                  00005154    0000000e                                   : copy_decompress_none.c.obj (.text:decompress:none:__TI_decompress_none)
                  00005162    0000000c                                   : copy_zero_init.c.obj (.text:decompress:ZI:__TI_zero_init)
                  0000516e    0000000c     tm4c1294ncpdt_startup_ccs.obj (.text)
                  0000517a    00000004     rtsv7M4_T_le_v4SPD16_eabi.lib : pre_init.c.obj (.text:_system_pre_init)
                  0000517e    00000004                                   : exit.c.obj (.text:abort:abort)

.const     0    00005184    00000350     
                  00005184    000000c0     gpio.obj (.const:g_ppui32GPIOIntMapBlizzard)
                  00005244    000000c0     gpio.obj (.const:g_ppui32GPIOIntMapSnowflake)
                  00005304    0000009c     interrupt.obj (.const:g_pui32Regs)
                  000053a0    00000090     gpio.obj (.const:g_pui32GPIOBaseAddrs)
                  00005430    00000020     interrupt.obj (.const:g_pui32Priority)
                  00005450    00000014     interrupt.obj (.const:g_pui32Dii16Regs)
                  00005464    00000014     interrupt.obj (.const:g_pui32EnRegs)
                  00005478    00000014     interrupt.obj (.const:g_pui32PendRegs)
                  0000548c    00000014     interrupt.obj (.const:g_pui32UnpendRegs)
                  000054a0    00000012     uartstdio.obj (.const:.string)
                  000054b2    00000002     --HOLE-- [fill = 0]
                  000054b4    0000000c     uartstdio.obj (.const:g_ui32UARTBase)
                  000054c0    0000000c     uartstdio.obj (.const:g_ui32UARTPeriph)
                  000054cc    00000004     port.obj (.const)
                  000054d0    00000004     uartstdio.obj (.const)

.cinit     0    000054d8    00000048     
                  000054d8    0000000f     (.cinit..data.load) [load image, compression = lzss]
                  000054e7    00000001     --HOLE-- [fill = 0]
                  000054e8    0000000c     (__TI_handler_table)
                  000054f4    00000004     --HOLE-- [fill = 0]
                  000054f8    00000008     (.cinit..bss.load) [load image, compression = zero_init]
                  00005500    00000008     (.cinit..vtable.load) [load image, compression = zero_init]
                  00005508    00000018     (__TI_cinit_table)

.init_array 
*          0    00000000    00000000     UNINITIALIZED

.vtable    0    20000000    0000026c     UNINITIALIZED
                  20000000    0000026c     interrupt.obj (.vtable)

.bss       0    2000026c    0000c4a8     UNINITIALIZED
                  2000026c    0000c350     heap_2.obj (.bss:ucHeap)
                  2000c5bc    00000064     tasks.obj (.bss:pxReadyTasksLists)
                  2000c620    00000040     (.common:xQueueRegistry)
                  2000c660    00000014     timers.obj (.bss:xActiveTimerList1)
                  2000c674    00000014     timers.obj (.bss:xActiveTimerList2)
                  2000c688    00000014     tasks.obj (.bss:xDelayedTaskList1)
                  2000c69c    00000014     tasks.obj (.bss:xDelayedTaskList2)
                  2000c6b0    00000014     tasks.obj (.bss:xPendingReadyList)
                  2000c6c4    00000014     tasks.obj (.bss:xSuspendedTaskList)
                  2000c6d8    00000014     tasks.obj (.bss:xTasksWaitingTermination)
                  2000c6ec    00000008     tasks.obj (.bss)
                  2000c6f4    00000008     timers.obj (.bss)
                  2000c6fc    00000008     heap_2.obj (.bss:xEnd)
                  2000c704    00000008     heap_2.obj (.bss:xStart)
                  2000c70c    00000004     (.common:xSem_1)
                  2000c710    00000004     (.common:xSem_2)

.data      0    2000c918    00000054     UNINITIALIZED
                  2000c918    00000034     tasks.obj (.data)
                  2000c94c    0000000c     timers.obj (.data)
                  2000c958    00000008     heap_2.obj (.data)
                  2000c960    00000005     uartstdio.obj (.data)
                  2000c965    00000003     --HOLE--
                  2000c968    00000004     port.obj (.data)

.stack     0    2000c718    00000200     UNINITIALIZED
                  2000c718    00000004     rtsv7M4_T_le_v4SPD16_eabi.lib : boot_cortex_m.c.obj (.stack)
                  2000c71c    000001fc     --HOLE--

MODULE SUMMARY

       Module                          code    ro data   rw data
       ------                          ----    -------   -------
    ./
       tm4c1294ncpdt_startup_ccs.obj   12      520       0      
       main.obj                        396     0         8      
    +--+-------------------------------+-------+---------+---------+
       Total:                          408     520       8      
                                                                
    ./FreeRTOS/
       tasks.obj                       6064    0         260    
       queue.obj                       2768    0         64     
       timers.obj                      1400    0         60     
       list.obj                        298     0         0      
    +--+-------------------------------+-------+---------+---------+
       Total:                          10530   0         384    
                                                                
    ./FreeRTOS/portable/CCS/ARM_CM4F/
       port.obj                        300     4         4      
       portasm.obj                     210     0         0      
    +--+-------------------------------+-------+---------+---------+
       Total:                          510     4         4      
                                                                
    ./FreeRTOS/portable/MemMang/
       heap_2.obj                      440     0         50024  
    +--+-------------------------------+-------+---------+---------+
       Total:                          440     0         50024  
                                                                
    ./driverlib/
       gpio.obj                        4428    528       0      
       interrupt.obj                   1168    268       620    
       cpu.obj                         62      0         0      
    +--+-------------------------------+-------+---------+---------+
       Total:                          5658    796       620    
                                                                
    ./drivers/
       pinout.obj                      804     0         0      
    +--+-------------------------------+-------+---------+---------+
       Total:                          804     0         0      
                                                                
    ./utils/
       uartstdio.obj                   1388    46        5      
    +--+-------------------------------+-------+---------+---------+
       Total:                          1388    46        5      
                                                                
    /Users/yuch0605/Documents/Appications/ti/ccsv8/tools/compiler/ti-cgt-arm_18.1.1.LTS/lib/rtsv7M4_T_le_v4SPD16_eabi.lib
       memcpy_t2.asm.obj               156     0         0      
       memset_t2.asm.obj               122     0         0      
       copy_decompress_lzss.c.obj      104     0         0      
       autoinit.c.obj                  68      0         0      
       u_divt2.asm.obj                 64      0         0      
       boot_cortex_m.c.obj             56      0         0      
       copy_decompress_none.c.obj      14      0         0      
       copy_zero_init.c.obj            12      0         0      
       exit.c.obj                      4       0         0      
       pre_init.c.obj                  4       0         0      
       div0.asm.obj                    2       0         0      
    +--+-------------------------------+-------+---------+---------+
       Total:                          606     0         0      
                                                                
       Stack:                          0       0         512    
       Linker Generated:               0       67        0      
    +--+-------------------------------+-------+---------+---------+
       Grand Total:                    20344   1433      51557  


LINKER GENERATED COPY TABLES

__TI_cinit_table @ 00005508 records: 3, size/record: 8, table size: 24
	.data: load addr=000054d8, load size=0000000f bytes, run addr=2000c918, run size=00000054 bytes, compression=lzss
	.bss: load addr=000054f8, load size=00000008 bytes, run addr=2000026c, run size=0000c4a8 bytes, compression=zero_init
	.vtable: load addr=00005500, load size=00000008 bytes, run addr=20000000, run size=0000026c bytes, compression=zero_init


LINKER GENERATED HANDLER TABLE

__TI_handler_table @ 000054e8 records: 3, size/record: 4, table size: 12
	index: 0, handler: __TI_zero_init
	index: 1, handler: __TI_decompress_lzss
	index: 2, handler: __TI_decompress_none


GLOBAL SYMBOLS: SORTED ALPHABETICALLY BY Name 

address   name                             
-------   ----                             
0000517f  C$$EXIT                          
00005111  CPUbasepriGet                    
00005103  CPUbasepriSet                    
000050dd  CPUcpsid                         
000050f3  CPUcpsie                         
000050e9  CPUprimask                       
000050ff  CPUwfi                           
00002acd  GPIOADCTriggerDisable            
00002aa1  GPIOADCTriggerEnable             
00002a75  GPIODMATriggerDisable            
00002a49  GPIODMATriggerEnable             
00001b95  GPIODirModeGet                   
00001b11  GPIODirModeSet                   
000022cd  GPIOIntClear                     
00002275  GPIOIntDisable                   
0000224d  GPIOIntEnable                    
000022ef  GPIOIntRegister                  
0000229d  GPIOIntStatus                    
00001d5d  GPIOIntTypeGet                   
00001c61  GPIOIntTypeSet                   
0000232d  GPIOIntUnregister                
000020d5  GPIOPadConfigGet                 
00001e1b  GPIOPadConfigSet                 
000029c3  GPIOPinConfigure                 
00002367  GPIOPinRead                      
000023bf  GPIOPinTypeADC                   
000023f5  GPIOPinTypeCAN                   
0000297d  GPIOPinTypeCIR                   
0000242b  GPIOPinTypeComparator            
00002461  GPIOPinTypeEPI                   
00002497  GPIOPinTypeEthernetLED           
000024cd  GPIOPinTypeEthernetMII           
00002503  GPIOPinTypeGPIOInput             
00002539  GPIOPinTypeGPIOOutput            
0000256f  GPIOPinTypeGPIOOutputOD          
000025a5  GPIOPinTypeI2C                   
000025db  GPIOPinTypeI2CSCL                
0000290d  GPIOPinTypeKBColumn              
000028d7  GPIOPinTypeKBRow                 
00002611  GPIOPinTypeLCD                   
00002943  GPIOPinTypeLEDSeq                
00002647  GPIOPinTypeLPC                   
00002681  GPIOPinTypePECIRx                
000026b7  GPIOPinTypePECITx                
000026ed  GPIOPinTypePWM                   
00002723  GPIOPinTypeQEI                   
00002759  GPIOPinTypeSSI                   
0000278f  GPIOPinTypeTimer                 
000027c5  GPIOPinTypeUART                  
000027fb  GPIOPinTypeUSBAnalog             
00002831  GPIOPinTypeUSBDigital            
00002867  GPIOPinTypeWakeHigh              
0000289f  GPIOPinTypeWakeLow               
000029b3  GPIOPinWakeStatus                
00002391  GPIOPinWrite                     
000042e5  IntDisable                       
00004267  IntEnable                        
0000436d  IntIsEnabled                     
000040cb  IntMasterDisable                 
000040bb  IntMasterEnable                  
00004491  IntPendClear                     
00004421  IntPendSet                       
00004231  IntPriorityGet                   
00004197  IntPriorityGroupingGet           
00004171  IntPriorityGroupingSet           
000044f7  IntPriorityMaskGet               
000044eb  IntPriorityMaskSet               
000041cf  IntPrioritySet                   
000040db  IntRegister                      
000044ff  IntTrigger                       
00004151  IntUnregister                    
000047ab  LEDRead                          
0000471b  LEDWrite                         
00004549  PinoutSet                        
0000516f  ResetISR                         
00003b4d  UARTStdioConfig                  
00003d29  UARTgetc                         
00003c37  UARTgets                         
00004083  UARTprintf                       
00003d5d  UARTvprintf                      
00003bc7  UARTwrite                        
2000c918  __STACK_END                      
00000200  __STACK_SIZE                     
2000c918  __STACK_TOP                      
00005508  __TI_CINIT_Base                  
00005520  __TI_CINIT_Limit                 
000054e8  __TI_Handler_Table_Base          
000054f4  __TI_Handler_Table_Limit         
00005059  __TI_auto_init_nobinit_nopinit   
00004ff1  __TI_decompress_lzss             
00005155  __TI_decompress_none             
ffffffff  __TI_pprof_out_hndl              
ffffffff  __TI_prof_data_size              
ffffffff  __TI_prof_data_start             
00000000  __TI_static_base__               
00005163  __TI_zero_init                   
00004e07  __aeabi_idiv0                    
00004e07  __aeabi_ldiv0                    
00004f77  __aeabi_memclr                   
00004f77  __aeabi_memclr4                  
00004f77  __aeabi_memclr8                  
00004edb  __aeabi_memcpy                   
00004edb  __aeabi_memcpy4                  
00004edb  __aeabi_memcpy8                  
00004f79  __aeabi_memset                   
00004f79  __aeabi_memset4                  
00004f79  __aeabi_memset8                  
0000509d  __aeabi_uidiv                    
0000509d  __aeabi_uidivmod                 
ffffffff  __binit__                        
ffffffff  __c_args__                       
00004b45  __error__                        
UNDEFED   __mpu_init                       
2000c718  __stack                          
0000511d  _c_int00_noargs                  
UNDEFED   _system_post_cinit               
0000517b  _system_pre_init                 
0000517f  abort                            
ffffffff  binit                            
00004b25  demoSerialTask                   
0000057d  eTaskGetState                    
20000000  g_pfnRAMVectors                  
00000000  g_pfnVectors                     
00004a25  main                             
00004edb  memcpy                           
00004f7f  memset                           
000034ed  pcQueueGetName                   
00000b3f  pcTaskGetName                    
0000370f  pcTimerGetName                   
0000486d  pvPortMalloc                     
000014c7  pvTaskIncrementMutexHeldCount    
00003afd  pvTimerGetTimerID                
2000c918  pxCurrentTCB                     
00004bb1  pxPortInitialiseStack            
0000326d  ucQueueGetQueueType              
000054cc  ulMaxSyscallInterruptPriority    
00004e19  ulPortGetIPSR                    
000014df  ulTaskNotifyTake                 
00004dbf  uxListRemove                     
0000324d  uxQueueGetQueueNumber            
000031ef  uxQueueMessagesWaiting           
00003225  uxQueueMessagesWaitingFromISR    
00003205  uxQueueSpacesAvailable           
00000b39  uxTaskGetNumberOfTasks           
00000b65  uxTaskGetSystemState             
00001009  uxTaskGetTaskNumber              
00000611  uxTaskPriorityGet                
00000641  uxTaskPriorityGetFromISR         
000014a5  uxTaskResetEventItemValue        
00004cdd  vListInitialise                  
00004d0d  vListInitialiseItem              
00004d59  vListInsert                      
00004d1d  vListInsertEnd                   
00004ecd  vPortEnableVFP                   
00004c51  vPortEndScheduler                
00004c53  vPortEnterCritical               
00004c73  vPortExitCritical                
00004965  vPortFree                        
000049c9  vPortInitialiseBlocks            
00004e91  vPortSVCHandler                  
00004caf  vPortSetupTimerInterrupt         
00004eb1  vPortStartFirstTask              
000034ab  vQueueAddToRegistry              
00003237  vQueueDelete                     
0000325b  vQueueSetQueueNumber             
0000352d  vQueueUnregisterQueue            
00003571  vQueueWaitForMessageRestricted   
00000541  vTaskDelay                       
000004b1  vTaskDelayUntil                  
00000403  vTaskDelete                      
000009ff  vTaskEndScheduler                
0000111d  vTaskGetInfo                     
00000ff7  vTaskMissedYield                 
0000180b  vTaskNotifyGiveFromISR           
00000de5  vTaskPlaceOnEventList            
00000e2b  vTaskPlaceOnEventListRestricted  
00000e01  vTaskPlaceOnUnorderedEventList   
00001345  vTaskPriorityInherit             
0000068d  vTaskPrioritySet                 
000008a1  vTaskResume                      
00001029  vTaskSetTaskNumber               
00000f59  vTaskSetTimeOutState             
000009a9  vTaskStartScheduler              
000007a1  vTaskSuspend                     
00000a1b  vTaskSuspendAll                  
00000d7d  vTaskSwitchContext               
00004abd  vTask_1                          
00004af1  vTask_2                          
00003b17  vTimerSetTimerID                 
000049c3  xPortGetFreeHeapSize             
00004e31  xPortPendSVHandler               
00004c1b  xPortStartScheduler              
00004c89  xPortSysTickHandler              
00002d0d  xQueueCreateCountingSemaphore    
00002c5d  xQueueCreateMutex                
00002ba3  xQueueGenericCreate              
00002f85  xQueueGenericReceive             
00002b05  xQueueGenericReset               
00002d2d  xQueueGenericSend                
00002e59  xQueueGenericSendFromISR         
00002ef3  xQueueGiveFromISR                
00002c89  xQueueGiveMutexRecursive         
00003447  xQueueIsQueueEmptyFromISR        
00003489  xQueueIsQueueFullFromISR         
0000319d  xQueuePeekFromISR                
00003105  xQueueReceiveFromISR             
2000c620  xQueueRegistry                   
00002cc5  xQueueTakeMutexRecursive         
2000c70c  xSem_1                           
2000c710  xSem_2                           
00000f7d  xTaskCheckForTimeOut             
00000209  xTaskCreate                      
00001615  xTaskGenericNotify               
00001701  xTaskGenericNotifyFromISR        
000012e5  xTaskGetCurrentTaskHandle        
000012f9  xTaskGetSchedulerState           
00000b15  xTaskGetTickCount                
00000b25  xTaskGetTickCountFromISR         
00000c59  xTaskIncrementTick               
000018b9  xTaskNotifyStateClear            
00001565  xTaskNotifyWait                  
00001407  xTaskPriorityDisinherit          
00000e65  xTaskRemoveFromEventList         
00000ee5  xTaskRemoveFromUnorderedEventList
00000a31  xTaskResumeAll                   
0000091b  xTaskResumeFromISR               
00003601  xTimerCreate                     
000035d5  xTimerCreateTimerTask            
00003675  xTimerGenericCommand             
000036f9  xTimerGetExpiryTime              
000036e7  xTimerGetPeriod                  
000036e1  xTimerGetTimerDaemonTaskHandle   
00003ad1  xTimerIsTimerActive              


GLOBAL SYMBOLS: SORTED BY Symbol Address 

address   name                             
-------   ----                             
00000000  __TI_static_base__               
00000000  g_pfnVectors                     
00000200  __STACK_SIZE                     
00000209  xTaskCreate                      
00000403  vTaskDelete                      
000004b1  vTaskDelayUntil                  
00000541  vTaskDelay                       
0000057d  eTaskGetState                    
00000611  uxTaskPriorityGet                
00000641  uxTaskPriorityGetFromISR         
0000068d  vTaskPrioritySet                 
000007a1  vTaskSuspend                     
000008a1  vTaskResume                      
0000091b  xTaskResumeFromISR               
000009a9  vTaskStartScheduler              
000009ff  vTaskEndScheduler                
00000a1b  vTaskSuspendAll                  
00000a31  xTaskResumeAll                   
00000b15  xTaskGetTickCount                
00000b25  xTaskGetTickCountFromISR         
00000b39  uxTaskGetNumberOfTasks           
00000b3f  pcTaskGetName                    
00000b65  uxTaskGetSystemState             
00000c59  xTaskIncrementTick               
00000d7d  vTaskSwitchContext               
00000de5  vTaskPlaceOnEventList            
00000e01  vTaskPlaceOnUnorderedEventList   
00000e2b  vTaskPlaceOnEventListRestricted  
00000e65  xTaskRemoveFromEventList         
00000ee5  xTaskRemoveFromUnorderedEventList
00000f59  vTaskSetTimeOutState             
00000f7d  xTaskCheckForTimeOut             
00000ff7  vTaskMissedYield                 
00001009  uxTaskGetTaskNumber              
00001029  vTaskSetTaskNumber               
0000111d  vTaskGetInfo                     
000012e5  xTaskGetCurrentTaskHandle        
000012f9  xTaskGetSchedulerState           
00001345  vTaskPriorityInherit             
00001407  xTaskPriorityDisinherit          
000014a5  uxTaskResetEventItemValue        
000014c7  pvTaskIncrementMutexHeldCount    
000014df  ulTaskNotifyTake                 
00001565  xTaskNotifyWait                  
00001615  xTaskGenericNotify               
00001701  xTaskGenericNotifyFromISR        
0000180b  vTaskNotifyGiveFromISR           
000018b9  xTaskNotifyStateClear            
00001b11  GPIODirModeSet                   
00001b95  GPIODirModeGet                   
00001c61  GPIOIntTypeSet                   
00001d5d  GPIOIntTypeGet                   
00001e1b  GPIOPadConfigSet                 
000020d5  GPIOPadConfigGet                 
0000224d  GPIOIntEnable                    
00002275  GPIOIntDisable                   
0000229d  GPIOIntStatus                    
000022cd  GPIOIntClear                     
000022ef  GPIOIntRegister                  
0000232d  GPIOIntUnregister                
00002367  GPIOPinRead                      
00002391  GPIOPinWrite                     
000023bf  GPIOPinTypeADC                   
000023f5  GPIOPinTypeCAN                   
0000242b  GPIOPinTypeComparator            
00002461  GPIOPinTypeEPI                   
00002497  GPIOPinTypeEthernetLED           
000024cd  GPIOPinTypeEthernetMII           
00002503  GPIOPinTypeGPIOInput             
00002539  GPIOPinTypeGPIOOutput            
0000256f  GPIOPinTypeGPIOOutputOD          
000025a5  GPIOPinTypeI2C                   
000025db  GPIOPinTypeI2CSCL                
00002611  GPIOPinTypeLCD                   
00002647  GPIOPinTypeLPC                   
00002681  GPIOPinTypePECIRx                
000026b7  GPIOPinTypePECITx                
000026ed  GPIOPinTypePWM                   
00002723  GPIOPinTypeQEI                   
00002759  GPIOPinTypeSSI                   
0000278f  GPIOPinTypeTimer                 
000027c5  GPIOPinTypeUART                  
000027fb  GPIOPinTypeUSBAnalog             
00002831  GPIOPinTypeUSBDigital            
00002867  GPIOPinTypeWakeHigh              
0000289f  GPIOPinTypeWakeLow               
000028d7  GPIOPinTypeKBRow                 
0000290d  GPIOPinTypeKBColumn              
00002943  GPIOPinTypeLEDSeq                
0000297d  GPIOPinTypeCIR                   
000029b3  GPIOPinWakeStatus                
000029c3  GPIOPinConfigure                 
00002a49  GPIODMATriggerEnable             
00002a75  GPIODMATriggerDisable            
00002aa1  GPIOADCTriggerEnable             
00002acd  GPIOADCTriggerDisable            
00002b05  xQueueGenericReset               
00002ba3  xQueueGenericCreate              
00002c5d  xQueueCreateMutex                
00002c89  xQueueGiveMutexRecursive         
00002cc5  xQueueTakeMutexRecursive         
00002d0d  xQueueCreateCountingSemaphore    
00002d2d  xQueueGenericSend                
00002e59  xQueueGenericSendFromISR         
00002ef3  xQueueGiveFromISR                
00002f85  xQueueGenericReceive             
00003105  xQueueReceiveFromISR             
0000319d  xQueuePeekFromISR                
000031ef  uxQueueMessagesWaiting           
00003205  uxQueueSpacesAvailable           
00003225  uxQueueMessagesWaitingFromISR    
00003237  vQueueDelete                     
0000324d  uxQueueGetQueueNumber            
0000325b  vQueueSetQueueNumber             
0000326d  ucQueueGetQueueType              
00003447  xQueueIsQueueEmptyFromISR        
00003489  xQueueIsQueueFullFromISR         
000034ab  vQueueAddToRegistry              
000034ed  pcQueueGetName                   
0000352d  vQueueUnregisterQueue            
00003571  vQueueWaitForMessageRestricted   
000035d5  xTimerCreateTimerTask            
00003601  xTimerCreate                     
00003675  xTimerGenericCommand             
000036e1  xTimerGetTimerDaemonTaskHandle   
000036e7  xTimerGetPeriod                  
000036f9  xTimerGetExpiryTime              
0000370f  pcTimerGetName                   
00003ad1  xTimerIsTimerActive              
00003afd  pvTimerGetTimerID                
00003b17  vTimerSetTimerID                 
00003b4d  UARTStdioConfig                  
00003bc7  UARTwrite                        
00003c37  UARTgets                         
00003d29  UARTgetc                         
00003d5d  UARTvprintf                      
00004083  UARTprintf                       
000040bb  IntMasterEnable                  
000040cb  IntMasterDisable                 
000040db  IntRegister                      
00004151  IntUnregister                    
00004171  IntPriorityGroupingSet           
00004197  IntPriorityGroupingGet           
000041cf  IntPrioritySet                   
00004231  IntPriorityGet                   
00004267  IntEnable                        
000042e5  IntDisable                       
0000436d  IntIsEnabled                     
00004421  IntPendSet                       
00004491  IntPendClear                     
000044eb  IntPriorityMaskSet               
000044f7  IntPriorityMaskGet               
000044ff  IntTrigger                       
00004549  PinoutSet                        
0000471b  LEDWrite                         
000047ab  LEDRead                          
0000486d  pvPortMalloc                     
00004965  vPortFree                        
000049c3  xPortGetFreeHeapSize             
000049c9  vPortInitialiseBlocks            
00004a25  main                             
00004abd  vTask_1                          
00004af1  vTask_2                          
00004b25  demoSerialTask                   
00004b45  __error__                        
00004bb1  pxPortInitialiseStack            
00004c1b  xPortStartScheduler              
00004c51  vPortEndScheduler                
00004c53  vPortEnterCritical               
00004c73  vPortExitCritical                
00004c89  xPortSysTickHandler              
00004caf  vPortSetupTimerInterrupt         
00004cdd  vListInitialise                  
00004d0d  vListInitialiseItem              
00004d1d  vListInsertEnd                   
00004d59  vListInsert                      
00004dbf  uxListRemove                     
00004e07  __aeabi_idiv0                    
00004e07  __aeabi_ldiv0                    
00004e19  ulPortGetIPSR                    
00004e31  xPortPendSVHandler               
00004e91  vPortSVCHandler                  
00004eb1  vPortStartFirstTask              
00004ecd  vPortEnableVFP                   
00004edb  __aeabi_memcpy                   
00004edb  __aeabi_memcpy4                  
00004edb  __aeabi_memcpy8                  
00004edb  memcpy                           
00004f77  __aeabi_memclr                   
00004f77  __aeabi_memclr4                  
00004f77  __aeabi_memclr8                  
00004f79  __aeabi_memset                   
00004f79  __aeabi_memset4                  
00004f79  __aeabi_memset8                  
00004f7f  memset                           
00004ff1  __TI_decompress_lzss             
00005059  __TI_auto_init_nobinit_nopinit   
0000509d  __aeabi_uidiv                    
0000509d  __aeabi_uidivmod                 
000050dd  CPUcpsid                         
000050e9  CPUprimask                       
000050f3  CPUcpsie                         
000050ff  CPUwfi                           
00005103  CPUbasepriSet                    
00005111  CPUbasepriGet                    
0000511d  _c_int00_noargs                  
00005155  __TI_decompress_none             
00005163  __TI_zero_init                   
0000516f  ResetISR                         
0000517b  _system_pre_init                 
0000517f  C$$EXIT                          
0000517f  abort                            
000054cc  ulMaxSyscallInterruptPriority    
000054e8  __TI_Handler_Table_Base          
000054f4  __TI_Handler_Table_Limit         
00005508  __TI_CINIT_Base                  
00005520  __TI_CINIT_Limit                 
20000000  g_pfnRAMVectors                  
2000c620  xQueueRegistry                   
2000c70c  xSem_1                           
2000c710  xSem_2                           
2000c718  __stack                          
2000c918  __STACK_END                      
2000c918  __STACK_TOP                      
2000c918  pxCurrentTCB                     
ffffffff  __TI_pprof_out_hndl              
ffffffff  __TI_prof_data_size              
ffffffff  __TI_prof_data_start             
ffffffff  __binit__                        
ffffffff  __c_args__                       
ffffffff  binit                            
UNDEFED   __mpu_init                       
UNDEFED   _system_post_cinit               

[233 symbols]
