******************************************************************************
                  TI ARM Linker Unix v18.1.1                   
******************************************************************************
>> Linked Sun Apr  8 21:27:51 2018

OUTPUT FILE NAME:   <FreeRTOS_tiva_demo.out>
ENTRY POINT SYMBOL: "_c_int00_noargs"  address: 000052b5


MEMORY CONFIGURATION

         name            origin    length      used     unused   attr    fill
----------------------  --------  ---------  --------  --------  ----  --------
  FLASH                 00000000   00100000  000056b2  000fa94e  R  X
  SRAM                  20000000   00040000  0000c978  00033688  RW X


SEGMENT ALLOCATION MAP

run origin  load origin   length   init length attrs members
----------  ----------- ---------- ----------- ----- -------
00000000    00000000    000056b8   000056b8    r-x
  00000000    00000000    00000208   00000208    r-- .intvecs
  00000208    00000208    00005112   00005112    r-x .text
  0000531c    0000531c    00000350   00000350    r-- .const
  00005670    00005670    00000048   00000048    r-- .cinit
20000000    20000000    0000c978   00000000    rw-
  20000000    20000000    0000026c   00000000    rw- .vtable
  2000026c    2000026c    0000c4b4   00000000    rw- .bss
  2000c720    2000c720    00000200   00000000    rw- .stack
  2000c920    2000c920    00000058   00000000    rw- .data


SECTION ALLOCATION MAP

 output                                  attributes/
section   page    origin      length       input sections
--------  ----  ----------  ----------   ----------------
.intvecs   0    00000000    00000208     
                  00000000    00000208     tm4c1294ncpdt_startup_ccs.obj (.intvecs)

.text      0    00000208    00005112     
                  00000208    000017b0     tasks.obj (.text)
                  000019b8    0000114c     gpio.obj (.text)
                  00002b04    00000ad0     queue.obj (.text)
                  000035d4    00000578     timers.obj (.text)
                  00003b4c    0000056c     uartstdio.obj (.text)
                  000040b8    00000490     interrupt.obj (.text)
                  00004548    00000324     main.obj (.text)
                  0000486c    00000324     pinout.obj (.text)
                  00004b90    000001b8     heap_2.obj (.text)
                  00004d48    0000012c     port.obj (.text)
                  00004e74    0000012a     list.obj (.text)
                  00004f9e    00000002     rtsv7M4_T_le_v4SPD16_eabi.lib : div0.asm.obj (.text)
                  00004fa0    000000d2     portasm.obj (.text)
                  00005072    0000009c     rtsv7M4_T_le_v4SPD16_eabi.lib : memcpy_t2.asm.obj (.text)
                  0000510e    0000007a                                   : memset_t2.asm.obj (.text)
                  00005188    00000068                                   : copy_decompress_lzss.c.obj (.text:decompress:lzss:__TI_decompress_lzss)
                  000051f0    00000044                                   : autoinit.c.obj (.text:__TI_auto_init_nobinit_nopinit:__TI_auto_init_nobinit_nopinit)
                  00005234    00000040                                   : u_divt2.asm.obj (.text)
                  00005274    0000003e     cpu.obj (.text)
                  000052b2    00000002     --HOLE-- [fill = 0]
                  000052b4    00000038     rtsv7M4_T_le_v4SPD16_eabi.lib : boot_cortex_m.c.obj (.text:_c_int00_noargs:_c_int00_noargs)
                  000052ec    0000000e                                   : copy_decompress_none.c.obj (.text:decompress:none:__TI_decompress_none)
                  000052fa    0000000c                                   : copy_zero_init.c.obj (.text:decompress:ZI:__TI_zero_init)
                  00005306    0000000c     tm4c1294ncpdt_startup_ccs.obj (.text)
                  00005312    00000004     rtsv7M4_T_le_v4SPD16_eabi.lib : pre_init.c.obj (.text:_system_pre_init)
                  00005316    00000004                                   : exit.c.obj (.text:abort:abort)

.const     0    0000531c    00000350     
                  0000531c    000000c0     gpio.obj (.const:g_ppui32GPIOIntMapBlizzard)
                  000053dc    000000c0     gpio.obj (.const:g_ppui32GPIOIntMapSnowflake)
                  0000549c    0000009c     interrupt.obj (.const:g_pui32Regs)
                  00005538    00000090     gpio.obj (.const:g_pui32GPIOBaseAddrs)
                  000055c8    00000020     interrupt.obj (.const:g_pui32Priority)
                  000055e8    00000014     interrupt.obj (.const:g_pui32Dii16Regs)
                  000055fc    00000014     interrupt.obj (.const:g_pui32EnRegs)
                  00005610    00000014     interrupt.obj (.const:g_pui32PendRegs)
                  00005624    00000014     interrupt.obj (.const:g_pui32UnpendRegs)
                  00005638    00000012     uartstdio.obj (.const:.string)
                  0000564a    00000002     --HOLE-- [fill = 0]
                  0000564c    0000000c     uartstdio.obj (.const:g_ui32UARTBase)
                  00005658    0000000c     uartstdio.obj (.const:g_ui32UARTPeriph)
                  00005664    00000004     port.obj (.const)
                  00005668    00000004     uartstdio.obj (.const)

.cinit     0    00005670    00000048     
                  00005670    00000010     (.cinit..data.load) [load image, compression = lzss]
                  00005680    0000000c     (__TI_handler_table)
                  0000568c    00000004     --HOLE-- [fill = 0]
                  00005690    00000008     (.cinit..bss.load) [load image, compression = zero_init]
                  00005698    00000008     (.cinit..vtable.load) [load image, compression = zero_init]
                  000056a0    00000018     (__TI_cinit_table)

.init_array 
*          0    00000000    00000000     UNINITIALIZED

.vtable    0    20000000    0000026c     UNINITIALIZED
                  20000000    0000026c     interrupt.obj (.vtable)

.bss       0    2000026c    0000c4b4     UNINITIALIZED
                  2000026c    0000c350     heap_2.obj (.bss:ucHeap)
                  2000c5bc    00000064     tasks.obj (.bss:pxReadyTasksLists)
                  2000c620    00000040     (.common:xQueueRegistry)
                  2000c660    00000014     timers.obj (.bss:xActiveTimerList1)
                  2000c674    00000014     timers.obj (.bss:xActiveTimerList2)
                  2000c688    00000014     tasks.obj (.bss:xDelayedTaskList1)
                  2000c69c    00000014     tasks.obj (.bss:xDelayedTaskList2)
                  2000c6b0    00000014     tasks.obj (.bss:xPendingReadyList)
                  2000c6c4    00000014     tasks.obj (.bss:xSuspendedTaskList)
                  2000c6d8    00000014     tasks.obj (.bss:xTasksWaitingTermination)
                  2000c6ec    00000008     tasks.obj (.bss)
                  2000c6f4    00000008     timers.obj (.bss)
                  2000c6fc    00000008     heap_2.obj (.bss:xEnd)
                  2000c704    00000008     heap_2.obj (.bss:xStart)
                  2000c70c    00000004     (.common:tick_receive)
                  2000c710    00000004     (.common:tick_send)
                  2000c714    00000004     (.common:timing_2HZ)
                  2000c718    00000004     (.common:timing_4HZ)
                  2000c71c    00000004     (.common:xTask3)

.data      0    2000c920    00000058     UNINITIALIZED
                  2000c920    00000034     tasks.obj (.data)
                  2000c954    0000000c     timers.obj (.data)
                  2000c960    00000008     heap_2.obj (.data)
                  2000c968    00000005     uartstdio.obj (.data)
                  2000c96d    00000003     --HOLE--
                  2000c970    00000004     main.obj (.data)
                  2000c974    00000004     port.obj (.data)

.stack     0    2000c720    00000200     UNINITIALIZED
                  2000c720    00000004     rtsv7M4_T_le_v4SPD16_eabi.lib : boot_cortex_m.c.obj (.stack)
                  2000c724    000001fc     --HOLE--

MODULE SUMMARY

       Module                          code    ro data   rw data
       ------                          ----    -------   -------
    ./
       main.obj                        804     0         24     
       tm4c1294ncpdt_startup_ccs.obj   12      520       0      
    +--+-------------------------------+-------+---------+---------+
       Total:                          816     520       24     
                                                                
    ./FreeRTOS/
       tasks.obj                       6064    0         260    
       queue.obj                       2768    0         64     
       timers.obj                      1400    0         60     
       list.obj                        298     0         0      
    +--+-------------------------------+-------+---------+---------+
       Total:                          10530   0         384    
                                                                
    ./FreeRTOS/portable/CCS/ARM_CM4F/
       port.obj                        300     4         4      
       portasm.obj                     210     0         0      
    +--+-------------------------------+-------+---------+---------+
       Total:                          510     4         4      
                                                                
    ./FreeRTOS/portable/MemMang/
       heap_2.obj                      440     0         50024  
    +--+-------------------------------+-------+---------+---------+
       Total:                          440     0         50024  
                                                                
    ./driverlib/
       gpio.obj                        4428    528       0      
       interrupt.obj                   1168    268       620    
       cpu.obj                         62      0         0      
    +--+-------------------------------+-------+---------+---------+
       Total:                          5658    796       620    
                                                                
    ./drivers/
       pinout.obj                      804     0         0      
    +--+-------------------------------+-------+---------+---------+
       Total:                          804     0         0      
                                                                
    ./utils/
       uartstdio.obj                   1388    46        5      
    +--+-------------------------------+-------+---------+---------+
       Total:                          1388    46        5      
                                                                
    /Users/yuch0605/Documents/Appications/ti/ccsv8/tools/compiler/ti-cgt-arm_18.1.1.LTS/lib/rtsv7M4_T_le_v4SPD16_eabi.lib
       memcpy_t2.asm.obj               156     0         0      
       memset_t2.asm.obj               122     0         0      
       copy_decompress_lzss.c.obj      104     0         0      
       autoinit.c.obj                  68      0         0      
       u_divt2.asm.obj                 64      0         0      
       boot_cortex_m.c.obj             56      0         0      
       copy_decompress_none.c.obj      14      0         0      
       copy_zero_init.c.obj            12      0         0      
       exit.c.obj                      4       0         0      
       pre_init.c.obj                  4       0         0      
       div0.asm.obj                    2       0         0      
    +--+-------------------------------+-------+---------+---------+
       Total:                          606     0         0      
                                                                
       Stack:                          0       0         512    
       Linker Generated:               0       68        0      
    +--+-------------------------------+-------+---------+---------+
       Grand Total:                    20752   1434      51573  


LINKER GENERATED COPY TABLES

__TI_cinit_table @ 000056a0 records: 3, size/record: 8, table size: 24
	.data: load addr=00005670, load size=00000010 bytes, run addr=2000c920, run size=00000058 bytes, compression=lzss
	.bss: load addr=00005690, load size=00000008 bytes, run addr=2000026c, run size=0000c4b4 bytes, compression=zero_init
	.vtable: load addr=00005698, load size=00000008 bytes, run addr=20000000, run size=0000026c bytes, compression=zero_init


LINKER GENERATED HANDLER TABLE

__TI_handler_table @ 00005680 records: 3, size/record: 4, table size: 12
	index: 0, handler: __TI_zero_init
	index: 1, handler: __TI_decompress_lzss
	index: 2, handler: __TI_decompress_none


GLOBAL SYMBOLS: SORTED ALPHABETICALLY BY Name 

address   name                             
-------   ----                             
00005317  C$$EXIT                          
000052a9  CPUbasepriGet                    
0000529b  CPUbasepriSet                    
00005275  CPUcpsid                         
0000528b  CPUcpsie                         
00005281  CPUprimask                       
00005297  CPUwfi                           
00002acd  GPIOADCTriggerDisable            
00002aa1  GPIOADCTriggerEnable             
00002a75  GPIODMATriggerDisable            
00002a49  GPIODMATriggerEnable             
00001b95  GPIODirModeGet                   
00001b11  GPIODirModeSet                   
000022cd  GPIOIntClear                     
00002275  GPIOIntDisable                   
0000224d  GPIOIntEnable                    
000022ef  GPIOIntRegister                  
0000229d  GPIOIntStatus                    
00001d5d  GPIOIntTypeGet                   
00001c61  GPIOIntTypeSet                   
0000232d  GPIOIntUnregister                
000020d5  GPIOPadConfigGet                 
00001e1b  GPIOPadConfigSet                 
000029c3  GPIOPinConfigure                 
00002367  GPIOPinRead                      
000023bf  GPIOPinTypeADC                   
000023f5  GPIOPinTypeCAN                   
0000297d  GPIOPinTypeCIR                   
0000242b  GPIOPinTypeComparator            
00002461  GPIOPinTypeEPI                   
00002497  GPIOPinTypeEthernetLED           
000024cd  GPIOPinTypeEthernetMII           
00002503  GPIOPinTypeGPIOInput             
00002539  GPIOPinTypeGPIOOutput            
0000256f  GPIOPinTypeGPIOOutputOD          
000025a5  GPIOPinTypeI2C                   
000025db  GPIOPinTypeI2CSCL                
0000290d  GPIOPinTypeKBColumn              
000028d7  GPIOPinTypeKBRow                 
00002611  GPIOPinTypeLCD                   
00002943  GPIOPinTypeLEDSeq                
00002647  GPIOPinTypeLPC                   
00002681  GPIOPinTypePECIRx                
000026b7  GPIOPinTypePECITx                
000026ed  GPIOPinTypePWM                   
00002723  GPIOPinTypeQEI                   
00002759  GPIOPinTypeSSI                   
0000278f  GPIOPinTypeTimer                 
000027c5  GPIOPinTypeUART                  
000027fb  GPIOPinTypeUSBAnalog             
00002831  GPIOPinTypeUSBDigital            
00002867  GPIOPinTypeWakeHigh              
0000289f  GPIOPinTypeWakeLow               
000029b3  GPIOPinWakeStatus                
00002391  GPIOPinWrite                     
000042e5  IntDisable                       
00004267  IntEnable                        
0000436d  IntIsEnabled                     
000040cb  IntMasterDisable                 
000040bb  IntMasterEnable                  
00004491  IntPendClear                     
00004421  IntPendSet                       
00004231  IntPriorityGet                   
00004197  IntPriorityGroupingGet           
00004171  IntPriorityGroupingSet           
000044f7  IntPriorityMaskGet               
000044eb  IntPriorityMaskSet               
000041cf  IntPrioritySet                   
000040db  IntRegister                      
000044ff  IntTrigger                       
00004151  IntUnregister                    
00004acf  LEDRead                          
00004a3f  LEDWrite                         
0000486d  PinoutSet                        
00005307  ResetISR                         
00003b4d  UARTStdioConfig                  
00003d29  UARTgetc                         
00003c37  UARTgets                         
00004083  UARTprintf                       
00003d5d  UARTvprintf                      
00003bc7  UARTwrite                        
2000c920  __STACK_END                      
00000200  __STACK_SIZE                     
2000c920  __STACK_TOP                      
000056a0  __TI_CINIT_Base                  
000056b8  __TI_CINIT_Limit                 
00005680  __TI_Handler_Table_Base          
0000568c  __TI_Handler_Table_Limit         
000051f1  __TI_auto_init_nobinit_nopinit   
00005189  __TI_decompress_lzss             
000052ed  __TI_decompress_none             
ffffffff  __TI_pprof_out_hndl              
ffffffff  __TI_prof_data_size              
ffffffff  __TI_prof_data_start             
00000000  __TI_static_base__               
000052fb  __TI_zero_init                   
00004f9f  __aeabi_idiv0                    
00004f9f  __aeabi_ldiv0                    
0000510f  __aeabi_memclr                   
0000510f  __aeabi_memclr4                  
0000510f  __aeabi_memclr8                  
00005073  __aeabi_memcpy                   
00005073  __aeabi_memcpy4                  
00005073  __aeabi_memcpy8                  
00005111  __aeabi_memset                   
00005111  __aeabi_memset4                  
00005111  __aeabi_memset8                  
00005235  __aeabi_uidiv                    
00005235  __aeabi_uidivmod                 
ffffffff  __binit__                        
ffffffff  __c_args__                       
00004777  __error__                        
UNDEFED   __mpu_init                       
2000c720  __stack                          
000052b5  _c_int00_noargs                  
UNDEFED   _system_post_cinit               
00005313  _system_pre_init                 
00005317  abort                            
ffffffff  binit                            
0000057d  eTaskGetState                    
20000000  g_pfnRAMVectors                  
00000000  g_pfnVectors                     
00004587  itoa                             
00004625  main                             
00005073  memcpy                           
00005117  memset                           
000034ed  pcQueueGetName                   
00000b3f  pcTaskGetName                    
0000370f  pcTimerGetName                   
00004b91  pvPortMalloc                     
000014c7  pvTaskIncrementMutexHeldCount    
00003afd  pvTimerGetTimerID                
2000c920  pxCurrentTCB                     
00004d49  pxPortInitialiseStack            
2000c970  queue                            
2000c70c  tick_receive                     
2000c710  tick_send                        
00004549  timerCallbackForT1               
0000455d  timerCallbackForT2               
2000c714  timing_2HZ                       
2000c718  timing_4HZ                       
0000326d  ucQueueGetQueueType              
00005664  ulMaxSyscallInterruptPriority    
00004fb1  ulPortGetIPSR                    
000014df  ulTaskNotifyTake                 
00004f57  uxListRemove                     
0000324d  uxQueueGetQueueNumber            
000031ef  uxQueueMessagesWaiting           
00003225  uxQueueMessagesWaitingFromISR    
00003205  uxQueueSpacesAvailable           
00000b39  uxTaskGetNumberOfTasks           
00000b65  uxTaskGetSystemState             
00001009  uxTaskGetTaskNumber              
00000611  uxTaskPriorityGet                
00000641  uxTaskPriorityGetFromISR         
000014a5  uxTaskResetEventItemValue        
00004e75  vListInitialise                  
00004ea5  vListInitialiseItem              
00004ef1  vListInsert                      
00004eb5  vListInsertEnd                   
00005065  vPortEnableVFP                   
00004de9  vPortEndScheduler                
00004deb  vPortEnterCritical               
00004e0b  vPortExitCritical                
00004c89  vPortFree                        
00004ced  vPortInitialiseBlocks            
00005029  vPortSVCHandler                  
00004e47  vPortSetupTimerInterrupt         
00005049  vPortStartFirstTask              
000034ab  vQueueAddToRegistry              
00003237  vQueueDelete                     
0000325b  vQueueSetQueueNumber             
0000352d  vQueueUnregisterQueue            
00003571  vQueueWaitForMessageRestricted   
00000541  vTaskDelay                       
000004b1  vTaskDelayUntil                  
00000403  vTaskDelete                      
000009ff  vTaskEndScheduler                
0000111d  vTaskGetInfo                     
00000ff7  vTaskMissedYield                 
0000180b  vTaskNotifyGiveFromISR           
00000de5  vTaskPlaceOnEventList            
00000e2b  vTaskPlaceOnEventListRestricted  
00000e01  vTaskPlaceOnUnorderedEventList   
00001345  vTaskPriorityInherit             
0000068d  vTaskPrioritySet                 
000008a1  vTaskResume                      
00001029  vTaskSetTaskNumber               
00000f59  vTaskSetTimeOutState             
000009a9  vTaskStartScheduler              
000007a1  vTaskSuspend                     
00000a1b  vTaskSuspendAll                  
00000d7d  vTaskSwitchContext               
000046b5  vTask_1                          
000046e5  vTask_2                          
00004717  vTask_3                          
00003b17  vTimerSetTimerID                 
00004ce7  xPortGetFreeHeapSize             
00004fc9  xPortPendSVHandler               
00004db3  xPortStartScheduler              
00004e21  xPortSysTickHandler              
00002d0d  xQueueCreateCountingSemaphore    
00002c5d  xQueueCreateMutex                
00002ba3  xQueueGenericCreate              
00002f85  xQueueGenericReceive             
00002b05  xQueueGenericReset               
00002d2d  xQueueGenericSend                
00002e59  xQueueGenericSendFromISR         
00002ef3  xQueueGiveFromISR                
00002c89  xQueueGiveMutexRecursive         
00003447  xQueueIsQueueEmptyFromISR        
00003489  xQueueIsQueueFullFromISR         
0000319d  xQueuePeekFromISR                
00003105  xQueueReceiveFromISR             
2000c620  xQueueRegistry                   
00002cc5  xQueueTakeMutexRecursive         
2000c71c  xTask3                           
00000f7d  xTaskCheckForTimeOut             
00000209  xTaskCreate                      
00001615  xTaskGenericNotify               
00001701  xTaskGenericNotifyFromISR        
000012e5  xTaskGetCurrentTaskHandle        
000012f9  xTaskGetSchedulerState           
00000b15  xTaskGetTickCount                
00000b25  xTaskGetTickCountFromISR         
00000c59  xTaskIncrementTick               
000018b9  xTaskNotifyStateClear            
00001565  xTaskNotifyWait                  
00001407  xTaskPriorityDisinherit          
00000e65  xTaskRemoveFromEventList         
00000ee5  xTaskRemoveFromUnorderedEventList
00000a31  xTaskResumeAll                   
0000091b  xTaskResumeFromISR               
00003601  xTimerCreate                     
000035d5  xTimerCreateTimerTask            
00003675  xTimerGenericCommand             
000036f9  xTimerGetExpiryTime              
000036e7  xTimerGetPeriod                  
000036e1  xTimerGetTimerDaemonTaskHandle   
00003ad1  xTimerIsTimerActive              


GLOBAL SYMBOLS: SORTED BY Symbol Address 

address   name                             
-------   ----                             
00000000  __TI_static_base__               
00000000  g_pfnVectors                     
00000200  __STACK_SIZE                     
00000209  xTaskCreate                      
00000403  vTaskDelete                      
000004b1  vTaskDelayUntil                  
00000541  vTaskDelay                       
0000057d  eTaskGetState                    
00000611  uxTaskPriorityGet                
00000641  uxTaskPriorityGetFromISR         
0000068d  vTaskPrioritySet                 
000007a1  vTaskSuspend                     
000008a1  vTaskResume                      
0000091b  xTaskResumeFromISR               
000009a9  vTaskStartScheduler              
000009ff  vTaskEndScheduler                
00000a1b  vTaskSuspendAll                  
00000a31  xTaskResumeAll                   
00000b15  xTaskGetTickCount                
00000b25  xTaskGetTickCountFromISR         
00000b39  uxTaskGetNumberOfTasks           
00000b3f  pcTaskGetName                    
00000b65  uxTaskGetSystemState             
00000c59  xTaskIncrementTick               
00000d7d  vTaskSwitchContext               
00000de5  vTaskPlaceOnEventList            
00000e01  vTaskPlaceOnUnorderedEventList   
00000e2b  vTaskPlaceOnEventListRestricted  
00000e65  xTaskRemoveFromEventList         
00000ee5  xTaskRemoveFromUnorderedEventList
00000f59  vTaskSetTimeOutState             
00000f7d  xTaskCheckForTimeOut             
00000ff7  vTaskMissedYield                 
00001009  uxTaskGetTaskNumber              
00001029  vTaskSetTaskNumber               
0000111d  vTaskGetInfo                     
000012e5  xTaskGetCurrentTaskHandle        
000012f9  xTaskGetSchedulerState           
00001345  vTaskPriorityInherit             
00001407  xTaskPriorityDisinherit          
000014a5  uxTaskResetEventItemValue        
000014c7  pvTaskIncrementMutexHeldCount    
000014df  ulTaskNotifyTake                 
00001565  xTaskNotifyWait                  
00001615  xTaskGenericNotify               
00001701  xTaskGenericNotifyFromISR        
0000180b  vTaskNotifyGiveFromISR           
000018b9  xTaskNotifyStateClear            
00001b11  GPIODirModeSet                   
00001b95  GPIODirModeGet                   
00001c61  GPIOIntTypeSet                   
00001d5d  GPIOIntTypeGet                   
00001e1b  GPIOPadConfigSet                 
000020d5  GPIOPadConfigGet                 
0000224d  GPIOIntEnable                    
00002275  GPIOIntDisable                   
0000229d  GPIOIntStatus                    
000022cd  GPIOIntClear                     
000022ef  GPIOIntRegister                  
0000232d  GPIOIntUnregister                
00002367  GPIOPinRead                      
00002391  GPIOPinWrite                     
000023bf  GPIOPinTypeADC                   
000023f5  GPIOPinTypeCAN                   
0000242b  GPIOPinTypeComparator            
00002461  GPIOPinTypeEPI                   
00002497  GPIOPinTypeEthernetLED           
000024cd  GPIOPinTypeEthernetMII           
00002503  GPIOPinTypeGPIOInput             
00002539  GPIOPinTypeGPIOOutput            
0000256f  GPIOPinTypeGPIOOutputOD          
000025a5  GPIOPinTypeI2C                   
000025db  GPIOPinTypeI2CSCL                
00002611  GPIOPinTypeLCD                   
00002647  GPIOPinTypeLPC                   
00002681  GPIOPinTypePECIRx                
000026b7  GPIOPinTypePECITx                
000026ed  GPIOPinTypePWM                   
00002723  GPIOPinTypeQEI                   
00002759  GPIOPinTypeSSI                   
0000278f  GPIOPinTypeTimer                 
000027c5  GPIOPinTypeUART                  
000027fb  GPIOPinTypeUSBAnalog             
00002831  GPIOPinTypeUSBDigital            
00002867  GPIOPinTypeWakeHigh              
0000289f  GPIOPinTypeWakeLow               
000028d7  GPIOPinTypeKBRow                 
0000290d  GPIOPinTypeKBColumn              
00002943  GPIOPinTypeLEDSeq                
0000297d  GPIOPinTypeCIR                   
000029b3  GPIOPinWakeStatus                
000029c3  GPIOPinConfigure                 
00002a49  GPIODMATriggerEnable             
00002a75  GPIODMATriggerDisable            
00002aa1  GPIOADCTriggerEnable             
00002acd  GPIOADCTriggerDisable            
00002b05  xQueueGenericReset               
00002ba3  xQueueGenericCreate              
00002c5d  xQueueCreateMutex                
00002c89  xQueueGiveMutexRecursive         
00002cc5  xQueueTakeMutexRecursive         
00002d0d  xQueueCreateCountingSemaphore    
00002d2d  xQueueGenericSend                
00002e59  xQueueGenericSendFromISR         
00002ef3  xQueueGiveFromISR                
00002f85  xQueueGenericReceive             
00003105  xQueueReceiveFromISR             
0000319d  xQueuePeekFromISR                
000031ef  uxQueueMessagesWaiting           
00003205  uxQueueSpacesAvailable           
00003225  uxQueueMessagesWaitingFromISR    
00003237  vQueueDelete                     
0000324d  uxQueueGetQueueNumber            
0000325b  vQueueSetQueueNumber             
0000326d  ucQueueGetQueueType              
00003447  xQueueIsQueueEmptyFromISR        
00003489  xQueueIsQueueFullFromISR         
000034ab  vQueueAddToRegistry              
000034ed  pcQueueGetName                   
0000352d  vQueueUnregisterQueue            
00003571  vQueueWaitForMessageRestricted   
000035d5  xTimerCreateTimerTask            
00003601  xTimerCreate                     
00003675  xTimerGenericCommand             
000036e1  xTimerGetTimerDaemonTaskHandle   
000036e7  xTimerGetPeriod                  
000036f9  xTimerGetExpiryTime              
0000370f  pcTimerGetName                   
00003ad1  xTimerIsTimerActive              
00003afd  pvTimerGetTimerID                
00003b17  vTimerSetTimerID                 
00003b4d  UARTStdioConfig                  
00003bc7  UARTwrite                        
00003c37  UARTgets                         
00003d29  UARTgetc                         
00003d5d  UARTvprintf                      
00004083  UARTprintf                       
000040bb  IntMasterEnable                  
000040cb  IntMasterDisable                 
000040db  IntRegister                      
00004151  IntUnregister                    
00004171  IntPriorityGroupingSet           
00004197  IntPriorityGroupingGet           
000041cf  IntPrioritySet                   
00004231  IntPriorityGet                   
00004267  IntEnable                        
000042e5  IntDisable                       
0000436d  IntIsEnabled                     
00004421  IntPendSet                       
00004491  IntPendClear                     
000044eb  IntPriorityMaskSet               
000044f7  IntPriorityMaskGet               
000044ff  IntTrigger                       
00004549  timerCallbackForT1               
0000455d  timerCallbackForT2               
00004587  itoa                             
00004625  main                             
000046b5  vTask_1                          
000046e5  vTask_2                          
00004717  vTask_3                          
00004777  __error__                        
0000486d  PinoutSet                        
00004a3f  LEDWrite                         
00004acf  LEDRead                          
00004b91  pvPortMalloc                     
00004c89  vPortFree                        
00004ce7  xPortGetFreeHeapSize             
00004ced  vPortInitialiseBlocks            
00004d49  pxPortInitialiseStack            
00004db3  xPortStartScheduler              
00004de9  vPortEndScheduler                
00004deb  vPortEnterCritical               
00004e0b  vPortExitCritical                
00004e21  xPortSysTickHandler              
00004e47  vPortSetupTimerInterrupt         
00004e75  vListInitialise                  
00004ea5  vListInitialiseItem              
00004eb5  vListInsertEnd                   
00004ef1  vListInsert                      
00004f57  uxListRemove                     
00004f9f  __aeabi_idiv0                    
00004f9f  __aeabi_ldiv0                    
00004fb1  ulPortGetIPSR                    
00004fc9  xPortPendSVHandler               
00005029  vPortSVCHandler                  
00005049  vPortStartFirstTask              
00005065  vPortEnableVFP                   
00005073  __aeabi_memcpy                   
00005073  __aeabi_memcpy4                  
00005073  __aeabi_memcpy8                  
00005073  memcpy                           
0000510f  __aeabi_memclr                   
0000510f  __aeabi_memclr4                  
0000510f  __aeabi_memclr8                  
00005111  __aeabi_memset                   
00005111  __aeabi_memset4                  
00005111  __aeabi_memset8                  
00005117  memset                           
00005189  __TI_decompress_lzss             
000051f1  __TI_auto_init_nobinit_nopinit   
00005235  __aeabi_uidiv                    
00005235  __aeabi_uidivmod                 
00005275  CPUcpsid                         
00005281  CPUprimask                       
0000528b  CPUcpsie                         
00005297  CPUwfi                           
0000529b  CPUbasepriSet                    
000052a9  CPUbasepriGet                    
000052b5  _c_int00_noargs                  
000052ed  __TI_decompress_none             
000052fb  __TI_zero_init                   
00005307  ResetISR                         
00005313  _system_pre_init                 
00005317  C$$EXIT                          
00005317  abort                            
00005664  ulMaxSyscallInterruptPriority    
00005680  __TI_Handler_Table_Base          
0000568c  __TI_Handler_Table_Limit         
000056a0  __TI_CINIT_Base                  
000056b8  __TI_CINIT_Limit                 
20000000  g_pfnRAMVectors                  
2000c620  xQueueRegistry                   
2000c70c  tick_receive                     
2000c710  tick_send                        
2000c714  timing_2HZ                       
2000c718  timing_4HZ                       
2000c71c  xTask3                           
2000c720  __stack                          
2000c920  __STACK_END                      
2000c920  __STACK_TOP                      
2000c920  pxCurrentTCB                     
2000c970  queue                            
ffffffff  __TI_pprof_out_hndl              
ffffffff  __TI_prof_data_size              
ffffffff  __TI_prof_data_start             
ffffffff  __binit__                        
ffffffff  __c_args__                       
ffffffff  binit                            
UNDEFED   __mpu_init                       
UNDEFED   _system_post_cinit               

[240 symbols]
