<?xml version="1.0" encoding="ISO-8859-1" ?>
<link_info>
   <banner>TI ARM Linker Unix v18.1.1.LTS</banner>
   <copyright>Copyright (c) 1996-2017 Texas Instruments Incorporated</copyright>
   <link_time>0x5acaddb7</link_time>
   <link_errors>0x0</link_errors>
   <output_file>FreeRTOS_tiva_demo.out</output_file>
   <entry_point>
      <name>_c_int00_noargs</name>
      <address>0x52b5</address>
   </entry_point>
   <input_file_list>
      <input_file id="fl-2">
         <path>./</path>
         <kind>object</kind>
         <file>main.obj</file>
         <name>main.obj</name>
      </input_file>
      <input_file id="fl-3">
         <path>./</path>
         <kind>object</kind>
         <file>tm4c1294ncpdt_startup_ccs.obj</file>
         <name>tm4c1294ncpdt_startup_ccs.obj</name>
      </input_file>
      <input_file id="fl-4">
         <path>./FreeRTOS/</path>
         <kind>object</kind>
         <file>croutine.obj</file>
         <name>croutine.obj</name>
      </input_file>
      <input_file id="fl-5">
         <path>./FreeRTOS/</path>
         <kind>object</kind>
         <file>event_groups.obj</file>
         <name>event_groups.obj</name>
      </input_file>
      <input_file id="fl-6">
         <path>./FreeRTOS/</path>
         <kind>object</kind>
         <file>list.obj</file>
         <name>list.obj</name>
      </input_file>
      <input_file id="fl-7">
         <path>./FreeRTOS/</path>
         <kind>object</kind>
         <file>queue.obj</file>
         <name>queue.obj</name>
      </input_file>
      <input_file id="fl-8">
         <path>./FreeRTOS/</path>
         <kind>object</kind>
         <file>tasks.obj</file>
         <name>tasks.obj</name>
      </input_file>
      <input_file id="fl-9">
         <path>./FreeRTOS/</path>
         <kind>object</kind>
         <file>timers.obj</file>
         <name>timers.obj</name>
      </input_file>
      <input_file id="fl-a">
         <path>./FreeRTOS/portable/CCS/ARM_CM4F/</path>
         <kind>object</kind>
         <file>port.obj</file>
         <name>port.obj</name>
      </input_file>
      <input_file id="fl-b">
         <path>./FreeRTOS/portable/CCS/ARM_CM4F/</path>
         <kind>object</kind>
         <file>portasm.obj</file>
         <name>portasm.obj</name>
      </input_file>
      <input_file id="fl-c">
         <path>./FreeRTOS/portable/MemMang/</path>
         <kind>object</kind>
         <file>heap_2.obj</file>
         <name>heap_2.obj</name>
      </input_file>
      <input_file id="fl-d">
         <path>./driverlib/</path>
         <kind>object</kind>
         <file>adc.obj</file>
         <name>adc.obj</name>
      </input_file>
      <input_file id="fl-e">
         <path>./driverlib/</path>
         <kind>object</kind>
         <file>aes.obj</file>
         <name>aes.obj</name>
      </input_file>
      <input_file id="fl-f">
         <path>./driverlib/</path>
         <kind>object</kind>
         <file>can.obj</file>
         <name>can.obj</name>
      </input_file>
      <input_file id="fl-10">
         <path>./driverlib/</path>
         <kind>object</kind>
         <file>comp.obj</file>
         <name>comp.obj</name>
      </input_file>
      <input_file id="fl-11">
         <path>./driverlib/</path>
         <kind>object</kind>
         <file>cpu.obj</file>
         <name>cpu.obj</name>
      </input_file>
      <input_file id="fl-12">
         <path>./driverlib/</path>
         <kind>object</kind>
         <file>crc.obj</file>
         <name>crc.obj</name>
      </input_file>
      <input_file id="fl-13">
         <path>./driverlib/</path>
         <kind>object</kind>
         <file>des.obj</file>
         <name>des.obj</name>
      </input_file>
      <input_file id="fl-14">
         <path>./driverlib/</path>
         <kind>object</kind>
         <file>eeprom.obj</file>
         <name>eeprom.obj</name>
      </input_file>
      <input_file id="fl-15">
         <path>./driverlib/</path>
         <kind>object</kind>
         <file>emac.obj</file>
         <name>emac.obj</name>
      </input_file>
      <input_file id="fl-16">
         <path>./driverlib/</path>
         <kind>object</kind>
         <file>epi.obj</file>
         <name>epi.obj</name>
      </input_file>
      <input_file id="fl-17">
         <path>./driverlib/</path>
         <kind>object</kind>
         <file>epi_workaround_ccs.obj</file>
         <name>epi_workaround_ccs.obj</name>
      </input_file>
      <input_file id="fl-18">
         <path>./driverlib/</path>
         <kind>object</kind>
         <file>flash.obj</file>
         <name>flash.obj</name>
      </input_file>
      <input_file id="fl-19">
         <path>./driverlib/</path>
         <kind>object</kind>
         <file>fpu.obj</file>
         <name>fpu.obj</name>
      </input_file>
      <input_file id="fl-1a">
         <path>./driverlib/</path>
         <kind>object</kind>
         <file>gpio.obj</file>
         <name>gpio.obj</name>
      </input_file>
      <input_file id="fl-1b">
         <path>./driverlib/</path>
         <kind>object</kind>
         <file>hibernate.obj</file>
         <name>hibernate.obj</name>
      </input_file>
      <input_file id="fl-1c">
         <path>./driverlib/</path>
         <kind>object</kind>
         <file>i2c.obj</file>
         <name>i2c.obj</name>
      </input_file>
      <input_file id="fl-1d">
         <path>./driverlib/</path>
         <kind>object</kind>
         <file>interrupt.obj</file>
         <name>interrupt.obj</name>
      </input_file>
      <input_file id="fl-1e">
         <path>./driverlib/</path>
         <kind>object</kind>
         <file>lcd.obj</file>
         <name>lcd.obj</name>
      </input_file>
      <input_file id="fl-1f">
         <path>./driverlib/</path>
         <kind>object</kind>
         <file>mpu.obj</file>
         <name>mpu.obj</name>
      </input_file>
      <input_file id="fl-20">
         <path>./driverlib/</path>
         <kind>object</kind>
         <file>pwm.obj</file>
         <name>pwm.obj</name>
      </input_file>
      <input_file id="fl-21">
         <path>./driverlib/</path>
         <kind>object</kind>
         <file>qei.obj</file>
         <name>qei.obj</name>
      </input_file>
      <input_file id="fl-22">
         <path>./driverlib/</path>
         <kind>object</kind>
         <file>shamd5.obj</file>
         <name>shamd5.obj</name>
      </input_file>
      <input_file id="fl-23">
         <path>./driverlib/</path>
         <kind>object</kind>
         <file>ssi.obj</file>
         <name>ssi.obj</name>
      </input_file>
      <input_file id="fl-24">
         <path>./driverlib/</path>
         <kind>object</kind>
         <file>sw_crc.obj</file>
         <name>sw_crc.obj</name>
      </input_file>
      <input_file id="fl-25">
         <path>./driverlib/</path>
         <kind>object</kind>
         <file>sysctl.obj</file>
         <name>sysctl.obj</name>
      </input_file>
      <input_file id="fl-26">
         <path>./driverlib/</path>
         <kind>object</kind>
         <file>sysexc.obj</file>
         <name>sysexc.obj</name>
      </input_file>
      <input_file id="fl-27">
         <path>./driverlib/</path>
         <kind>object</kind>
         <file>systick.obj</file>
         <name>systick.obj</name>
      </input_file>
      <input_file id="fl-28">
         <path>./driverlib/</path>
         <kind>object</kind>
         <file>timer.obj</file>
         <name>timer.obj</name>
      </input_file>
      <input_file id="fl-29">
         <path>./driverlib/</path>
         <kind>object</kind>
         <file>uart.obj</file>
         <name>uart.obj</name>
      </input_file>
      <input_file id="fl-2a">
         <path>./driverlib/</path>
         <kind>object</kind>
         <file>udma.obj</file>
         <name>udma.obj</name>
      </input_file>
      <input_file id="fl-2b">
         <path>./driverlib/</path>
         <kind>object</kind>
         <file>usb.obj</file>
         <name>usb.obj</name>
      </input_file>
      <input_file id="fl-2c">
         <path>./driverlib/</path>
         <kind>object</kind>
         <file>watchdog.obj</file>
         <name>watchdog.obj</name>
      </input_file>
      <input_file id="fl-2d">
         <path>./drivers/</path>
         <kind>object</kind>
         <file>pinout.obj</file>
         <name>pinout.obj</name>
      </input_file>
      <input_file id="fl-2e">
         <path>./utils/</path>
         <kind>object</kind>
         <file>uartstdio.obj</file>
         <name>uartstdio.obj</name>
      </input_file>
      <input_file id="fl-32">
         <kind>object</kind>
         <file>&lt;internal&gt;</file>
         <name>&lt;internal&gt;</name>
      </input_file>
      <input_file id="fl-e8">
         <path>/Users/yuch0605/Documents/Appications/ti/ccsv8/tools/compiler/ti-cgt-arm_18.1.1.LTS/lib/</path>
         <kind>archive</kind>
         <file>rtsv7M4_T_le_v4SPD16_eabi.lib</file>
         <name>u_divt2.asm.obj</name>
      </input_file>
      <input_file id="fl-e9">
         <path>/Users/yuch0605/Documents/Appications/ti/ccsv8/tools/compiler/ti-cgt-arm_18.1.1.LTS/lib/</path>
         <kind>archive</kind>
         <file>rtsv7M4_T_le_v4SPD16_eabi.lib</file>
         <name>memcpy_t2.asm.obj</name>
      </input_file>
      <input_file id="fl-ea">
         <path>/Users/yuch0605/Documents/Appications/ti/ccsv8/tools/compiler/ti-cgt-arm_18.1.1.LTS/lib/</path>
         <kind>archive</kind>
         <file>rtsv7M4_T_le_v4SPD16_eabi.lib</file>
         <name>memset_t2.asm.obj</name>
      </input_file>
      <input_file id="fl-eb">
         <path>/Users/yuch0605/Documents/Appications/ti/ccsv8/tools/compiler/ti-cgt-arm_18.1.1.LTS/lib/</path>
         <kind>archive</kind>
         <file>rtsv7M4_T_le_v4SPD16_eabi.lib</file>
         <name>copy_zero_init.c.obj</name>
      </input_file>
      <input_file id="fl-ec">
         <path>/Users/yuch0605/Documents/Appications/ti/ccsv8/tools/compiler/ti-cgt-arm_18.1.1.LTS/lib/</path>
         <kind>archive</kind>
         <file>rtsv7M4_T_le_v4SPD16_eabi.lib</file>
         <name>copy_decompress_none.c.obj</name>
      </input_file>
      <input_file id="fl-ed">
         <path>/Users/yuch0605/Documents/Appications/ti/ccsv8/tools/compiler/ti-cgt-arm_18.1.1.LTS/lib/</path>
         <kind>archive</kind>
         <file>rtsv7M4_T_le_v4SPD16_eabi.lib</file>
         <name>copy_decompress_lzss.c.obj</name>
      </input_file>
      <input_file id="fl-ee">
         <path>/Users/yuch0605/Documents/Appications/ti/ccsv8/tools/compiler/ti-cgt-arm_18.1.1.LTS/lib/</path>
         <kind>archive</kind>
         <file>rtsv7M4_T_le_v4SPD16_eabi.lib</file>
         <name>boot_cortex_m.c.obj</name>
      </input_file>
      <input_file id="fl-ef">
         <path>/Users/yuch0605/Documents/Appications/ti/ccsv8/tools/compiler/ti-cgt-arm_18.1.1.LTS/lib/</path>
         <kind>archive</kind>
         <file>rtsv7M4_T_le_v4SPD16_eabi.lib</file>
         <name>exit.c.obj</name>
      </input_file>
      <input_file id="fl-f0">
         <path>/Users/yuch0605/Documents/Appications/ti/ccsv8/tools/compiler/ti-cgt-arm_18.1.1.LTS/lib/</path>
         <kind>archive</kind>
         <file>rtsv7M4_T_le_v4SPD16_eabi.lib</file>
         <name>_lock.c.obj</name>
      </input_file>
      <input_file id="fl-f1">
         <path>/Users/yuch0605/Documents/Appications/ti/ccsv8/tools/compiler/ti-cgt-arm_18.1.1.LTS/lib/</path>
         <kind>archive</kind>
         <file>rtsv7M4_T_le_v4SPD16_eabi.lib</file>
         <name>args_main.c.obj</name>
      </input_file>
      <input_file id="fl-f2">
         <path>/Users/yuch0605/Documents/Appications/ti/ccsv8/tools/compiler/ti-cgt-arm_18.1.1.LTS/lib/</path>
         <kind>archive</kind>
         <file>rtsv7M4_T_le_v4SPD16_eabi.lib</file>
         <name>div0.asm.obj</name>
      </input_file>
      <input_file id="fl-f3">
         <path>/Users/yuch0605/Documents/Appications/ti/ccsv8/tools/compiler/ti-cgt-arm_18.1.1.LTS/lib/</path>
         <kind>archive</kind>
         <file>rtsv7M4_T_le_v4SPD16_eabi.lib</file>
         <name>autoinit.c.obj</name>
      </input_file>
      <input_file id="fl-f4">
         <path>/Users/yuch0605/Documents/Appications/ti/ccsv8/tools/compiler/ti-cgt-arm_18.1.1.LTS/lib/</path>
         <kind>archive</kind>
         <file>rtsv7M4_T_le_v4SPD16_eabi.lib</file>
         <name>pre_init.c.obj</name>
      </input_file>
      <input_file id="fl-f5">
         <path>/Users/yuch0605/Documents/Appications/ti/ccsv8/tools/compiler/ti-cgt-arm_18.1.1.LTS/lib/</path>
         <kind>archive</kind>
         <file>rtsv7M4_T_le_v4SPD16_eabi.lib</file>
         <name>cpy_tbl.c.obj</name>
      </input_file>
   </input_file_list>
   <object_component_list>
      <object_component id="oc-f">
         <name>.intvecs</name>
         <load_address>0x0</load_address>
         <run_address>0x0</run_address>
         <size>0x208</size>
         <input_file_ref idref="fl-3"/>
      </object_component>
      <object_component id="oc-7c">
         <name>.text</name>
         <load_address>0x208</load_address>
         <run_address>0x208</run_address>
         <size>0x17b0</size>
         <input_file_ref idref="fl-8"/>
      </object_component>
      <object_component id="oc-1d3">
         <name>.text</name>
         <load_address>0x19b8</load_address>
         <run_address>0x19b8</run_address>
         <size>0x114c</size>
         <input_file_ref idref="fl-1a"/>
      </object_component>
      <object_component id="oc-12d">
         <name>.text</name>
         <load_address>0x2b04</load_address>
         <run_address>0x2b04</run_address>
         <size>0xad0</size>
         <input_file_ref idref="fl-7"/>
      </object_component>
      <object_component id="oc-f8">
         <name>.text</name>
         <load_address>0x35d4</load_address>
         <run_address>0x35d4</run_address>
         <size>0x578</size>
         <input_file_ref idref="fl-9"/>
      </object_component>
      <object_component id="oc-139">
         <name>.text</name>
         <load_address>0x3b4c</load_address>
         <run_address>0x3b4c</run_address>
         <size>0x56c</size>
         <input_file_ref idref="fl-2e"/>
      </object_component>
      <object_component id="oc-23e">
         <name>.text</name>
         <load_address>0x40b8</load_address>
         <run_address>0x40b8</run_address>
         <size>0x490</size>
         <input_file_ref idref="fl-1d"/>
      </object_component>
      <object_component id="oc-c4">
         <name>.text</name>
         <load_address>0x4548</load_address>
         <run_address>0x4548</run_address>
         <size>0x324</size>
         <input_file_ref idref="fl-2"/>
      </object_component>
      <object_component id="oc-133">
         <name>.text</name>
         <load_address>0x486c</load_address>
         <run_address>0x486c</run_address>
         <size>0x324</size>
         <input_file_ref idref="fl-2d"/>
      </object_component>
      <object_component id="oc-e0">
         <name>.text</name>
         <load_address>0x4b90</load_address>
         <run_address>0x4b90</run_address>
         <size>0x1b8</size>
         <input_file_ref idref="fl-c"/>
      </object_component>
      <object_component id="oc-2f">
         <name>.text</name>
         <load_address>0x4d48</load_address>
         <run_address>0x4d48</run_address>
         <size>0x12c</size>
         <input_file_ref idref="fl-a"/>
      </object_component>
      <object_component id="oc-e6">
         <name>.text</name>
         <load_address>0x4e74</load_address>
         <run_address>0x4e74</run_address>
         <size>0x12a</size>
         <input_file_ref idref="fl-6"/>
      </object_component>
      <object_component id="oc-256">
         <name>.text</name>
         <load_address>0x4f9e</load_address>
         <run_address>0x4f9e</run_address>
         <size>0x2</size>
         <input_file_ref idref="fl-f2"/>
      </object_component>
      <object_component id="oc-2a">
         <name>.text</name>
         <load_address>0x4fa0</load_address>
         <run_address>0x4fa0</run_address>
         <size>0xd2</size>
         <input_file_ref idref="fl-b"/>
      </object_component>
      <object_component id="oc-43">
         <name>.text</name>
         <load_address>0x5072</load_address>
         <run_address>0x5072</run_address>
         <size>0x9c</size>
         <input_file_ref idref="fl-e9"/>
      </object_component>
      <object_component id="oc-b8">
         <name>.text</name>
         <load_address>0x510e</load_address>
         <run_address>0x510e</run_address>
         <size>0x7a</size>
         <input_file_ref idref="fl-ea"/>
      </object_component>
      <object_component id="oc-12">
         <name>.text:decompress:lzss:__TI_decompress_lzss</name>
         <load_address>0x5188</load_address>
         <run_address>0x5188</run_address>
         <size>0x68</size>
         <input_file_ref idref="fl-ed"/>
      </object_component>
      <object_component id="oc-159">
         <name>.text:__TI_auto_init_nobinit_nopinit:__TI_auto_init_nobinit_nopinit</name>
         <load_address>0x51f0</load_address>
         <run_address>0x51f0</run_address>
         <size>0x44</size>
         <input_file_ref idref="fl-f3"/>
      </object_component>
      <object_component id="oc-1e4">
         <name>.text</name>
         <load_address>0x5234</load_address>
         <run_address>0x5234</run_address>
         <size>0x40</size>
         <input_file_ref idref="fl-e8"/>
      </object_component>
      <object_component id="oc-292">
         <name>.text</name>
         <load_address>0x5274</load_address>
         <run_address>0x5274</run_address>
         <size>0x3e</size>
         <input_file_ref idref="fl-11"/>
      </object_component>
      <object_component id="oc-61">
         <name>.text:_c_int00_noargs:_c_int00_noargs</name>
         <load_address>0x52b4</load_address>
         <run_address>0x52b4</run_address>
         <size>0x38</size>
         <input_file_ref idref="fl-ee"/>
      </object_component>
      <object_component id="oc-18">
         <name>.text:decompress:none:__TI_decompress_none</name>
         <load_address>0x52ec</load_address>
         <run_address>0x52ec</run_address>
         <size>0xe</size>
         <input_file_ref idref="fl-ec"/>
      </object_component>
      <object_component id="oc-55">
         <name>.text:decompress:ZI:__TI_zero_init</name>
         <load_address>0x52fa</load_address>
         <run_address>0x52fa</run_address>
         <size>0xc</size>
         <input_file_ref idref="fl-eb"/>
      </object_component>
      <object_component id="oc-24">
         <name>.text</name>
         <load_address>0x5306</load_address>
         <run_address>0x5306</run_address>
         <size>0xc</size>
         <input_file_ref idref="fl-3"/>
      </object_component>
      <object_component id="oc-be">
         <name>.text:_system_pre_init</name>
         <load_address>0x5312</load_address>
         <run_address>0x5312</run_address>
         <size>0x4</size>
         <input_file_ref idref="fl-f4"/>
      </object_component>
      <object_component id="oc-14d">
         <name>.text:abort:abort</name>
         <load_address>0x5316</load_address>
         <run_address>0x5316</run_address>
         <size>0x4</size>
         <input_file_ref idref="fl-ef"/>
      </object_component>
      <object_component id="oc-238">
         <name>.const:g_ppui32GPIOIntMapBlizzard</name>
         <load_address>0x531c</load_address>
         <run_address>0x531c</run_address>
         <size>0xc0</size>
         <input_file_ref idref="fl-1a"/>
      </object_component>
      <object_component id="oc-23b">
         <name>.const:g_ppui32GPIOIntMapSnowflake</name>
         <load_address>0x53dc</load_address>
         <run_address>0x53dc</run_address>
         <size>0xc0</size>
         <input_file_ref idref="fl-1a"/>
      </object_component>
      <object_component id="oc-29e">
         <name>.const:g_pui32Regs</name>
         <load_address>0x549c</load_address>
         <run_address>0x549c</run_address>
         <size>0x9c</size>
         <input_file_ref idref="fl-1d"/>
      </object_component>
      <object_component id="oc-244">
         <name>.const:g_pui32GPIOBaseAddrs</name>
         <load_address>0x5538</load_address>
         <run_address>0x5538</run_address>
         <size>0x90</size>
         <input_file_ref idref="fl-1a"/>
      </object_component>
      <object_component id="oc-29b">
         <name>.const:g_pui32Priority</name>
         <load_address>0x55c8</load_address>
         <run_address>0x55c8</run_address>
         <size>0x20</size>
         <input_file_ref idref="fl-1d"/>
      </object_component>
      <object_component id="oc-2a4">
         <name>.const:g_pui32Dii16Regs</name>
         <load_address>0x55e8</load_address>
         <run_address>0x55e8</run_address>
         <size>0x14</size>
         <input_file_ref idref="fl-1d"/>
      </object_component>
      <object_component id="oc-2a1">
         <name>.const:g_pui32EnRegs</name>
         <load_address>0x55fc</load_address>
         <run_address>0x55fc</run_address>
         <size>0x14</size>
         <input_file_ref idref="fl-1d"/>
      </object_component>
      <object_component id="oc-2a7">
         <name>.const:g_pui32PendRegs</name>
         <load_address>0x5610</load_address>
         <run_address>0x5610</run_address>
         <size>0x14</size>
         <input_file_ref idref="fl-1d"/>
      </object_component>
      <object_component id="oc-2aa">
         <name>.const:g_pui32UnpendRegs</name>
         <load_address>0x5624</load_address>
         <run_address>0x5624</run_address>
         <size>0x14</size>
         <input_file_ref idref="fl-1d"/>
      </object_component>
      <object_component id="oc-25c">
         <name>.const:.string</name>
         <load_address>0x5638</load_address>
         <run_address>0x5638</run_address>
         <size>0x12</size>
         <input_file_ref idref="fl-2e"/>
      </object_component>
      <object_component id="oc-1e1">
         <name>.const:g_ui32UARTBase</name>
         <load_address>0x564c</load_address>
         <run_address>0x564c</run_address>
         <size>0xc</size>
         <input_file_ref idref="fl-2e"/>
      </object_component>
      <object_component id="oc-1db">
         <name>.const:g_ui32UARTPeriph</name>
         <load_address>0x5658</load_address>
         <run_address>0x5658</run_address>
         <size>0xc</size>
         <input_file_ref idref="fl-2e"/>
      </object_component>
      <object_component id="oc-79">
         <name>.const</name>
         <load_address>0x5664</load_address>
         <run_address>0x5664</run_address>
         <size>0x4</size>
         <input_file_ref idref="fl-a"/>
      </object_component>
      <object_component id="oc-1e9">
         <name>.const</name>
         <load_address>0x5668</load_address>
         <run_address>0x5668</run_address>
         <size>0x4</size>
         <input_file_ref idref="fl-2e"/>
      </object_component>
      <object_component id="oc-2fe">
         <name>.cinit..data.load</name>
         <load_address>0x5670</load_address>
         <run_address>0x5670</run_address>
         <size>0x10</size>
      </object_component>
      <object_component id="oc-2fb">
         <name>__TI_handler_table</name>
         <load_address>0x5680</load_address>
         <run_address>0x5680</run_address>
         <size>0xc</size>
      </object_component>
      <object_component id="oc-2ff">
         <name>.cinit..bss.load</name>
         <load_address>0x5690</load_address>
         <run_address>0x5690</run_address>
         <size>0x8</size>
      </object_component>
      <object_component id="oc-2fd">
         <name>.cinit..vtable.load</name>
         <load_address>0x5698</load_address>
         <run_address>0x5698</run_address>
         <size>0x8</size>
      </object_component>
      <object_component id="oc-2fc">
         <name>__TI_cinit_table</name>
         <load_address>0x56a0</load_address>
         <run_address>0x56a0</run_address>
         <size>0x18</size>
      </object_component>
      <object_component id="oc-298">
         <name>.vtable</name>
         <uninitialized>true</uninitialized>
         <run_address>0x20000000</run_address>
         <size>0x26c</size>
         <input_file_ref idref="fl-1d"/>
      </object_component>
      <object_component id="oc-141">
         <name>.data</name>
         <load_address>0x2000c970</load_address>
         <run_address>0x2000c970</run_address>
         <size>0x4</size>
         <input_file_ref idref="fl-2"/>
      </object_component>
      <object_component id="oc-76">
         <name>.data</name>
         <load_address>0x2000c920</load_address>
         <run_address>0x2000c920</run_address>
         <size>0x34</size>
         <input_file_ref idref="fl-8"/>
      </object_component>
      <object_component id="oc-1af">
         <name>.data</name>
         <load_address>0x2000c954</load_address>
         <run_address>0x2000c954</run_address>
         <size>0xc</size>
         <input_file_ref idref="fl-9"/>
      </object_component>
      <object_component id="oc-83">
         <name>.data</name>
         <load_address>0x2000c974</load_address>
         <run_address>0x2000c974</run_address>
         <size>0x4</size>
         <input_file_ref idref="fl-a"/>
      </object_component>
      <object_component id="oc-197">
         <name>.data</name>
         <load_address>0x2000c960</load_address>
         <run_address>0x2000c960</run_address>
         <size>0x8</size>
         <input_file_ref idref="fl-c"/>
      </object_component>
      <object_component id="oc-1de">
         <name>.data</name>
         <load_address>0x2000c968</load_address>
         <run_address>0x2000c968</run_address>
         <size>0x5</size>
         <input_file_ref idref="fl-2e"/>
      </object_component>
      <object_component id="oc-ec">
         <name>.bss:pxReadyTasksLists</name>
         <uninitialized>true</uninitialized>
         <run_address>0x2000c5bc</run_address>
         <size>0x64</size>
         <input_file_ref idref="fl-8"/>
      </object_component>
      <object_component id="oc-101">
         <name>.bss:xDelayedTaskList1</name>
         <uninitialized>true</uninitialized>
         <run_address>0x2000c688</run_address>
         <size>0x14</size>
         <input_file_ref idref="fl-8"/>
      </object_component>
      <object_component id="oc-104">
         <name>.bss:xDelayedTaskList2</name>
         <uninitialized>true</uninitialized>
         <run_address>0x2000c69c</run_address>
         <size>0x14</size>
         <input_file_ref idref="fl-8"/>
      </object_component>
      <object_component id="oc-f2">
         <name>.bss</name>
         <uninitialized>true</uninitialized>
         <run_address>0x2000c6ec</run_address>
         <size>0x8</size>
         <input_file_ref idref="fl-8"/>
      </object_component>
      <object_component id="oc-fe">
         <name>.bss:xPendingReadyList</name>
         <uninitialized>true</uninitialized>
         <run_address>0x2000c6b0</run_address>
         <size>0x14</size>
         <input_file_ref idref="fl-8"/>
      </object_component>
      <object_component id="oc-ef">
         <name>.bss:xTasksWaitingTermination</name>
         <uninitialized>true</uninitialized>
         <run_address>0x2000c6d8</run_address>
         <size>0x14</size>
         <input_file_ref idref="fl-8"/>
      </object_component>
      <object_component id="oc-f5">
         <name>.bss:xSuspendedTaskList</name>
         <uninitialized>true</uninitialized>
         <run_address>0x2000c6c4</run_address>
         <size>0x14</size>
         <input_file_ref idref="fl-8"/>
      </object_component>
      <object_component id="oc-1b5">
         <name>.bss:xActiveTimerList1</name>
         <uninitialized>true</uninitialized>
         <run_address>0x2000c660</run_address>
         <size>0x14</size>
         <input_file_ref idref="fl-9"/>
      </object_component>
      <object_component id="oc-1b8">
         <name>.bss:xActiveTimerList2</name>
         <uninitialized>true</uninitialized>
         <run_address>0x2000c674</run_address>
         <size>0x14</size>
         <input_file_ref idref="fl-9"/>
      </object_component>
      <object_component id="oc-1b2">
         <name>.bss</name>
         <uninitialized>true</uninitialized>
         <run_address>0x2000c6f4</run_address>
         <size>0x8</size>
         <input_file_ref idref="fl-9"/>
      </object_component>
      <object_component id="oc-1a0">
         <name>.bss:ucHeap</name>
         <uninitialized>true</uninitialized>
         <run_address>0x2000026c</run_address>
         <size>0xc350</size>
         <input_file_ref idref="fl-c"/>
      </object_component>
      <object_component id="oc-19a">
         <name>.bss:xStart</name>
         <uninitialized>true</uninitialized>
         <run_address>0x2000c704</run_address>
         <size>0x8</size>
         <input_file_ref idref="fl-c"/>
      </object_component>
      <object_component id="oc-19d">
         <name>.bss:xEnd</name>
         <uninitialized>true</uninitialized>
         <run_address>0x2000c6fc</run_address>
         <size>0x8</size>
         <input_file_ref idref="fl-c"/>
      </object_component>
      <object_component id="oc-13f">
         <name>.common:xTask3</name>
         <uninitialized>true</uninitialized>
         <run_address>0x2000c71c</run_address>
         <size>0x4</size>
      </object_component>
      <object_component id="oc-144">
         <name>.common:timing_2HZ</name>
         <uninitialized>true</uninitialized>
         <run_address>0x2000c714</run_address>
         <size>0x4</size>
      </object_component>
      <object_component id="oc-145">
         <name>.common:timing_4HZ</name>
         <uninitialized>true</uninitialized>
         <run_address>0x2000c718</run_address>
         <size>0x4</size>
      </object_component>
      <object_component id="oc-140">
         <name>.common:tick_send</name>
         <uninitialized>true</uninitialized>
         <run_address>0x2000c710</run_address>
         <size>0x4</size>
      </object_component>
      <object_component id="oc-146">
         <name>.common:tick_receive</name>
         <uninitialized>true</uninitialized>
         <run_address>0x2000c70c</run_address>
         <size>0x4</size>
      </object_component>
      <object_component id="oc-1cf">
         <name>.common:xQueueRegistry</name>
         <uninitialized>true</uninitialized>
         <run_address>0x2000c620</run_address>
         <size>0x40</size>
      </object_component>
      <object_component id="oc-21">
         <name>.stack</name>
         <uninitialized>true</uninitialized>
         <run_address>0x2000c720</run_address>
         <size>0x4</size>
         <input_file_ref idref="fl-ee"/>
      </object_component>
      <object_component id="oc-300">
         <name>.stack</name>
         <uninitialized>true</uninitialized>
         <run_address>0x2000c720</run_address>
         <size>0x0</size>
      </object_component>
      <object_component id="oc-111">
         <name>.debug_info</name>
         <load_address>0x0</load_address>
         <run_address>0x0</run_address>
         <size>0x7cb</size>
         <input_file_ref idref="fl-2"/>
      </object_component>
      <object_component id="oc-142">
         <name>.debug_info</name>
         <load_address>0x7cb</load_address>
         <run_address>0x7cb</run_address>
         <size>0xce</size>
         <input_file_ref idref="fl-2"/>
      </object_component>
      <object_component id="oc-c5">
         <name>.debug_info</name>
         <load_address>0x899</load_address>
         <run_address>0x899</run_address>
         <size>0x7f0</size>
         <input_file_ref idref="fl-2"/>
      </object_component>
      <object_component id="oc-d9">
         <name>.debug_info</name>
         <load_address>0x1089</load_address>
         <run_address>0x1089</run_address>
         <size>0x30c</size>
         <input_file_ref idref="fl-2"/>
      </object_component>
      <object_component id="oc-99">
         <name>.debug_info</name>
         <load_address>0x1395</load_address>
         <run_address>0x1395</run_address>
         <size>0x26b</size>
         <input_file_ref idref="fl-2"/>
      </object_component>
      <object_component id="oc-9e">
         <name>.debug_info</name>
         <load_address>0x1600</load_address>
         <run_address>0x1600</run_address>
         <size>0x3cd</size>
         <input_file_ref idref="fl-2"/>
      </object_component>
      <object_component id="oc-113">
         <name>.debug_info</name>
         <load_address>0x19cd</load_address>
         <run_address>0x19cd</run_address>
         <size>0x8b</size>
         <input_file_ref idref="fl-2"/>
      </object_component>
      <object_component id="oc-1ca">
         <name>.debug_info</name>
         <load_address>0x1a58</load_address>
         <run_address>0x1a58</run_address>
         <size>0x46</size>
         <input_file_ref idref="fl-2"/>
      </object_component>
      <object_component id="oc-148">
         <name>.debug_info</name>
         <load_address>0x1a9e</load_address>
         <run_address>0x1a9e</run_address>
         <size>0x46</size>
         <input_file_ref idref="fl-2"/>
      </object_component>
      <object_component id="oc-88">
         <name>.debug_info</name>
         <load_address>0x1ae4</load_address>
         <run_address>0x1ae4</run_address>
         <size>0x2c</size>
         <input_file_ref idref="fl-2"/>
      </object_component>
      <object_component id="oc-118">
         <name>.debug_info</name>
         <load_address>0x1b10</load_address>
         <run_address>0x1b10</run_address>
         <size>0x297</size>
         <input_file_ref idref="fl-2"/>
      </object_component>
      <object_component id="oc-248">
         <name>.debug_info</name>
         <load_address>0x1da7</load_address>
         <run_address>0x1da7</run_address>
         <size>0xef</size>
         <input_file_ref idref="fl-2"/>
      </object_component>
      <object_component id="oc-94">
         <name>.debug_info</name>
         <load_address>0x1e96</load_address>
         <run_address>0x1e96</run_address>
         <size>0xbb</size>
         <input_file_ref idref="fl-2"/>
      </object_component>
      <object_component id="oc-8d">
         <name>.debug_info</name>
         <load_address>0x1f51</load_address>
         <run_address>0x1f51</run_address>
         <size>0x53</size>
         <input_file_ref idref="fl-2"/>
      </object_component>
      <object_component id="oc-1ee">
         <name>.debug_info</name>
         <load_address>0x1fa4</load_address>
         <run_address>0x1fa4</run_address>
         <size>0x2c</size>
         <input_file_ref idref="fl-2"/>
      </object_component>
      <object_component id="oc-10c">
         <name>.debug_info</name>
         <load_address>0x1fd0</load_address>
         <run_address>0x1fd0</run_address>
         <size>0x14c</size>
         <input_file_ref idref="fl-2"/>
      </object_component>
      <object_component id="oc-37">
         <name>.debug_info</name>
         <load_address>0x211c</load_address>
         <run_address>0x211c</run_address>
         <size>0x3c8</size>
         <input_file_ref idref="fl-3"/>
      </object_component>
      <object_component id="oc-10">
         <name>.debug_info</name>
         <load_address>0x24e4</load_address>
         <run_address>0x24e4</run_address>
         <size>0xf1</size>
         <input_file_ref idref="fl-3"/>
      </object_component>
      <object_component id="oc-25">
         <name>.debug_info</name>
         <load_address>0x25d5</load_address>
         <run_address>0x25d5</run_address>
         <size>0x270</size>
         <input_file_ref idref="fl-3"/>
      </object_component>
      <object_component id="oc-3e">
         <name>.debug_info</name>
         <load_address>0x2845</load_address>
         <run_address>0x2845</run_address>
         <size>0x84</size>
         <input_file_ref idref="fl-3"/>
      </object_component>
      <object_component id="oc-215">
         <name>.debug_info</name>
         <load_address>0x28c9</load_address>
         <run_address>0x28c9</run_address>
         <size>0x5fd</size>
         <input_file_ref idref="fl-5"/>
      </object_component>
      <object_component id="oc-192">
         <name>.debug_info</name>
         <load_address>0x2ec6</load_address>
         <run_address>0x2ec6</run_address>
         <size>0x110</size>
         <input_file_ref idref="fl-5"/>
      </object_component>
      <object_component id="oc-284">
         <name>.debug_info</name>
         <load_address>0x2fd6</load_address>
         <run_address>0x2fd6</run_address>
         <size>0x39</size>
         <input_file_ref idref="fl-5"/>
      </object_component>
      <object_component id="oc-289">
         <name>.debug_info</name>
         <load_address>0x300f</load_address>
         <run_address>0x300f</run_address>
         <size>0x76</size>
         <input_file_ref idref="fl-5"/>
      </object_component>
      <object_component id="oc-1a6">
         <name>.debug_info</name>
         <load_address>0x3085</load_address>
         <run_address>0x3085</run_address>
         <size>0x34d</size>
         <input_file_ref idref="fl-6"/>
      </object_component>
      <object_component id="oc-e7">
         <name>.debug_info</name>
         <load_address>0x33d2</load_address>
         <run_address>0x33d2</run_address>
         <size>0x4ac</size>
         <input_file_ref idref="fl-6"/>
      </object_component>
      <object_component id="oc-1d0">
         <name>.debug_info</name>
         <load_address>0x387e</load_address>
         <run_address>0x387e</run_address>
         <size>0x7f8</size>
         <input_file_ref idref="fl-7"/>
      </object_component>
      <object_component id="oc-12e">
         <name>.debug_info</name>
         <load_address>0x4076</load_address>
         <run_address>0x4076</run_address>
         <size>0x2d45</size>
         <input_file_ref idref="fl-7"/>
      </object_component>
      <object_component id="oc-233">
         <name>.debug_info</name>
         <load_address>0x6dbb</load_address>
         <run_address>0x6dbb</run_address>
         <size>0x1cd</size>
         <input_file_ref idref="fl-7"/>
      </object_component>
      <object_component id="oc-d8">
         <name>.debug_info</name>
         <load_address>0x6f88</load_address>
         <run_address>0x6f88</run_address>
         <size>0x759</size>
         <input_file_ref idref="fl-8"/>
      </object_component>
      <object_component id="oc-77">
         <name>.debug_info</name>
         <load_address>0x76e1</load_address>
         <run_address>0x76e1</run_address>
         <size>0x349</size>
         <input_file_ref idref="fl-8"/>
      </object_component>
      <object_component id="oc-ed">
         <name>.debug_info</name>
         <load_address>0x7a2a</load_address>
         <run_address>0x7a2a</run_address>
         <size>0xf0</size>
         <input_file_ref idref="fl-8"/>
      </object_component>
      <object_component id="oc-102">
         <name>.debug_info</name>
         <load_address>0x7b1a</load_address>
         <run_address>0x7b1a</run_address>
         <size>0xf0</size>
         <input_file_ref idref="fl-8"/>
      </object_component>
      <object_component id="oc-105">
         <name>.debug_info</name>
         <load_address>0x7c0a</load_address>
         <run_address>0x7c0a</run_address>
         <size>0xf0</size>
         <input_file_ref idref="fl-8"/>
      </object_component>
      <object_component id="oc-f3">
         <name>.debug_info</name>
         <load_address>0x7cfa</load_address>
         <run_address>0x7cfa</run_address>
         <size>0x133</size>
         <input_file_ref idref="fl-8"/>
      </object_component>
      <object_component id="oc-ff">
         <name>.debug_info</name>
         <load_address>0x7e2d</load_address>
         <run_address>0x7e2d</run_address>
         <size>0xf0</size>
         <input_file_ref idref="fl-8"/>
      </object_component>
      <object_component id="oc-f0">
         <name>.debug_info</name>
         <load_address>0x7f1d</load_address>
         <run_address>0x7f1d</run_address>
         <size>0xfe</size>
         <input_file_ref idref="fl-8"/>
      </object_component>
      <object_component id="oc-f6">
         <name>.debug_info</name>
         <load_address>0x801b</load_address>
         <run_address>0x801b</run_address>
         <size>0xf2</size>
         <input_file_ref idref="fl-8"/>
      </object_component>
      <object_component id="oc-7d">
         <name>.debug_info</name>
         <load_address>0x810d</load_address>
         <run_address>0x810d</run_address>
         <size>0x467b</size>
         <input_file_ref idref="fl-8"/>
      </object_component>
      <object_component id="oc-18d">
         <name>.debug_info</name>
         <load_address>0xc788</load_address>
         <run_address>0xc788</run_address>
         <size>0x146</size>
         <input_file_ref idref="fl-8"/>
      </object_component>
      <object_component id="oc-1bc">
         <name>.debug_info</name>
         <load_address>0xc8ce</load_address>
         <run_address>0xc8ce</run_address>
         <size>0x82d</size>
         <input_file_ref idref="fl-9"/>
      </object_component>
      <object_component id="oc-1b6">
         <name>.debug_info</name>
         <load_address>0xd0fb</load_address>
         <run_address>0xd0fb</run_address>
         <size>0xf0</size>
         <input_file_ref idref="fl-9"/>
      </object_component>
      <object_component id="oc-1b9">
         <name>.debug_info</name>
         <load_address>0xd1eb</load_address>
         <run_address>0xd1eb</run_address>
         <size>0xf0</size>
         <input_file_ref idref="fl-9"/>
      </object_component>
      <object_component id="oc-1b3">
         <name>.debug_info</name>
         <load_address>0xd2db</load_address>
         <run_address>0xd2db</run_address>
         <size>0x128</size>
         <input_file_ref idref="fl-9"/>
      </object_component>
      <object_component id="oc-1b0">
         <name>.debug_info</name>
         <load_address>0xd403</load_address>
         <run_address>0xd403</run_address>
         <size>0x114</size>
         <input_file_ref idref="fl-9"/>
      </object_component>
      <object_component id="oc-f9">
         <name>.debug_info</name>
         <load_address>0xd517</load_address>
         <run_address>0xd517</run_address>
         <size>0x1aef</size>
         <input_file_ref idref="fl-9"/>
      </object_component>
      <object_component id="oc-1bd">
         <name>.debug_info</name>
         <load_address>0xf006</load_address>
         <run_address>0xf006</run_address>
         <size>0x1ce</size>
         <input_file_ref idref="fl-9"/>
      </object_component>
      <object_component id="oc-87">
         <name>.debug_info</name>
         <load_address>0xf1d4</load_address>
         <run_address>0xf1d4</run_address>
         <size>0x3e2</size>
         <input_file_ref idref="fl-a"/>
      </object_component>
      <object_component id="oc-7a">
         <name>.debug_info</name>
         <load_address>0xf5b6</load_address>
         <run_address>0xf5b6</run_address>
         <size>0x11d</size>
         <input_file_ref idref="fl-a"/>
      </object_component>
      <object_component id="oc-84">
         <name>.debug_info</name>
         <load_address>0xf6d3</load_address>
         <run_address>0xf6d3</run_address>
         <size>0x104</size>
         <input_file_ref idref="fl-a"/>
      </object_component>
      <object_component id="oc-30">
         <name>.debug_info</name>
         <load_address>0xf7d7</load_address>
         <run_address>0xf7d7</run_address>
         <size>0x6b7</size>
         <input_file_ref idref="fl-a"/>
      </object_component>
      <object_component id="oc-2b">
         <name>.debug_info</name>
         <load_address>0xfe8e</load_address>
         <run_address>0xfe8e</run_address>
         <size>0x255</size>
         <input_file_ref idref="fl-b"/>
      </object_component>
      <object_component id="oc-1a4">
         <name>.debug_info</name>
         <load_address>0x100e3</load_address>
         <run_address>0x100e3</run_address>
         <size>0x3f1</size>
         <input_file_ref idref="fl-c"/>
      </object_component>
      <object_component id="oc-1a1">
         <name>.debug_info</name>
         <load_address>0x104d4</load_address>
         <run_address>0x104d4</run_address>
         <size>0xeb</size>
         <input_file_ref idref="fl-c"/>
      </object_component>
      <object_component id="oc-19b">
         <name>.debug_info</name>
         <load_address>0x105bf</load_address>
         <run_address>0x105bf</run_address>
         <size>0xeb</size>
         <input_file_ref idref="fl-c"/>
      </object_component>
      <object_component id="oc-19e">
         <name>.debug_info</name>
         <load_address>0x106aa</load_address>
         <run_address>0x106aa</run_address>
         <size>0xe7</size>
         <input_file_ref idref="fl-c"/>
      </object_component>
      <object_component id="oc-198">
         <name>.debug_info</name>
         <load_address>0x10791</load_address>
         <run_address>0x10791</run_address>
         <size>0x105</size>
         <input_file_ref idref="fl-c"/>
      </object_component>
      <object_component id="oc-e1">
         <name>.debug_info</name>
         <load_address>0x10896</load_address>
         <run_address>0x10896</run_address>
         <size>0x66e</size>
         <input_file_ref idref="fl-c"/>
      </object_component>
      <object_component id="oc-21a">
         <name>.debug_info</name>
         <load_address>0x10f04</load_address>
         <run_address>0x10f04</run_address>
         <size>0x62</size>
         <input_file_ref idref="fl-c"/>
      </object_component>
      <object_component id="oc-293">
         <name>.debug_info</name>
         <load_address>0x10f66</load_address>
         <run_address>0x10f66</run_address>
         <size>0x33d</size>
         <input_file_ref idref="fl-11"/>
      </object_component>
      <object_component id="oc-24d">
         <name>.debug_info</name>
         <load_address>0x112a3</load_address>
         <run_address>0x112a3</run_address>
         <size>0x380</size>
         <input_file_ref idref="fl-1a"/>
      </object_component>
      <object_component id="oc-239">
         <name>.debug_info</name>
         <load_address>0x11623</load_address>
         <run_address>0x11623</run_address>
         <size>0x101</size>
         <input_file_ref idref="fl-1a"/>
      </object_component>
      <object_component id="oc-23c">
         <name>.debug_info</name>
         <load_address>0x11724</load_address>
         <run_address>0x11724</run_address>
         <size>0x103</size>
         <input_file_ref idref="fl-1a"/>
      </object_component>
      <object_component id="oc-245">
         <name>.debug_info</name>
         <load_address>0x11827</load_address>
         <run_address>0x11827</run_address>
         <size>0xf5</size>
         <input_file_ref idref="fl-1a"/>
      </object_component>
      <object_component id="oc-1d4">
         <name>.debug_info</name>
         <load_address>0x1191c</load_address>
         <run_address>0x1191c</run_address>
         <size>0x3867</size>
         <input_file_ref idref="fl-1a"/>
      </object_component>
      <object_component id="oc-2ae">
         <name>.debug_info</name>
         <load_address>0x15183</load_address>
         <run_address>0x15183</run_address>
         <size>0x36d</size>
         <input_file_ref idref="fl-1d"/>
      </object_component>
      <object_component id="oc-29c">
         <name>.debug_info</name>
         <load_address>0x154f0</load_address>
         <run_address>0x154f0</run_address>
         <size>0xf0</size>
         <input_file_ref idref="fl-1d"/>
      </object_component>
      <object_component id="oc-29f">
         <name>.debug_info</name>
         <load_address>0x155e0</load_address>
         <run_address>0x155e0</run_address>
         <size>0xe8</size>
         <input_file_ref idref="fl-1d"/>
      </object_component>
      <object_component id="oc-2a2">
         <name>.debug_info</name>
         <load_address>0x156c8</load_address>
         <run_address>0x156c8</run_address>
         <size>0xec</size>
         <input_file_ref idref="fl-1d"/>
      </object_component>
      <object_component id="oc-2a5">
         <name>.debug_info</name>
         <load_address>0x157b4</load_address>
         <run_address>0x157b4</run_address>
         <size>0xf2</size>
         <input_file_ref idref="fl-1d"/>
      </object_component>
      <object_component id="oc-2a8">
         <name>.debug_info</name>
         <load_address>0x158a6</load_address>
         <run_address>0x158a6</run_address>
         <size>0xf0</size>
         <input_file_ref idref="fl-1d"/>
      </object_component>
      <object_component id="oc-2ab">
         <name>.debug_info</name>
         <load_address>0x15996</load_address>
         <run_address>0x15996</run_address>
         <size>0xf4</size>
         <input_file_ref idref="fl-1d"/>
      </object_component>
      <object_component id="oc-299">
         <name>.debug_info</name>
         <load_address>0x15a8a</load_address>
         <run_address>0x15a8a</run_address>
         <size>0xf1</size>
         <input_file_ref idref="fl-1d"/>
      </object_component>
      <object_component id="oc-23f">
         <name>.debug_info</name>
         <load_address>0x15b7b</load_address>
         <run_address>0x15b7b</run_address>
         <size>0xdb1</size>
         <input_file_ref idref="fl-1d"/>
      </object_component>
      <object_component id="oc-1da">
         <name>.debug_info</name>
         <load_address>0x1692c</load_address>
         <run_address>0x1692c</run_address>
         <size>0x358</size>
         <input_file_ref idref="fl-2d"/>
      </object_component>
      <object_component id="oc-134">
         <name>.debug_info</name>
         <load_address>0x16c84</load_address>
         <run_address>0x16c84</run_address>
         <size>0x504</size>
         <input_file_ref idref="fl-2d"/>
      </object_component>
      <object_component id="oc-1ed">
         <name>.debug_info</name>
         <load_address>0x17188</load_address>
         <run_address>0x17188</run_address>
         <size>0x2ca</size>
         <input_file_ref idref="fl-2e"/>
      </object_component>
      <object_component id="oc-1df">
         <name>.debug_info</name>
         <load_address>0x17452</load_address>
         <run_address>0x17452</run_address>
         <size>0xe2</size>
         <input_file_ref idref="fl-2e"/>
      </object_component>
      <object_component id="oc-1ea">
         <name>.debug_info</name>
         <load_address>0x17534</load_address>
         <run_address>0x17534</run_address>
         <size>0xdc</size>
         <input_file_ref idref="fl-2e"/>
      </object_component>
      <object_component id="oc-1e2">
         <name>.debug_info</name>
         <load_address>0x17610</load_address>
         <run_address>0x17610</run_address>
         <size>0xea</size>
         <input_file_ref idref="fl-2e"/>
      </object_component>
      <object_component id="oc-1dc">
         <name>.debug_info</name>
         <load_address>0x176fa</load_address>
         <run_address>0x176fa</run_address>
         <size>0xee</size>
         <input_file_ref idref="fl-2e"/>
      </object_component>
      <object_component id="oc-13a">
         <name>.debug_info</name>
         <load_address>0x177e8</load_address>
         <run_address>0x177e8</run_address>
         <size>0x7c2</size>
         <input_file_ref idref="fl-2e"/>
      </object_component>
      <object_component id="oc-1e5">
         <name>.debug_info</name>
         <load_address>0x17faa</load_address>
         <run_address>0x17faa</run_address>
         <size>0x13a</size>
         <input_file_ref idref="fl-e8"/>
      </object_component>
      <object_component id="oc-44">
         <name>.debug_info</name>
         <load_address>0x180e4</load_address>
         <run_address>0x180e4</run_address>
         <size>0x111</size>
         <input_file_ref idref="fl-e9"/>
      </object_component>
      <object_component id="oc-b9">
         <name>.debug_info</name>
         <load_address>0x181f5</load_address>
         <run_address>0x181f5</run_address>
         <size>0x13f</size>
         <input_file_ref idref="fl-ea"/>
      </object_component>
      <object_component id="oc-b7">
         <name>.debug_info</name>
         <load_address>0x18334</load_address>
         <run_address>0x18334</run_address>
         <size>0x313</size>
         <input_file_ref idref="fl-eb"/>
      </object_component>
      <object_component id="oc-58">
         <name>.debug_info</name>
         <load_address>0x18647</load_address>
         <run_address>0x18647</run_address>
         <size>0x1aa</size>
         <input_file_ref idref="fl-eb"/>
      </object_component>
      <object_component id="oc-b2">
         <name>.debug_info</name>
         <load_address>0x187f1</load_address>
         <run_address>0x187f1</run_address>
         <size>0x46</size>
         <input_file_ref idref="fl-eb"/>
      </object_component>
      <object_component id="oc-124">
         <name>.debug_info</name>
         <load_address>0x18837</load_address>
         <run_address>0x18837</run_address>
         <size>0x2c</size>
         <input_file_ref idref="fl-eb"/>
      </object_component>
      <object_component id="oc-4e">
         <name>.debug_info</name>
         <load_address>0x18863</load_address>
         <run_address>0x18863</run_address>
         <size>0x29d</size>
         <input_file_ref idref="fl-ec"/>
      </object_component>
      <object_component id="oc-1c">
         <name>.debug_info</name>
         <load_address>0x18b00</load_address>
         <run_address>0x18b00</run_address>
         <size>0x1df</size>
         <input_file_ref idref="fl-ec"/>
      </object_component>
      <object_component id="oc-49">
         <name>.debug_info</name>
         <load_address>0x18cdf</load_address>
         <run_address>0x18cdf</run_address>
         <size>0x46</size>
         <input_file_ref idref="fl-ec"/>
      </object_component>
      <object_component id="oc-aa">
         <name>.debug_info</name>
         <load_address>0x18d25</load_address>
         <run_address>0x18d25</run_address>
         <size>0x2c</size>
         <input_file_ref idref="fl-ec"/>
      </object_component>
      <object_component id="oc-a8">
         <name>.debug_info</name>
         <load_address>0x18d51</load_address>
         <run_address>0x18d51</run_address>
         <size>0x293</size>
         <input_file_ref idref="fl-ed"/>
      </object_component>
      <object_component id="oc-16">
         <name>.debug_info</name>
         <load_address>0x18fe4</load_address>
         <run_address>0x18fe4</run_address>
         <size>0x245</size>
         <input_file_ref idref="fl-ed"/>
      </object_component>
      <object_component id="oc-39">
         <name>.debug_info</name>
         <load_address>0x19229</load_address>
         <run_address>0x19229</run_address>
         <size>0x60</size>
         <input_file_ref idref="fl-ed"/>
      </object_component>
      <object_component id="oc-11d">
         <name>.debug_info</name>
         <load_address>0x19289</load_address>
         <run_address>0x19289</run_address>
         <size>0x46</size>
         <input_file_ref idref="fl-ed"/>
      </object_component>
      <object_component id="oc-a3">
         <name>.debug_info</name>
         <load_address>0x192cf</load_address>
         <run_address>0x192cf</run_address>
         <size>0x39</size>
         <input_file_ref idref="fl-ed"/>
      </object_component>
      <object_component id="oc-22">
         <name>.debug_info</name>
         <load_address>0x19308</load_address>
         <run_address>0x19308</run_address>
         <size>0x100</size>
         <input_file_ref idref="fl-ee"/>
      </object_component>
      <object_component id="oc-64">
         <name>.debug_info</name>
         <load_address>0x19408</load_address>
         <run_address>0x19408</run_address>
         <size>0x1a4</size>
         <input_file_ref idref="fl-ee"/>
      </object_component>
      <object_component id="oc-14e">
         <name>.debug_info</name>
         <load_address>0x195ac</load_address>
         <run_address>0x195ac</run_address>
         <size>0x117</size>
         <input_file_ref idref="fl-ef"/>
      </object_component>
      <object_component id="oc-257">
         <name>.debug_info</name>
         <load_address>0x196c3</load_address>
         <run_address>0x196c3</run_address>
         <size>0x10d</size>
         <input_file_ref idref="fl-f2"/>
      </object_component>
      <object_component id="oc-200">
         <name>.debug_info</name>
         <load_address>0x197d0</load_address>
         <run_address>0x197d0</run_address>
         <size>0x547</size>
         <input_file_ref idref="fl-f3"/>
      </object_component>
      <object_component id="oc-15a">
         <name>.debug_info</name>
         <load_address>0x19d17</load_address>
         <run_address>0x19d17</run_address>
         <size>0x19b</size>
         <input_file_ref idref="fl-f3"/>
      </object_component>
      <object_component id="oc-271">
         <name>.debug_info</name>
         <load_address>0x19eb2</load_address>
         <run_address>0x19eb2</run_address>
         <size>0x39</size>
         <input_file_ref idref="fl-f3"/>
      </object_component>
      <object_component id="oc-2b7">
         <name>.debug_info</name>
         <load_address>0x19eeb</load_address>
         <run_address>0x19eeb</run_address>
         <size>0x39</size>
         <input_file_ref idref="fl-f3"/>
      </object_component>
      <object_component id="oc-276">
         <name>.debug_info</name>
         <load_address>0x19f24</load_address>
         <run_address>0x19f24</run_address>
         <size>0x39</size>
         <input_file_ref idref="fl-f3"/>
      </object_component>
      <object_component id="oc-27b">
         <name>.debug_info</name>
         <load_address>0x19f5d</load_address>
         <run_address>0x19f5d</run_address>
         <size>0xcd</size>
         <input_file_ref idref="fl-f3"/>
      </object_component>
      <object_component id="oc-bf">
         <name>.debug_info</name>
         <load_address>0x1a02a</load_address>
         <run_address>0x1a02a</run_address>
         <size>0x148</size>
         <input_file_ref idref="fl-f4"/>
      </object_component>
      <object_component id="oc-301">
         <name>.debug_info</name>
         <load_address>0x1a172</load_address>
         <run_address>0x1a172</run_address>
         <size>0xa6</size>
      </object_component>
      <object_component id="oc-1c9">
         <name>.debug_line</name>
         <load_address>0x0</load_address>
         <run_address>0x0</run_address>
         <size>0x140</size>
         <input_file_ref idref="fl-2"/>
      </object_component>
      <object_component id="oc-1f4">
         <name>.debug_line</name>
         <load_address>0x140</load_address>
         <run_address>0x140</run_address>
         <size>0x2d</size>
         <input_file_ref idref="fl-2"/>
      </object_component>
      <object_component id="oc-c8">
         <name>.debug_line</name>
         <load_address>0x16d</load_address>
         <run_address>0x16d</run_address>
         <size>0x13a</size>
         <input_file_ref idref="fl-2"/>
      </object_component>
      <object_component id="oc-dc">
         <name>.debug_line</name>
         <load_address>0x2a7</load_address>
         <run_address>0x2a7</run_address>
         <size>0x6b</size>
         <input_file_ref idref="fl-2"/>
      </object_component>
      <object_component id="oc-9c">
         <name>.debug_line</name>
         <load_address>0x312</load_address>
         <run_address>0x312</run_address>
         <size>0x8c</size>
         <input_file_ref idref="fl-2"/>
      </object_component>
      <object_component id="oc-a1">
         <name>.debug_line</name>
         <load_address>0x39e</load_address>
         <run_address>0x39e</run_address>
         <size>0x6f</size>
         <input_file_ref idref="fl-2"/>
      </object_component>
      <object_component id="oc-116">
         <name>.debug_line</name>
         <load_address>0x40d</load_address>
         <run_address>0x40d</run_address>
         <size>0x20</size>
         <input_file_ref idref="fl-2"/>
      </object_component>
      <object_component id="oc-1cd">
         <name>.debug_line</name>
         <load_address>0x42d</load_address>
         <run_address>0x42d</run_address>
         <size>0x6c</size>
         <input_file_ref idref="fl-2"/>
      </object_component>
      <object_component id="oc-14b">
         <name>.debug_line</name>
         <load_address>0x499</load_address>
         <run_address>0x499</run_address>
         <size>0x6d</size>
         <input_file_ref idref="fl-2"/>
      </object_component>
      <object_component id="oc-8b">
         <name>.debug_line</name>
         <load_address>0x506</load_address>
         <run_address>0x506</run_address>
         <size>0x6f</size>
         <input_file_ref idref="fl-2"/>
      </object_component>
      <object_component id="oc-11b">
         <name>.debug_line</name>
         <load_address>0x575</load_address>
         <run_address>0x575</run_address>
         <size>0x90</size>
         <input_file_ref idref="fl-2"/>
      </object_component>
      <object_component id="oc-24b">
         <name>.debug_line</name>
         <load_address>0x605</load_address>
         <run_address>0x605</run_address>
         <size>0x8c</size>
         <input_file_ref idref="fl-2"/>
      </object_component>
      <object_component id="oc-97">
         <name>.debug_line</name>
         <load_address>0x691</load_address>
         <run_address>0x691</run_address>
         <size>0x8d</size>
         <input_file_ref idref="fl-2"/>
      </object_component>
      <object_component id="oc-90">
         <name>.debug_line</name>
         <load_address>0x71e</load_address>
         <run_address>0x71e</run_address>
         <size>0x7e</size>
         <input_file_ref idref="fl-2"/>
      </object_component>
      <object_component id="oc-1f1">
         <name>.debug_line</name>
         <load_address>0x79c</load_address>
         <run_address>0x79c</run_address>
         <size>0x88</size>
         <input_file_ref idref="fl-2"/>
      </object_component>
      <object_component id="oc-10f">
         <name>.debug_line</name>
         <load_address>0x824</load_address>
         <run_address>0x824</run_address>
         <size>0x6b</size>
         <input_file_ref idref="fl-2"/>
      </object_component>
      <object_component id="oc-93">
         <name>.debug_line</name>
         <load_address>0x88f</load_address>
         <run_address>0x88f</run_address>
         <size>0x42</size>
         <input_file_ref idref="fl-3"/>
      </object_component>
      <object_component id="oc-36">
         <name>.debug_line</name>
         <load_address>0x8d1</load_address>
         <run_address>0x8d1</run_address>
         <size>0x42</size>
         <input_file_ref idref="fl-3"/>
      </object_component>
      <object_component id="oc-28">
         <name>.debug_line</name>
         <load_address>0x913</load_address>
         <run_address>0x913</run_address>
         <size>0xa2</size>
         <input_file_ref idref="fl-3"/>
      </object_component>
      <object_component id="oc-41">
         <name>.debug_line</name>
         <load_address>0x9b5</load_address>
         <run_address>0x9b5</run_address>
         <size>0x20</size>
         <input_file_ref idref="fl-3"/>
      </object_component>
      <object_component id="oc-283">
         <name>.debug_line</name>
         <load_address>0x9d5</load_address>
         <run_address>0x9d5</run_address>
         <size>0x163</size>
         <input_file_ref idref="fl-5"/>
      </object_component>
      <object_component id="oc-195">
         <name>.debug_line</name>
         <load_address>0xb38</load_address>
         <run_address>0xb38</run_address>
         <size>0x88</size>
         <input_file_ref idref="fl-5"/>
      </object_component>
      <object_component id="oc-287">
         <name>.debug_line</name>
         <load_address>0xbc0</load_address>
         <run_address>0xbc0</run_address>
         <size>0x73</size>
         <input_file_ref idref="fl-5"/>
      </object_component>
      <object_component id="oc-28c">
         <name>.debug_line</name>
         <load_address>0xc33</load_address>
         <run_address>0xc33</run_address>
         <size>0x3e</size>
         <input_file_ref idref="fl-5"/>
      </object_component>
      <object_component id="oc-226">
         <name>.debug_line</name>
         <load_address>0xc71</load_address>
         <run_address>0xc71</run_address>
         <size>0x20</size>
         <input_file_ref idref="fl-6"/>
      </object_component>
      <object_component id="oc-ea">
         <name>.debug_line</name>
         <load_address>0xc91</load_address>
         <run_address>0xc91</run_address>
         <size>0xee</size>
         <input_file_ref idref="fl-6"/>
      </object_component>
      <object_component id="oc-232">
         <name>.debug_line</name>
         <load_address>0xd7f</load_address>
         <run_address>0xd7f</run_address>
         <size>0x17a</size>
         <input_file_ref idref="fl-7"/>
      </object_component>
      <object_component id="oc-131">
         <name>.debug_line</name>
         <load_address>0xef9</load_address>
         <run_address>0xef9</run_address>
         <size>0x7ce</size>
         <input_file_ref idref="fl-7"/>
      </object_component>
      <object_component id="oc-236">
         <name>.debug_line</name>
         <load_address>0x16c7</load_address>
         <run_address>0x16c7</run_address>
         <size>0x37</size>
         <input_file_ref idref="fl-7"/>
      </object_component>
      <object_component id="oc-18c">
         <name>.debug_line</name>
         <load_address>0x16fe</load_address>
         <run_address>0x16fe</run_address>
         <size>0x1cd</size>
         <input_file_ref idref="fl-8"/>
      </object_component>
      <object_component id="oc-d7">
         <name>.debug_line</name>
         <load_address>0x18cb</load_address>
         <run_address>0x18cb</run_address>
         <size>0x37</size>
         <input_file_ref idref="fl-8"/>
      </object_component>
      <object_component id="oc-1a8">
         <name>.debug_line</name>
         <load_address>0x1902</load_address>
         <run_address>0x1902</run_address>
         <size>0x37</size>
         <input_file_ref idref="fl-8"/>
      </object_component>
      <object_component id="oc-1c5">
         <name>.debug_line</name>
         <load_address>0x1939</load_address>
         <run_address>0x1939</run_address>
         <size>0x37</size>
         <input_file_ref idref="fl-8"/>
      </object_component>
      <object_component id="oc-1c7">
         <name>.debug_line</name>
         <load_address>0x1970</load_address>
         <run_address>0x1970</run_address>
         <size>0x37</size>
         <input_file_ref idref="fl-8"/>
      </object_component>
      <object_component id="oc-1ac">
         <name>.debug_line</name>
         <load_address>0x19a7</load_address>
         <run_address>0x19a7</run_address>
         <size>0x37</size>
         <input_file_ref idref="fl-8"/>
      </object_component>
      <object_component id="oc-1c3">
         <name>.debug_line</name>
         <load_address>0x19de</load_address>
         <run_address>0x19de</run_address>
         <size>0x37</size>
         <input_file_ref idref="fl-8"/>
      </object_component>
      <object_component id="oc-1aa">
         <name>.debug_line</name>
         <load_address>0x1a15</load_address>
         <run_address>0x1a15</run_address>
         <size>0x37</size>
         <input_file_ref idref="fl-8"/>
      </object_component>
      <object_component id="oc-1ae">
         <name>.debug_line</name>
         <load_address>0x1a4c</load_address>
         <run_address>0x1a4c</run_address>
         <size>0x37</size>
         <input_file_ref idref="fl-8"/>
      </object_component>
      <object_component id="oc-80">
         <name>.debug_line</name>
         <load_address>0x1a83</load_address>
         <run_address>0x1a83</run_address>
         <size>0xc79</size>
         <input_file_ref idref="fl-8"/>
      </object_component>
      <object_component id="oc-190">
         <name>.debug_line</name>
         <load_address>0x26fc</load_address>
         <run_address>0x26fc</run_address>
         <size>0x37</size>
         <input_file_ref idref="fl-8"/>
      </object_component>
      <object_component id="oc-230">
         <name>.debug_line</name>
         <load_address>0x2733</load_address>
         <run_address>0x2733</run_address>
         <size>0x1af</size>
         <input_file_ref idref="fl-9"/>
      </object_component>
      <object_component id="oc-22c">
         <name>.debug_line</name>
         <load_address>0x28e2</load_address>
         <run_address>0x28e2</run_address>
         <size>0x38</size>
         <input_file_ref idref="fl-9"/>
      </object_component>
      <object_component id="oc-22e">
         <name>.debug_line</name>
         <load_address>0x291a</load_address>
         <run_address>0x291a</run_address>
         <size>0x38</size>
         <input_file_ref idref="fl-9"/>
      </object_component>
      <object_component id="oc-22a">
         <name>.debug_line</name>
         <load_address>0x2952</load_address>
         <run_address>0x2952</run_address>
         <size>0x38</size>
         <input_file_ref idref="fl-9"/>
      </object_component>
      <object_component id="oc-228">
         <name>.debug_line</name>
         <load_address>0x298a</load_address>
         <run_address>0x298a</run_address>
         <size>0x38</size>
         <input_file_ref idref="fl-9"/>
      </object_component>
      <object_component id="oc-fc">
         <name>.debug_line</name>
         <load_address>0x29c2</load_address>
         <run_address>0x29c2</run_address>
         <size>0x410</size>
         <input_file_ref idref="fl-9"/>
      </object_component>
      <object_component id="oc-1c0">
         <name>.debug_line</name>
         <load_address>0x2dd2</load_address>
         <run_address>0x2dd2</run_address>
         <size>0x38</size>
         <input_file_ref idref="fl-9"/>
      </object_component>
      <object_component id="oc-10b">
         <name>.debug_line</name>
         <load_address>0x2e0a</load_address>
         <run_address>0x2e0a</run_address>
         <size>0x97</size>
         <input_file_ref idref="fl-a"/>
      </object_component>
      <object_component id="oc-df">
         <name>.debug_line</name>
         <load_address>0x2ea1</load_address>
         <run_address>0x2ea1</run_address>
         <size>0x4c</size>
         <input_file_ref idref="fl-a"/>
      </object_component>
      <object_component id="oc-109">
         <name>.debug_line</name>
         <load_address>0x2eed</load_address>
         <run_address>0x2eed</run_address>
         <size>0x4c</size>
         <input_file_ref idref="fl-a"/>
      </object_component>
      <object_component id="oc-33">
         <name>.debug_line</name>
         <load_address>0x2f39</load_address>
         <run_address>0x2f39</run_address>
         <size>0x145</size>
         <input_file_ref idref="fl-a"/>
      </object_component>
      <object_component id="oc-2e">
         <name>.debug_line</name>
         <load_address>0x307e</load_address>
         <run_address>0x307e</run_address>
         <size>0xe8</size>
         <input_file_ref idref="fl-b"/>
      </object_component>
      <object_component id="oc-224">
         <name>.debug_line</name>
         <load_address>0x3166</load_address>
         <run_address>0x3166</run_address>
         <size>0x6b</size>
         <input_file_ref idref="fl-c"/>
      </object_component>
      <object_component id="oc-222">
         <name>.debug_line</name>
         <load_address>0x31d1</load_address>
         <run_address>0x31d1</run_address>
         <size>0x49</size>
         <input_file_ref idref="fl-c"/>
      </object_component>
      <object_component id="oc-219">
         <name>.debug_line</name>
         <load_address>0x321a</load_address>
         <run_address>0x321a</run_address>
         <size>0x49</size>
         <input_file_ref idref="fl-c"/>
      </object_component>
      <object_component id="oc-220">
         <name>.debug_line</name>
         <load_address>0x3263</load_address>
         <run_address>0x3263</run_address>
         <size>0x49</size>
         <input_file_ref idref="fl-c"/>
      </object_component>
      <object_component id="oc-217">
         <name>.debug_line</name>
         <load_address>0x32ac</load_address>
         <run_address>0x32ac</run_address>
         <size>0x49</size>
         <input_file_ref idref="fl-c"/>
      </object_component>
      <object_component id="oc-e4">
         <name>.debug_line</name>
         <load_address>0x32f5</load_address>
         <run_address>0x32f5</run_address>
         <size>0x11c</size>
         <input_file_ref idref="fl-c"/>
      </object_component>
      <object_component id="oc-21d">
         <name>.debug_line</name>
         <load_address>0x3411</load_address>
         <run_address>0x3411</run_address>
         <size>0x49</size>
         <input_file_ref idref="fl-c"/>
      </object_component>
      <object_component id="oc-296">
         <name>.debug_line</name>
         <load_address>0x345a</load_address>
         <run_address>0x345a</run_address>
         <size>0xd9</size>
         <input_file_ref idref="fl-11"/>
      </object_component>
      <object_component id="oc-2b2">
         <name>.debug_line</name>
         <load_address>0x3533</load_address>
         <run_address>0x3533</run_address>
         <size>0xae</size>
         <input_file_ref idref="fl-1a"/>
      </object_component>
      <object_component id="oc-28f">
         <name>.debug_line</name>
         <load_address>0x35e1</load_address>
         <run_address>0x35e1</run_address>
         <size>0x37</size>
         <input_file_ref idref="fl-1a"/>
      </object_component>
      <object_component id="oc-291">
         <name>.debug_line</name>
         <load_address>0x3618</load_address>
         <run_address>0x3618</run_address>
         <size>0x37</size>
         <input_file_ref idref="fl-1a"/>
      </object_component>
      <object_component id="oc-2b0">
         <name>.debug_line</name>
         <load_address>0x364f</load_address>
         <run_address>0x364f</run_address>
         <size>0x37</size>
         <input_file_ref idref="fl-1a"/>
      </object_component>
      <object_component id="oc-1d7">
         <name>.debug_line</name>
         <load_address>0x3686</load_address>
         <run_address>0x3686</run_address>
         <size>0x68f</size>
         <input_file_ref idref="fl-1a"/>
      </object_component>
      <object_component id="oc-2d3">
         <name>.debug_line</name>
         <load_address>0x3d15</load_address>
         <run_address>0x3d15</run_address>
         <size>0xa8</size>
         <input_file_ref idref="fl-1d"/>
      </object_component>
      <object_component id="oc-2c7">
         <name>.debug_line</name>
         <load_address>0x3dbd</load_address>
         <run_address>0x3dbd</run_address>
         <size>0x3c</size>
         <input_file_ref idref="fl-1d"/>
      </object_component>
      <object_component id="oc-2c9">
         <name>.debug_line</name>
         <load_address>0x3df9</load_address>
         <run_address>0x3df9</run_address>
         <size>0x3c</size>
         <input_file_ref idref="fl-1d"/>
      </object_component>
      <object_component id="oc-2cb">
         <name>.debug_line</name>
         <load_address>0x3e35</load_address>
         <run_address>0x3e35</run_address>
         <size>0x3c</size>
         <input_file_ref idref="fl-1d"/>
      </object_component>
      <object_component id="oc-2cd">
         <name>.debug_line</name>
         <load_address>0x3e71</load_address>
         <run_address>0x3e71</run_address>
         <size>0x3c</size>
         <input_file_ref idref="fl-1d"/>
      </object_component>
      <object_component id="oc-2cf">
         <name>.debug_line</name>
         <load_address>0x3ead</load_address>
         <run_address>0x3ead</run_address>
         <size>0x3c</size>
         <input_file_ref idref="fl-1d"/>
      </object_component>
      <object_component id="oc-2d1">
         <name>.debug_line</name>
         <load_address>0x3ee9</load_address>
         <run_address>0x3ee9</run_address>
         <size>0x3c</size>
         <input_file_ref idref="fl-1d"/>
      </object_component>
      <object_component id="oc-2c5">
         <name>.debug_line</name>
         <load_address>0x3f25</load_address>
         <run_address>0x3f25</run_address>
         <size>0x3c</size>
         <input_file_ref idref="fl-1d"/>
      </object_component>
      <object_component id="oc-242">
         <name>.debug_line</name>
         <load_address>0x3f61</load_address>
         <run_address>0x3f61</run_address>
         <size>0x2fb</size>
         <input_file_ref idref="fl-1d"/>
      </object_component>
      <object_component id="oc-24f">
         <name>.debug_line</name>
         <load_address>0x425c</load_address>
         <run_address>0x425c</run_address>
         <size>0x64</size>
         <input_file_ref idref="fl-2d"/>
      </object_component>
      <object_component id="oc-137">
         <name>.debug_line</name>
         <load_address>0x42c0</load_address>
         <run_address>0x42c0</run_address>
         <size>0x109</size>
         <input_file_ref idref="fl-2d"/>
      </object_component>
      <object_component id="oc-260">
         <name>.debug_line</name>
         <load_address>0x43c9</load_address>
         <run_address>0x43c9</run_address>
         <size>0x65</size>
         <input_file_ref idref="fl-2e"/>
      </object_component>
      <object_component id="oc-253">
         <name>.debug_line</name>
         <load_address>0x442e</load_address>
         <run_address>0x442e</run_address>
         <size>0x38</size>
         <input_file_ref idref="fl-2e"/>
      </object_component>
      <object_component id="oc-25e">
         <name>.debug_line</name>
         <load_address>0x4466</load_address>
         <run_address>0x4466</run_address>
         <size>0x38</size>
         <input_file_ref idref="fl-2e"/>
      </object_component>
      <object_component id="oc-255">
         <name>.debug_line</name>
         <load_address>0x449e</load_address>
         <run_address>0x449e</run_address>
         <size>0x38</size>
         <input_file_ref idref="fl-2e"/>
      </object_component>
      <object_component id="oc-251">
         <name>.debug_line</name>
         <load_address>0x44d6</load_address>
         <run_address>0x44d6</run_address>
         <size>0x38</size>
         <input_file_ref idref="fl-2e"/>
      </object_component>
      <object_component id="oc-13d">
         <name>.debug_line</name>
         <load_address>0x450e</load_address>
         <run_address>0x450e</run_address>
         <size>0x2a6</size>
         <input_file_ref idref="fl-2e"/>
      </object_component>
      <object_component id="oc-1e8">
         <name>.debug_line</name>
         <load_address>0x47b4</load_address>
         <run_address>0x47b4</run_address>
         <size>0x5b</size>
         <input_file_ref idref="fl-e8"/>
      </object_component>
      <object_component id="oc-47">
         <name>.debug_line</name>
         <load_address>0x480f</load_address>
         <run_address>0x480f</run_address>
         <size>0x88</size>
         <input_file_ref idref="fl-e9"/>
[...]
         <value>0x3afd</value>
         <object_component_ref idref="oc-f8"/>
      </symbol>
      <symbol id="sm-459">
         <name>vTimerSetTimerID</name>
         <value>0x3b17</value>
         <object_component_ref idref="oc-f8"/>
      </symbol>
      <symbol id="sm-488">
         <name>ulMaxSyscallInterruptPriority</name>
         <value>0x5664</value>
         <object_component_ref idref="oc-79"/>
      </symbol>
      <symbol id="sm-489">
         <name>vPortSetupTimerInterrupt</name>
         <value>0x4e47</value>
         <object_component_ref idref="oc-2f"/>
      </symbol>
      <symbol id="sm-48a">
         <name>vPortEndScheduler</name>
         <value>0x4de9</value>
         <object_component_ref idref="oc-2f"/>
      </symbol>
      <symbol id="sm-48b">
         <name>xPortSysTickHandler</name>
         <value>0x4e21</value>
         <object_component_ref idref="oc-2f"/>
      </symbol>
      <symbol id="sm-48c">
         <name>pxPortInitialiseStack</name>
         <value>0x4d49</value>
         <object_component_ref idref="oc-2f"/>
      </symbol>
      <symbol id="sm-48d">
         <name>vPortExitCritical</name>
         <value>0x4e0b</value>
         <object_component_ref idref="oc-2f"/>
      </symbol>
      <symbol id="sm-48e">
         <name>xPortStartScheduler</name>
         <value>0x4db3</value>
         <object_component_ref idref="oc-2f"/>
      </symbol>
      <symbol id="sm-48f">
         <name>vPortEnterCritical</name>
         <value>0x4deb</value>
         <object_component_ref idref="oc-2f"/>
      </symbol>
      <symbol id="sm-49e">
         <name>vPortStartFirstTask</name>
         <value>0x5049</value>
         <object_component_ref idref="oc-2a"/>
      </symbol>
      <symbol id="sm-49f">
         <name>ulPortGetIPSR</name>
         <value>0x4fb1</value>
         <object_component_ref idref="oc-2a"/>
      </symbol>
      <symbol id="sm-4a0">
         <name>vPortEnableVFP</name>
         <value>0x5065</value>
         <object_component_ref idref="oc-2a"/>
      </symbol>
      <symbol id="sm-4a1">
         <name>xPortPendSVHandler</name>
         <value>0x4fc9</value>
         <object_component_ref idref="oc-2a"/>
      </symbol>
      <symbol id="sm-4a2">
         <name>vPortSVCHandler</name>
         <value>0x5029</value>
         <object_component_ref idref="oc-2a"/>
      </symbol>
      <symbol id="sm-4e9">
         <name>vPortInitialiseBlocks</name>
         <value>0x4ced</value>
         <object_component_ref idref="oc-e0"/>
      </symbol>
      <symbol id="sm-4ea">
         <name>xPortGetFreeHeapSize</name>
         <value>0x4ce7</value>
         <object_component_ref idref="oc-e0"/>
      </symbol>
      <symbol id="sm-4eb">
         <name>pvPortMalloc</name>
         <value>0x4b91</value>
         <object_component_ref idref="oc-e0"/>
      </symbol>
      <symbol id="sm-4ec">
         <name>vPortFree</name>
         <value>0x4c89</value>
         <object_component_ref idref="oc-e0"/>
      </symbol>
      <symbol id="sm-4ff">
         <name>CPUbasepriGet</name>
         <value>0x52a9</value>
         <object_component_ref idref="oc-292"/>
      </symbol>
      <symbol id="sm-500">
         <name>CPUbasepriSet</name>
         <value>0x529b</value>
         <object_component_ref idref="oc-292"/>
      </symbol>
      <symbol id="sm-501">
         <name>CPUprimask</name>
         <value>0x5281</value>
         <object_component_ref idref="oc-292"/>
      </symbol>
      <symbol id="sm-502">
         <name>CPUcpsie</name>
         <value>0x528b</value>
         <object_component_ref idref="oc-292"/>
      </symbol>
      <symbol id="sm-503">
         <name>CPUcpsid</name>
         <value>0x5275</value>
         <object_component_ref idref="oc-292"/>
      </symbol>
      <symbol id="sm-504">
         <name>CPUwfi</name>
         <value>0x5297</value>
         <object_component_ref idref="oc-292"/>
      </symbol>
      <symbol id="sm-61f">
         <name>GPIOPinTypePWM</name>
         <value>0x26ed</value>
         <object_component_ref idref="oc-1d3"/>
      </symbol>
      <symbol id="sm-620">
         <name>GPIOIntRegister</name>
         <value>0x22ef</value>
         <object_component_ref idref="oc-1d3"/>
      </symbol>
      <symbol id="sm-621">
         <name>GPIOPinConfigure</name>
         <value>0x29c3</value>
         <object_component_ref idref="oc-1d3"/>
      </symbol>
      <symbol id="sm-622">
         <name>GPIOPinTypeGPIOOutputOD</name>
         <value>0x256f</value>
         <object_component_ref idref="oc-1d3"/>
      </symbol>
      <symbol id="sm-623">
         <name>GPIOPinTypeI2CSCL</name>
         <value>0x25db</value>
         <object_component_ref idref="oc-1d3"/>
      </symbol>
      <symbol id="sm-624">
         <name>GPIOPinTypeUSBAnalog</name>
         <value>0x27fb</value>
         <object_component_ref idref="oc-1d3"/>
      </symbol>
      <symbol id="sm-625">
         <name>GPIOIntDisable</name>
         <value>0x2275</value>
         <object_component_ref idref="oc-1d3"/>
      </symbol>
      <symbol id="sm-626">
         <name>GPIODirModeGet</name>
         <value>0x1b95</value>
         <object_component_ref idref="oc-1d3"/>
      </symbol>
      <symbol id="sm-627">
         <name>GPIOPinTypeWakeHigh</name>
         <value>0x2867</value>
         <object_component_ref idref="oc-1d3"/>
      </symbol>
      <symbol id="sm-628">
         <name>GPIOPinTypeWakeLow</name>
         <value>0x289f</value>
         <object_component_ref idref="oc-1d3"/>
      </symbol>
      <symbol id="sm-629">
         <name>GPIOIntEnable</name>
         <value>0x224d</value>
         <object_component_ref idref="oc-1d3"/>
      </symbol>
      <symbol id="sm-62a">
         <name>GPIOPinTypeI2C</name>
         <value>0x25a5</value>
         <object_component_ref idref="oc-1d3"/>
      </symbol>
      <symbol id="sm-62b">
         <name>GPIOPinTypeUSBDigital</name>
         <value>0x2831</value>
         <object_component_ref idref="oc-1d3"/>
      </symbol>
      <symbol id="sm-62c">
         <name>GPIOIntTypeSet</name>
         <value>0x1c61</value>
         <object_component_ref idref="oc-1d3"/>
      </symbol>
      <symbol id="sm-62d">
         <name>GPIOPinTypeADC</name>
         <value>0x23bf</value>
         <object_component_ref idref="oc-1d3"/>
      </symbol>
      <symbol id="sm-62e">
         <name>GPIODMATriggerDisable</name>
         <value>0x2a75</value>
         <object_component_ref idref="oc-1d3"/>
      </symbol>
      <symbol id="sm-62f">
         <name>GPIOPinTypeKBColumn</name>
         <value>0x290d</value>
         <object_component_ref idref="oc-1d3"/>
      </symbol>
      <symbol id="sm-630">
         <name>GPIOPinTypeGPIOInput</name>
         <value>0x2503</value>
         <object_component_ref idref="oc-1d3"/>
      </symbol>
      <symbol id="sm-631">
         <name>GPIOPinTypeLEDSeq</name>
         <value>0x2943</value>
         <object_component_ref idref="oc-1d3"/>
      </symbol>
      <symbol id="sm-632">
         <name>GPIOPinTypeLPC</name>
         <value>0x2647</value>
         <object_component_ref idref="oc-1d3"/>
      </symbol>
      <symbol id="sm-633">
         <name>GPIOIntUnregister</name>
         <value>0x232d</value>
         <object_component_ref idref="oc-1d3"/>
      </symbol>
      <symbol id="sm-634">
         <name>GPIOPinTypeComparator</name>
         <value>0x242b</value>
         <object_component_ref idref="oc-1d3"/>
      </symbol>
      <symbol id="sm-635">
         <name>GPIOPadConfigGet</name>
         <value>0x20d5</value>
         <object_component_ref idref="oc-1d3"/>
      </symbol>
      <symbol id="sm-636">
         <name>GPIOPinTypeKBRow</name>
         <value>0x28d7</value>
         <object_component_ref idref="oc-1d3"/>
      </symbol>
      <symbol id="sm-637">
         <name>GPIOIntClear</name>
         <value>0x22cd</value>
         <object_component_ref idref="oc-1d3"/>
      </symbol>
      <symbol id="sm-638">
         <name>GPIOADCTriggerEnable</name>
         <value>0x2aa1</value>
         <object_component_ref idref="oc-1d3"/>
      </symbol>
      <symbol id="sm-639">
         <name>GPIOADCTriggerDisable</name>
         <value>0x2acd</value>
         <object_component_ref idref="oc-1d3"/>
      </symbol>
      <symbol id="sm-63a">
         <name>GPIOPinTypeUART</name>
         <value>0x27c5</value>
         <object_component_ref idref="oc-1d3"/>
      </symbol>
      <symbol id="sm-63b">
         <name>GPIOIntStatus</name>
         <value>0x229d</value>
         <object_component_ref idref="oc-1d3"/>
      </symbol>
      <symbol id="sm-63c">
         <name>GPIOPinTypeGPIOOutput</name>
         <value>0x2539</value>
         <object_component_ref idref="oc-1d3"/>
      </symbol>
      <symbol id="sm-63d">
         <name>GPIOIntTypeGet</name>
         <value>0x1d5d</value>
         <object_component_ref idref="oc-1d3"/>
      </symbol>
      <symbol id="sm-63e">
         <name>GPIOPinRead</name>
         <value>0x2367</value>
         <object_component_ref idref="oc-1d3"/>
      </symbol>
      <symbol id="sm-63f">
         <name>GPIODirModeSet</name>
         <value>0x1b11</value>
         <object_component_ref idref="oc-1d3"/>
      </symbol>
      <symbol id="sm-640">
         <name>GPIOPinTypeCIR</name>
         <value>0x297d</value>
         <object_component_ref idref="oc-1d3"/>
      </symbol>
      <symbol id="sm-641">
         <name>GPIOPinTypeQEI</name>
         <value>0x2723</value>
         <object_component_ref idref="oc-1d3"/>
      </symbol>
      <symbol id="sm-642">
         <name>GPIODMATriggerEnable</name>
         <value>0x2a49</value>
         <object_component_ref idref="oc-1d3"/>
      </symbol>
      <symbol id="sm-643">
         <name>GPIOPinTypeEthernetMII</name>
         <value>0x24cd</value>
         <object_component_ref idref="oc-1d3"/>
      </symbol>
      <symbol id="sm-644">
         <name>GPIOPinWrite</name>
         <value>0x2391</value>
         <object_component_ref idref="oc-1d3"/>
      </symbol>
      <symbol id="sm-645">
         <name>GPIOPadConfigSet</name>
         <value>0x1e1b</value>
         <object_component_ref idref="oc-1d3"/>
      </symbol>
      <symbol id="sm-646">
         <name>GPIOPinTypeLCD</name>
         <value>0x2611</value>
         <object_component_ref idref="oc-1d3"/>
      </symbol>
      <symbol id="sm-647">
         <name>GPIOPinTypeSSI</name>
         <value>0x2759</value>
         <object_component_ref idref="oc-1d3"/>
      </symbol>
      <symbol id="sm-648">
         <name>GPIOPinTypeTimer</name>
         <value>0x278f</value>
         <object_component_ref idref="oc-1d3"/>
      </symbol>
      <symbol id="sm-649">
         <name>GPIOPinTypeCAN</name>
         <value>0x23f5</value>
         <object_component_ref idref="oc-1d3"/>
      </symbol>
      <symbol id="sm-64a">
         <name>GPIOPinTypePECITx</name>
         <value>0x26b7</value>
         <object_component_ref idref="oc-1d3"/>
      </symbol>
      <symbol id="sm-64b">
         <name>GPIOPinTypePECIRx</name>
         <value>0x2681</value>
         <object_component_ref idref="oc-1d3"/>
      </symbol>
      <symbol id="sm-64c">
         <name>GPIOPinTypeEPI</name>
         <value>0x2461</value>
         <object_component_ref idref="oc-1d3"/>
      </symbol>
      <symbol id="sm-64d">
         <name>GPIOPinTypeEthernetLED</name>
         <value>0x2497</value>
         <object_component_ref idref="oc-1d3"/>
      </symbol>
      <symbol id="sm-64e">
         <name>GPIOPinWakeStatus</name>
         <value>0x29b3</value>
         <object_component_ref idref="oc-1d3"/>
      </symbol>
      <symbol id="sm-6e1">
         <name>IntPendClear</name>
         <value>0x4491</value>
         <object_component_ref idref="oc-23e"/>
      </symbol>
      <symbol id="sm-6e2">
         <name>IntPriorityGroupingGet</name>
         <value>0x4197</value>
         <object_component_ref idref="oc-23e"/>
      </symbol>
      <symbol id="sm-6e3">
         <name>IntPrioritySet</name>
         <value>0x41cf</value>
         <object_component_ref idref="oc-23e"/>
      </symbol>
      <symbol id="sm-6e4">
         <name>IntIsEnabled</name>
         <value>0x436d</value>
         <object_component_ref idref="oc-23e"/>
      </symbol>
      <symbol id="sm-6e5">
         <name>IntEnable</name>
         <value>0x4267</value>
         <object_component_ref idref="oc-23e"/>
      </symbol>
      <symbol id="sm-6e6">
         <name>IntTrigger</name>
         <value>0x44ff</value>
         <object_component_ref idref="oc-23e"/>
      </symbol>
      <symbol id="sm-6e7">
         <name>IntPriorityMaskSet</name>
         <value>0x44eb</value>
         <object_component_ref idref="oc-23e"/>
      </symbol>
      <symbol id="sm-6e8">
         <name>IntPriorityGroupingSet</name>
         <value>0x4171</value>
         <object_component_ref idref="oc-23e"/>
      </symbol>
      <symbol id="sm-6e9">
         <name>IntDisable</name>
         <value>0x42e5</value>
         <object_component_ref idref="oc-23e"/>
      </symbol>
      <symbol id="sm-6ea">
         <name>IntRegister</name>
         <value>0x40db</value>
         <object_component_ref idref="oc-23e"/>
      </symbol>
      <symbol id="sm-6eb">
         <name>IntPriorityGet</name>
         <value>0x4231</value>
         <object_component_ref idref="oc-23e"/>
      </symbol>
      <symbol id="sm-6ec">
         <name>IntMasterDisable</name>
         <value>0x40cb</value>
         <object_component_ref idref="oc-23e"/>
      </symbol>
      <symbol id="sm-6ed">
         <name>IntUnregister</name>
         <value>0x4151</value>
         <object_component_ref idref="oc-23e"/>
      </symbol>
      <symbol id="sm-6ee">
         <name>IntPriorityMaskGet</name>
         <value>0x44f7</value>
         <object_component_ref idref="oc-23e"/>
      </symbol>
      <symbol id="sm-6ef">
         <name>g_pfnRAMVectors</name>
         <value>0x20000000</value>
         <object_component_ref idref="oc-298"/>
      </symbol>
      <symbol id="sm-6f0">
         <name>IntMasterEnable</name>
         <value>0x40bb</value>
         <object_component_ref idref="oc-23e"/>
      </symbol>
      <symbol id="sm-6f1">
         <name>IntPendSet</name>
         <value>0x4421</value>
         <object_component_ref idref="oc-23e"/>
      </symbol>
      <symbol id="sm-739">
         <name>LEDWrite</name>
         <value>0x4a3f</value>
         <object_component_ref idref="oc-133"/>
      </symbol>
      <symbol id="sm-73a">
         <name>LEDRead</name>
         <value>0x4acf</value>
         <object_component_ref idref="oc-133"/>
      </symbol>
      <symbol id="sm-73b">
         <name>PinoutSet</name>
         <value>0x486d</value>
         <object_component_ref idref="oc-133"/>
      </symbol>
      <symbol id="sm-7b5">
         <name>UARTgetc</name>
         <value>0x3d29</value>
         <object_component_ref idref="oc-139"/>
      </symbol>
      <symbol id="sm-7b6">
         <name>UARTgets</name>
         <value>0x3c37</value>
         <object_component_ref idref="oc-139"/>
      </symbol>
      <symbol id="sm-7b7">
         <name>UARTStdioConfig</name>
         <value>0x3b4d</value>
         <object_component_ref idref="oc-139"/>
      </symbol>
      <symbol id="sm-7b8">
         <name>UARTwrite</name>
         <value>0x3bc7</value>
         <object_component_ref idref="oc-139"/>
      </symbol>
      <symbol id="sm-7b9">
         <name>UARTprintf</name>
         <value>0x4083</value>
         <object_component_ref idref="oc-139"/>
      </symbol>
      <symbol id="sm-7ba">
         <name>UARTvprintf</name>
         <value>0x3d5d</value>
         <object_component_ref idref="oc-139"/>
      </symbol>
      <symbol id="sm-7c9">
         <name>__aeabi_uidivmod</name>
         <value>0x5235</value>
         <object_component_ref idref="oc-1e4"/>
      </symbol>
      <symbol id="sm-7ca">
         <name>__aeabi_uidiv</name>
         <value>0x5235</value>
         <object_component_ref idref="oc-1e4"/>
      </symbol>
      <symbol id="sm-7e5">
         <name>memcpy</name>
         <value>0x5073</value>
         <object_component_ref idref="oc-43"/>
      </symbol>
      <symbol id="sm-7e6">
         <name>__aeabi_memcpy</name>
         <value>0x5073</value>
         <object_component_ref idref="oc-43"/>
      </symbol>
      <symbol id="sm-7e7">
         <name>__aeabi_memcpy8</name>
         <value>0x5073</value>
         <object_component_ref idref="oc-43"/>
      </symbol>
      <symbol id="sm-7e8">
         <name>__aeabi_memcpy4</name>
         <value>0x5073</value>
         <object_component_ref idref="oc-43"/>
      </symbol>
      <symbol id="sm-7f7">
         <name>__aeabi_memset</name>
         <value>0x5111</value>
         <object_component_ref idref="oc-b8"/>
      </symbol>
      <symbol id="sm-7f8">
         <name>memset</name>
         <value>0x5117</value>
         <object_component_ref idref="oc-b8"/>
      </symbol>
      <symbol id="sm-7f9">
         <name>__aeabi_memset8</name>
         <value>0x5111</value>
         <object_component_ref idref="oc-b8"/>
      </symbol>
      <symbol id="sm-7fa">
         <name>__aeabi_memset4</name>
         <value>0x5111</value>
         <object_component_ref idref="oc-b8"/>
      </symbol>
      <symbol id="sm-7fb">
         <name>__aeabi_memclr8</name>
         <value>0x510f</value>
         <object_component_ref idref="oc-b8"/>
      </symbol>
      <symbol id="sm-7fc">
         <name>__aeabi_memclr4</name>
         <value>0x510f</value>
         <object_component_ref idref="oc-b8"/>
      </symbol>
      <symbol id="sm-7fd">
         <name>__aeabi_memclr</name>
         <value>0x510f</value>
         <object_component_ref idref="oc-b8"/>
      </symbol>
      <symbol id="sm-814">
         <name>__TI_zero_init</name>
         <value>0x52fb</value>
         <object_component_ref idref="oc-55"/>
      </symbol>
      <symbol id="sm-82b">
         <name>__TI_decompress_none</name>
         <value>0x52ed</value>
         <object_component_ref idref="oc-18"/>
      </symbol>
      <symbol id="sm-84e">
         <name>__TI_decompress_lzss</name>
         <value>0x5189</value>
         <object_component_ref idref="oc-12"/>
      </symbol>
      <symbol id="sm-861">
         <name>__stack</name>
         <value>0x2000c720</value>
         <object_component_ref idref="oc-21"/>
      </symbol>
      <symbol id="sm-862">
         <name>_c_int00_noargs</name>
         <value>0x52b5</value>
         <object_component_ref idref="oc-61"/>
      </symbol>
      <symbol id="sm-86d">
         <name>C$$EXIT</name>
         <value>0x5317</value>
         <object_component_ref idref="oc-14d"/>
      </symbol>
      <symbol id="sm-86e">
         <name>abort</name>
         <value>0x5317</value>
         <object_component_ref idref="oc-14d"/>
      </symbol>
      <symbol id="sm-87a">
         <name>__aeabi_idiv0</name>
         <value>0x4f9f</value>
         <object_component_ref idref="oc-256"/>
      </symbol>
      <symbol id="sm-87b">
         <name>__aeabi_ldiv0</name>
         <value>0x4f9f</value>
         <object_component_ref idref="oc-256"/>
      </symbol>
      <symbol id="sm-8a3">
         <name>__TI_auto_init_nobinit_nopinit</name>
         <value>0x51f1</value>
         <object_component_ref idref="oc-159"/>
      </symbol>
      <symbol id="sm-8ad">
         <name>_system_pre_init</name>
         <value>0x5313</value>
         <object_component_ref idref="oc-be"/>
      </symbol>
      <symbol id="sm-8af">
         <name>__TI_static_base__</name>
         <value>0x0</value>
      </symbol>
      <symbol id="sm-8b2">
         <name>__mpu_init</name>
         <value>0x0</value>
      </symbol>
      <symbol id="sm-8b3">
         <name>_system_post_cinit</name>
         <value>0x0</value>
      </symbol>
   </symbol_table>
   <title>Link successful</title>
</link_info>
